bc66_cmd.c:167:9:BC66_Excute_AT_Cmd	32	static
bc66_cmd.c:213:9:BC66_Check_Time_Out	24	static
bc66_cmd.c:229:9:BC66_Check_AT_Response	24	static
bc66_cmd.c:243:6:BC66_Check_Reset	8	static
bc66_cmd.c:277:6:BC66_Reset	8	static
bc66_cmd.c:290:6:BC66_Power_On	8	static
bc66_cmd.c:312:6:BC66_Initialize_AT_Commands_Handler	16	static
bc66_cmd.c:425:9:BC66_Send_Data_TCP_IP	16	static
bc66_cmd.c:437:9:BC66_Check_Ready_To_Send_Data_TCP	8	static
bc66_cmd.c:450:9:BC66_Check_Send_Data_Success_TCP	24	static
bc66_cmd.c:464:6:BC66_Wait_Return_Wanted_Value_In_A_Interval	24	static
bc66_cmd.c:485:6:BC66_Handle_Reason_Close_TCP	16	static
bc66_cmd.c:499:6:BC66_Handler_TCP_Close_None_Err	8	static
bc66_cmd.c:509:6:BC66_Handler_TCP_Close_MQTT_Max_Open_Fail	8	static
bc66_cmd.c:520:6:BC66_Handler_TCP_Close_MQTT_Max_Pub_Fail	8	static
bc66_cmd.c:531:6:BC66_Handler_TCP_Close_TCP_Max_Open_Fail	8	static
bc66_cmd.c:541:6:BC66_Handler_TCP_Close_MQTT_Max_Ping_Fail	8	static
bc66_cmd.c:552:6:BC66_TCP_Close_Scan_And_Handler_Error	16	static
bc66_cmd.c:565:6:BC66_Check_MQTT_Receive	32	static
bc66_cmd.c:586:6:BC66_WakeUp_DeepSleep	8	static
