D:/Source_Tree_data/projects/NB_IoT/Update_OTA/upfirm_NB_IoT/Updata_OTA_NBIoT/MCU/HostClient/Host/BC66/Src/bc66_cmd.c:156:9:BC66_Excute_AT_Cmd	32	static
D:/Source_Tree_data/projects/NB_IoT/Update_OTA/upfirm_NB_IoT/Updata_OTA_NBIoT/MCU/HostClient/Host/BC66/Src/bc66_cmd.c:202:9:BC66_Check_Time_Out	24	static
D:/Source_Tree_data/projects/NB_IoT/Update_OTA/upfirm_NB_IoT/Updata_OTA_NBIoT/MCU/HostClient/Host/BC66/Src/bc66_cmd.c:218:9:BC66_Check_AT_Response	24	static
D:/Source_Tree_data/projects/NB_IoT/Update_OTA/upfirm_NB_IoT/Updata_OTA_NBIoT/MCU/HostClient/Host/BC66/Src/bc66_cmd.c:232:6:BC66_Check_Reset	8	static
D:/Source_Tree_data/projects/NB_IoT/Update_OTA/upfirm_NB_IoT/Updata_OTA_NBIoT/MCU/HostClient/Host/BC66/Src/bc66_cmd.c:266:6:BC66_Reset	8	static
D:/Source_Tree_data/projects/NB_IoT/Update_OTA/upfirm_NB_IoT/Updata_OTA_NBIoT/MCU/HostClient/Host/BC66/Src/bc66_cmd.c:279:6:BC66_Power_On	8	static
D:/Source_Tree_data/projects/NB_IoT/Update_OTA/upfirm_NB_IoT/Updata_OTA_NBIoT/MCU/HostClient/Host/BC66/Src/bc66_cmd.c:301:6:BC66_Initialize_AT_Commands_Handler	16	static
D:/Source_Tree_data/projects/NB_IoT/Update_OTA/upfirm_NB_IoT/Updata_OTA_NBIoT/MCU/HostClient/Host/BC66/Src/bc66_cmd.c:502:9:BC66_Send_Data_TCP_IP	16	static
D:/Source_Tree_data/projects/NB_IoT/Update_OTA/upfirm_NB_IoT/Updata_OTA_NBIoT/MCU/HostClient/Host/BC66/Src/bc66_cmd.c:514:9:BC66_Check_Ready_To_Send_Data_TCP	8	static
D:/Source_Tree_data/projects/NB_IoT/Update_OTA/upfirm_NB_IoT/Updata_OTA_NBIoT/MCU/HostClient/Host/BC66/Src/bc66_cmd.c:527:9:BC66_Check_Send_Data_Success_TCP	24	static
D:/Source_Tree_data/projects/NB_IoT/Update_OTA/upfirm_NB_IoT/Updata_OTA_NBIoT/MCU/HostClient/Host/BC66/Src/bc66_cmd.c:541:6:BC66_Wait_Return_Wanted_Value_In_A_Interval	24	static
D:/Source_Tree_data/projects/NB_IoT/Update_OTA/upfirm_NB_IoT/Updata_OTA_NBIoT/MCU/HostClient/Host/BC66/Src/bc66_cmd.c:562:6:BC66_Handle_Reason_Close_TCP	16	static
D:/Source_Tree_data/projects/NB_IoT/Update_OTA/upfirm_NB_IoT/Updata_OTA_NBIoT/MCU/HostClient/Host/BC66/Src/bc66_cmd.c:576:6:BC66_Handler_TCP_Close_None_Err	8	static
D:/Source_Tree_data/projects/NB_IoT/Update_OTA/upfirm_NB_IoT/Updata_OTA_NBIoT/MCU/HostClient/Host/BC66/Src/bc66_cmd.c:586:6:BC66_Handler_TCP_Close_MQTT_Max_Open_Fail	8	static
D:/Source_Tree_data/projects/NB_IoT/Update_OTA/upfirm_NB_IoT/Updata_OTA_NBIoT/MCU/HostClient/Host/BC66/Src/bc66_cmd.c:597:6:BC66_Handler_TCP_Close_MQTT_Max_Pub_Fail	8	static
D:/Source_Tree_data/projects/NB_IoT/Update_OTA/upfirm_NB_IoT/Updata_OTA_NBIoT/MCU/HostClient/Host/BC66/Src/bc66_cmd.c:608:6:BC66_Handler_TCP_Close_TCP_Max_Open_Fail	8	static
D:/Source_Tree_data/projects/NB_IoT/Update_OTA/upfirm_NB_IoT/Updata_OTA_NBIoT/MCU/HostClient/Host/BC66/Src/bc66_cmd.c:618:6:BC66_Handler_TCP_Close_MQTT_Max_Ping_Fail	8	static
D:/Source_Tree_data/projects/NB_IoT/Update_OTA/upfirm_NB_IoT/Updata_OTA_NBIoT/MCU/HostClient/Host/BC66/Src/bc66_cmd.c:629:6:BC66_TCP_Close_Scan_And_Handler_Error	16	static
D:/Source_Tree_data/projects/NB_IoT/Update_OTA/upfirm_NB_IoT/Updata_OTA_NBIoT/MCU/HostClient/Host/BC66/Src/bc66_cmd.c:643:9:BC66_Check_MQTT_Receive	232	static
D:/Source_Tree_data/projects/NB_IoT/Update_OTA/upfirm_NB_IoT/Updata_OTA_NBIoT/MCU/HostClient/Host/BC66/Src/bc66_cmd.c:669:6:BC66_WakeUp_DeepSleep	8	static
