bc66_cmd.c:155:9:BC66_Excute_AT_Cmd	32	static
bc66_cmd.c:201:9:BC66_Check_Time_Out	24	static
bc66_cmd.c:217:9:BC66_Check_AT_Response	24	static
bc66_cmd.c:231:6:BC66_Check_Reset	8	static
bc66_cmd.c:265:6:BC66_Reset	8	static
bc66_cmd.c:278:6:BC66_Power_On	8	static
bc66_cmd.c:300:6:BC66_Initialize_AT_Commands_Handler	16	static
bc66_cmd.c:416:9:BC66_Send_Data_TCP_IP	16	static
bc66_cmd.c:428:9:BC66_Check_Ready_To_Send_Data_TCP	8	static
bc66_cmd.c:441:9:BC66_Check_Send_Data_Success_TCP	24	static
bc66_cmd.c:455:6:BC66_Wait_Return_Wanted_Value_In_A_Interval	24	static
bc66_cmd.c:476:6:BC66_Handle_Reason_Close_TCP	16	static
bc66_cmd.c:490:6:BC66_Handler_TCP_Close_None_Err	8	static
bc66_cmd.c:500:6:BC66_Handler_TCP_Close_MQTT_Max_Open_Fail	8	static
bc66_cmd.c:511:6:BC66_Handler_TCP_Close_MQTT_Max_Pub_Fail	8	static
bc66_cmd.c:522:6:BC66_Handler_TCP_Close_TCP_Max_Open_Fail	8	static
bc66_cmd.c:532:6:BC66_Handler_TCP_Close_MQTT_Max_Ping_Fail	8	static
bc66_cmd.c:543:6:BC66_TCP_Close_Scan_And_Handler_Error	16	static
bc66_cmd.c:556:6:BC66_Check_MQTT_Receive	32	static
bc66_cmd.c:577:6:BC66_WakeUp_DeepSleep	8	static
