Archive member included to satisfy reference by file (symbol)

c:/st/stm32cubeide_1.6.1/stm32cubeide/plugins/com.st.stm32cube.ide.mcu.externaltools.gnu-tools-for-stm32.9-2020-q2-update.win32_1.5.0.202011040924/tools/bin/../lib/gcc/arm-none-eabi/9.3.1/../../../../arm-none-eabi/lib/thumb/v7e-m+fp/hard\libc_nano.a(lib_a-errno.o)
                              Core/Src/syscalls.o (__errno)
c:/st/stm32cubeide_1.6.1/stm32cubeide/plugins/com.st.stm32cube.ide.mcu.externaltools.gnu-tools-for-stm32.9-2020-q2-update.win32_1.5.0.202011040924/tools/bin/../lib/gcc/arm-none-eabi/9.3.1/../../../../arm-none-eabi/lib/thumb/v7e-m+fp/hard\libc_nano.a(lib_a-exit.o)
                              c:/st/stm32cubeide_1.6.1/stm32cubeide/plugins/com.st.stm32cube.ide.mcu.externaltools.gnu-tools-for-stm32.9-2020-q2-update.win32_1.5.0.202011040924/tools/bin/../lib/gcc/arm-none-eabi/9.3.1/../../../../arm-none-eabi/lib/thumb/v7e-m+fp/hard/crt0.o (exit)
c:/st/stm32cubeide_1.6.1/stm32cubeide/plugins/com.st.stm32cube.ide.mcu.externaltools.gnu-tools-for-stm32.9-2020-q2-update.win32_1.5.0.202011040924/tools/bin/../lib/gcc/arm-none-eabi/9.3.1/../../../../arm-none-eabi/lib/thumb/v7e-m+fp/hard\libc_nano.a(lib_a-impure.o)
                              c:/st/stm32cubeide_1.6.1/stm32cubeide/plugins/com.st.stm32cube.ide.mcu.externaltools.gnu-tools-for-stm32.9-2020-q2-update.win32_1.5.0.202011040924/tools/bin/../lib/gcc/arm-none-eabi/9.3.1/../../../../arm-none-eabi/lib/thumb/v7e-m+fp/hard\libc_nano.a(lib_a-exit.o) (_global_impure_ptr)
c:/st/stm32cubeide_1.6.1/stm32cubeide/plugins/com.st.stm32cube.ide.mcu.externaltools.gnu-tools-for-stm32.9-2020-q2-update.win32_1.5.0.202011040924/tools/bin/../lib/gcc/arm-none-eabi/9.3.1/../../../../arm-none-eabi/lib/thumb/v7e-m+fp/hard\libc_nano.a(lib_a-init.o)
                              c:/st/stm32cubeide_1.6.1/stm32cubeide/plugins/com.st.stm32cube.ide.mcu.externaltools.gnu-tools-for-stm32.9-2020-q2-update.win32_1.5.0.202011040924/tools/bin/../lib/gcc/arm-none-eabi/9.3.1/../../../../arm-none-eabi/lib/thumb/v7e-m+fp/hard/crt0.o (__libc_init_array)
c:/st/stm32cubeide_1.6.1/stm32cubeide/plugins/com.st.stm32cube.ide.mcu.externaltools.gnu-tools-for-stm32.9-2020-q2-update.win32_1.5.0.202011040924/tools/bin/../lib/gcc/arm-none-eabi/9.3.1/../../../../arm-none-eabi/lib/thumb/v7e-m+fp/hard\libc_nano.a(lib_a-memset.o)
                              c:/st/stm32cubeide_1.6.1/stm32cubeide/plugins/com.st.stm32cube.ide.mcu.externaltools.gnu-tools-for-stm32.9-2020-q2-update.win32_1.5.0.202011040924/tools/bin/../lib/gcc/arm-none-eabi/9.3.1/../../../../arm-none-eabi/lib/thumb/v7e-m+fp/hard/crt0.o (memset)
c:/st/stm32cubeide_1.6.1/stm32cubeide/plugins/com.st.stm32cube.ide.mcu.externaltools.gnu-tools-for-stm32.9-2020-q2-update.win32_1.5.0.202011040924/tools/bin/../lib/gcc/arm-none-eabi/9.3.1/../../../../arm-none-eabi/lib/thumb/v7e-m+fp/hard\libc_nano.a(lib_a-strstr.o)
                              applicattion/application.o (strstr)
c:/st/stm32cubeide_1.6.1/stm32cubeide/plugins/com.st.stm32cube.ide.mcu.externaltools.gnu-tools-for-stm32.9-2020-q2-update.win32_1.5.0.202011040924/tools/bin/../lib/gcc/arm-none-eabi/9.3.1/../../../../arm-none-eabi/lib/thumb/v7e-m+fp/hard\libc_nano.a(lib_a-strtol.o)
                              MyLib/mylib.o (strtol)
c:/st/stm32cubeide_1.6.1/stm32cubeide/plugins/com.st.stm32cube.ide.mcu.externaltools.gnu-tools-for-stm32.9-2020-q2-update.win32_1.5.0.202011040924/tools/bin/../lib/gcc/arm-none-eabi/9.3.1/../../../../arm-none-eabi/lib/thumb/v7e-m+fp/hard\libc_nano.a(lib_a-ctype_.o)
                              c:/st/stm32cubeide_1.6.1/stm32cubeide/plugins/com.st.stm32cube.ide.mcu.externaltools.gnu-tools-for-stm32.9-2020-q2-update.win32_1.5.0.202011040924/tools/bin/../lib/gcc/arm-none-eabi/9.3.1/../../../../arm-none-eabi/lib/thumb/v7e-m+fp/hard\libc_nano.a(lib_a-strtol.o) (_ctype_)
c:/st/stm32cubeide_1.6.1/stm32cubeide/plugins/com.st.stm32cube.ide.mcu.externaltools.gnu-tools-for-stm32.9-2020-q2-update.win32_1.5.0.202011040924/tools/bin/../lib/gcc/arm-none-eabi/9.3.1/thumb/v7e-m+fp/hard\libgcc.a(_aeabi_uldivmod.o)
                              Drivers/STM32F4xx_HAL_Driver/Src/stm32f4xx_hal_rcc.o (__aeabi_uldivmod)
c:/st/stm32cubeide_1.6.1/stm32cubeide/plugins/com.st.stm32cube.ide.mcu.externaltools.gnu-tools-for-stm32.9-2020-q2-update.win32_1.5.0.202011040924/tools/bin/../lib/gcc/arm-none-eabi/9.3.1/thumb/v7e-m+fp/hard\libgcc.a(_udivmoddi4.o)
                              c:/st/stm32cubeide_1.6.1/stm32cubeide/plugins/com.st.stm32cube.ide.mcu.externaltools.gnu-tools-for-stm32.9-2020-q2-update.win32_1.5.0.202011040924/tools/bin/../lib/gcc/arm-none-eabi/9.3.1/thumb/v7e-m+fp/hard\libgcc.a(_aeabi_uldivmod.o) (__udivmoddi4)
c:/st/stm32cubeide_1.6.1/stm32cubeide/plugins/com.st.stm32cube.ide.mcu.externaltools.gnu-tools-for-stm32.9-2020-q2-update.win32_1.5.0.202011040924/tools/bin/../lib/gcc/arm-none-eabi/9.3.1/thumb/v7e-m+fp/hard\libgcc.a(_dvmd_tls.o)
[...]
Memory Configuration

Name             Origin             Length             Attributes
CCMRAM           0x0000000010000000 0x0000000000010000 xrw
RAM              0x0000000020000000 0x0000000000020000 xrw
FLASH            0x0000000008000000 0x0000000000008000 xr
*default*        0x0000000000000000 0xffffffffffffffff

Linker script and memory map

LOAD c:/st/stm32cubeide_1.6.1/stm32cubeide/plugins/com.st.stm32cube.ide.mcu.externaltools.gnu-tools-for-stm32.9-2020-q2-update.win32_1.5.0.202011040924/tools/bin/../lib/gcc/arm-none-eabi/9.3.1/thumb/v7e-m+fp/hard/crti.o
LOAD c:/st/stm32cubeide_1.6.1/stm32cubeide/plugins/com.st.stm32cube.ide.mcu.externaltools.gnu-tools-for-stm32.9-2020-q2-update.win32_1.5.0.202011040924/tools/bin/../lib/gcc/arm-none-eabi/9.3.1/thumb/v7e-m+fp/hard/crtbegin.o
LOAD c:/st/stm32cubeide_1.6.1/stm32cubeide/plugins/com.st.stm32cube.ide.mcu.externaltools.gnu-tools-for-stm32.9-2020-q2-update.win32_1.5.0.202011040924/tools/bin/../lib/gcc/arm-none-eabi/9.3.1/../../../../arm-none-eabi/lib/thumb/v7e-m+fp/hard/crt0.o
LOAD Core/Src/gpio.o
LOAD Core/Src/main.o
LOAD Core/Src/stm32f4xx_hal_msp.o
LOAD Core/Src/stm32f4xx_it.o
LOAD Core/Src/syscalls.o
LOAD Core/Src/sysmem.o
LOAD Core/Src/system_stm32f4xx.o
LOAD Core/Src/usart.o
LOAD Core/Startup/startup_stm32f407vgtx.o
LOAD Drivers/STM32F4xx_HAL_Driver/Src/stm32f4xx_hal.o
LOAD Drivers/STM32F4xx_HAL_Driver/Src/stm32f4xx_hal_cortex.o
LOAD Drivers/STM32F4xx_HAL_Driver/Src/stm32f4xx_hal_dma.o
LOAD Drivers/STM32F4xx_HAL_Driver/Src/stm32f4xx_hal_dma_ex.o
LOAD Drivers/STM32F4xx_HAL_Driver/Src/stm32f4xx_hal_exti.o
LOAD Drivers/STM32F4xx_HAL_Driver/Src/stm32f4xx_hal_flash.o
LOAD Drivers/STM32F4xx_HAL_Driver/Src/stm32f4xx_hal_flash_ex.o
LOAD Drivers/STM32F4xx_HAL_Driver/Src/stm32f4xx_hal_flash_ramfunc.o
LOAD Drivers/STM32F4xx_HAL_Driver/Src/stm32f4xx_hal_gpio.o
LOAD Drivers/STM32F4xx_HAL_Driver/Src/stm32f4xx_hal_pwr.o
LOAD Drivers/STM32F4xx_HAL_Driver/Src/stm32f4xx_hal_pwr_ex.o
LOAD Drivers/STM32F4xx_HAL_Driver/Src/stm32f4xx_hal_rcc.o
LOAD Drivers/STM32F4xx_HAL_Driver/Src/stm32f4xx_hal_rcc_ex.o
LOAD Drivers/STM32F4xx_HAL_Driver/Src/stm32f4xx_hal_tim.o
LOAD Drivers/STM32F4xx_HAL_Driver/Src/stm32f4xx_hal_tim_ex.o
LOAD Drivers/STM32F4xx_HAL_Driver/Src/stm32f4xx_hal_uart.o
LOAD EventDrive/EventDrive.o
LOAD MyLib/mylib.o
LOAD applicattion/application.o
LOAD myGPIO/myGPIO.o
LOAD myUART/MyUART.o
LOAD queue_VHP/queue_p.o
START GROUP
LOAD c:/st/stm32cubeide_1.6.1/stm32cubeide/plugins/com.st.stm32cube.ide.mcu.externaltools.gnu-tools-for-stm32.9-2020-q2-update.win32_1.5.0.202011040924/tools/bin/../lib/gcc/arm-none-eabi/9.3.1/../../../../arm-none-eabi/lib/thumb/v7e-m+fp/hard\libc_nano.a
LOAD c:/st/stm32cubeide_1.6.1/stm32cubeide/plugins/com.st.stm32cube.ide.mcu.externaltools.gnu-tools-for-stm32.9-2020-q2-update.win32_1.5.0.202011040924/tools/bin/../lib/gcc/arm-none-eabi/9.3.1/../../../../arm-none-eabi/lib/thumb/v7e-m+fp/hard\libm.a
END GROUP
START GROUP
LOAD c:/st/stm32cubeide_1.6.1/stm32cubeide/plugins/com.st.stm32cube.ide.mcu.externaltools.gnu-tools-for-stm32.9-2020-q2-update.win32_1.5.0.202011040924/tools/bin/../lib/gcc/arm-none-eabi/9.3.1/thumb/v7e-m+fp/hard\libgcc.a
LOAD c:/st/stm32cubeide_1.6.1/stm32cubeide/plugins/com.st.stm32cube.ide.mcu.externaltools.gnu-tools-for-stm32.9-2020-q2-update.win32_1.5.0.202011040924/tools/bin/../lib/gcc/arm-none-eabi/9.3.1/../../../../arm-none-eabi/lib/thumb/v7e-m+fp/hard\libc_nano.a
END GROUP
START GROUP
LOAD c:/st/stm32cubeide_1.6.1/stm32cubeide/plugins/com.st.stm32cube.ide.mcu.externaltools.gnu-tools-for-stm32.9-2020-q2-update.win32_1.5.0.202011040924/tools/bin/../lib/gcc/arm-none-eabi/9.3.1/thumb/v7e-m+fp/hard\libgcc.a
LOAD c:/st/stm32cubeide_1.6.1/stm32cubeide/plugins/com.st.stm32cube.ide.mcu.externaltools.gnu-tools-for-stm32.9-2020-q2-update.win32_1.5.0.202011040924/tools/bin/../lib/gcc/arm-none-eabi/9.3.1/../../../../arm-none-eabi/lib/thumb/v7e-m+fp/hard\libc_nano.a
LOAD c:/st/stm32cubeide_1.6.1/stm32cubeide/plugins/com.st.stm32cube.ide.mcu.externaltools.gnu-tools-for-stm32.9-2020-q2-update.win32_1.5.0.202011040924/tools/bin/../lib/gcc/arm-none-eabi/9.3.1/../../../../arm-none-eabi/lib/thumb/v7e-m+fp/hard\libnosys.a
END GROUP
START GROUP
LOAD c:/st/stm32cubeide_1.6.1/stm32cubeide/plugins/com.st.stm32cube.ide.mcu.externaltools.gnu-tools-for-stm32.9-2020-q2-update.win32_1.5.0.202011040924/tools/bin/../lib/gcc/arm-none-eabi/9.3.1/thumb/v7e-m+fp/hard\libgcc.a
LOAD c:/st/stm32cubeide_1.6.1/stm32cubeide/plugins/com.st.stm32cube.ide.mcu.externaltools.gnu-tools-for-stm32.9-2020-q2-update.win32_1.5.0.202011040924/tools/bin/../lib/gcc/arm-none-eabi/9.3.1/../../../../arm-none-eabi/lib/thumb/v7e-m+fp/hard\libc_nano.a
LOAD c:/st/stm32cubeide_1.6.1/stm32cubeide/plugins/com.st.stm32cube.ide.mcu.externaltools.gnu-tools-for-stm32.9-2020-q2-update.win32_1.5.0.202011040924/tools/bin/../lib/gcc/arm-none-eabi/9.3.1/../../../../arm-none-eabi/lib/thumb/v7e-m+fp/hard\libnosys.a
END GROUP
LOAD c:/st/stm32cubeide_1.6.1/stm32cubeide/plugins/com.st.stm32cube.ide.mcu.externaltools.gnu-tools-for-stm32.9-2020-q2-update.win32_1.5.0.202011040924/tools/bin/../lib/gcc/arm-none-eabi/9.3.1/thumb/v7e-m+fp/hard/crtend.o
LOAD c:/st/stm32cubeide_1.6.1/stm32cubeide/plugins/com.st.stm32cube.ide.mcu.externaltools.gnu-tools-for-stm32.9-2020-q2-update.win32_1.5.0.202011040924/tools/bin/../lib/gcc/arm-none-eabi/9.3.1/thumb/v7e-m+fp/hard/crtn.o
                0x0000000020020000                _estack = (ORIGIN (RAM) + LENGTH (RAM))
                0x0000000000000200                _Min_Heap_Size = 0x200
                0x0000000000000400                _Min_Stack_Size = 0x400

.isr_vector     0x0000000008000000      0x188
                0x0000000008000000                . = ALIGN (0x4)
 *(.isr_vector)
 .isr_vector    0x0000000008000000      0x188 Core/Startup/startup_stm32f407vgtx.o
                0x0000000008000000                g_pfnVectors
                0x0000000008000188                . = ALIGN (0x4)

.text           0x0000000008000188     0x3730
                0x0000000008000188                . = ALIGN (0x4)
 *(.text)
 .text          0x0000000008000188       0x40 c:/st/stm32cubeide_1.6.1/stm32cubeide/plugins/com.st.stm32cube.ide.mcu.externaltools.gnu-tools-for-stm32.9-2020-q2-update.win32_1.5.0.202011040924/tools/bin/../lib/gcc/arm-none-eabi/9.3.1/thumb/v7e-m+fp/hard/crtbegin.o
 .text          0x00000000080001c8       0x30 c:/st/stm32cubeide_1.6.1/stm32cubeide/plugins/com.st.stm32cube.ide.mcu.externaltools.gnu-tools-for-stm32.9-2020-q2-update.win32_1.5.0.202011040924/tools/bin/../lib/gcc/arm-none-eabi/9.3.1/thumb/v7e-m+fp/hard\libgcc.a(_aeabi_uldivmod.o)
                0x00000000080001c8                __aeabi_uldivmod
 .text          0x00000000080001f8      0x2c4 c:/st/stm32cubeide_1.6.1/stm32cubeide/plugins/com.st.stm32cube.ide.mcu.externaltools.gnu-tools-for-stm32.9-2020-q2-update.win32_1.5.0.202011040924/tools/bin/../lib/gcc/arm-none-eabi/9.3.1/thumb/v7e-m+fp/hard\libgcc.a(_udivmoddi4.o)
                0x00000000080001f8                __udivmoddi4
 .text          0x00000000080004bc        0x4 c:/st/stm32cubeide_1.6.1/stm32cubeide/plugins/com.st.stm32cube.ide.mcu.externaltools.gnu-tools-for-stm32.9-2020-q2-update.win32_1.5.0.202011040924/tools/bin/../lib/gcc/arm-none-eabi/9.3.1/thumb/v7e-m+fp/hard\libgcc.a(_dvmd_tls.o)
                0x00000000080004bc                __aeabi_idiv0
                0x00000000080004bc                __aeabi_ldiv0
 *(.text*)
 .text.MX_GPIO_Init
                0x00000000080004c0       0xd4 Core/Src/gpio.o
                0x00000000080004c0                MX_GPIO_Init
 .text.main     0x0000000008000594       0x58 Core/Src/main.o
                0x0000000008000594                main
 .text.SystemClock_Config
                0x00000000080005ec       0xbc Core/Src/main.o
                0x00000000080005ec                SystemClock_Config
 .text.Error_Handler
                0x00000000080006a8        0xa Core/Src/main.o
                0x00000000080006a8                Error_Handler
 *fill*         0x00000000080006b2        0x2 
 .text.HAL_MspInit
                0x00000000080006b4       0x50 Core/Src/stm32f4xx_hal_msp.o
                0x00000000080006b4                HAL_MspInit
 .text.NMI_Handler
                0x0000000008000704        0x6 Core/Src/stm32f4xx_it.o
                0x0000000008000704                NMI_Handler
 .text.HardFault_Handler
                0x000000000800070a        0x6 Core/Src/stm32f4xx_it.o
                0x000000000800070a                HardFault_Handler
 .text.MemManage_Handler
                0x0000000008000710        0x6 Core/Src/stm32f4xx_it.o
                0x0000000008000710                MemManage_Handler
 .text.BusFault_Handler
                0x0000000008000716        0x6 Core/Src/stm32f4xx_it.o
                0x0000000008000716                BusFault_Handler
 .text.UsageFault_Handler
                0x000000000800071c        0x6 Core/Src/stm32f4xx_it.o
                0x000000000800071c                UsageFault_Handler
 .text.SVC_Handler
                0x0000000008000722        0xe Core/Src/stm32f4xx_it.o
                0x0000000008000722                SVC_Handler
 .text.DebugMon_Handler
                0x0000000008000730        0xe Core/Src/stm32f4xx_it.o
                0x0000000008000730                DebugMon_Handler
 .text.PendSV_Handler
                0x000000000800073e        0xe Core/Src/stm32f4xx_it.o
                0x000000000800073e                PendSV_Handler
 .text.SysTick_Handler
                0x000000000800074c       0x5c Core/Src/stm32f4xx_it.o
                0x000000000800074c                SysTick_Handler
 .text.EXTI0_IRQHandler
                0x00000000080007a8        0xe Core/Src/stm32f4xx_it.o
                0x00000000080007a8                EXTI0_IRQHandler
 *fill*         0x00000000080007b6        0x2 
 .text.UART5_IRQHandler
                0x00000000080007b8       0x14 Core/Src/stm32f4xx_it.o
                0x00000000080007b8                UART5_IRQHandler
 .text.SystemInit
                0x00000000080007cc       0x24 Core/Src/system_stm32f4xx.o
                0x00000000080007cc                SystemInit
 .text.MX_UART4_Init
                0x00000000080007f0       0x54 Core/Src/usart.o
                0x00000000080007f0                MX_UART4_Init
 .text.MX_UART5_Init
                0x0000000008000844       0x54 Core/Src/usart.o
                0x0000000008000844                MX_UART5_Init
 .text.HAL_UART_MspInit
                0x0000000008000898      0x18c Core/Src/usart.o
                0x0000000008000898                HAL_UART_MspInit
 .text.Reset_Handler
                0x0000000008000a24       0x50 Core/Startup/startup_stm32f407vgtx.o
                0x0000000008000a24                Reset_Handler
 .text.Default_Handler
                0x0000000008000a74        0x2 Core/Startup/startup_stm32f407vgtx.o
                0x0000000008000a74                RTC_Alarm_IRQHandler
                0x0000000008000a74                HASH_RNG_IRQHandler
                0x0000000008000a74                EXTI2_IRQHandler
                0x0000000008000a74                TIM8_CC_IRQHandler
                0x0000000008000a74                TIM1_CC_IRQHandler
                0x0000000008000a74                DMA2_Stream5_IRQHandler
                0x0000000008000a74                DMA1_Stream5_IRQHandler
                0x0000000008000a74                PVD_IRQHandler
                0x0000000008000a74                SDIO_IRQHandler
                0x0000000008000a74                TAMP_STAMP_IRQHandler
                0x0000000008000a74                CAN2_RX1_IRQHandler
                0x0000000008000a74                EXTI3_IRQHandler
                0x0000000008000a74                TIM8_TRG_COM_TIM14_IRQHandler
                0x0000000008000a74                TIM1_UP_TIM10_IRQHandler
                0x0000000008000a74                TIM8_UP_TIM13_IRQHandler
                0x0000000008000a74                I2C3_ER_IRQHandler
                0x0000000008000a74                I2C2_EV_IRQHandler
                0x0000000008000a74                DMA1_Stream2_IRQHandler
                0x0000000008000a74                CAN1_RX0_IRQHandler
                0x0000000008000a74                FPU_IRQHandler
                0x0000000008000a74                OTG_HS_WKUP_IRQHandler
                0x0000000008000a74                CAN2_SCE_IRQHandler
                0x0000000008000a74                DMA2_Stream2_IRQHandler
                0x0000000008000a74                SPI1_IRQHandler
                0x0000000008000a74                TIM6_DAC_IRQHandler
                0x0000000008000a74                TIM1_BRK_TIM9_IRQHandler
                0x0000000008000a74                DCMI_IRQHandler
                0x0000000008000a74                CAN2_RX0_IRQHandler
                0x0000000008000a74                DMA2_Stream3_IRQHandler
                0x0000000008000a74                USART6_IRQHandler
                0x0000000008000a74                USART3_IRQHandler
                0x0000000008000a74                CAN1_RX1_IRQHandler
                0x0000000008000a74                DMA2_Stream0_IRQHandler
                0x0000000008000a74                TIM4_IRQHandler
                0x0000000008000a74                I2C1_EV_IRQHandler
                0x0000000008000a74                DMA1_Stream6_IRQHandler
                0x0000000008000a74                DMA1_Stream1_IRQHandler
                0x0000000008000a74                UART4_IRQHandler
                0x0000000008000a74                TIM3_IRQHandler
                0x0000000008000a74                RCC_IRQHandler
                0x0000000008000a74                TIM8_BRK_TIM12_IRQHandler
                0x0000000008000a74                Default_Handler
                0x0000000008000a74                EXTI15_10_IRQHandler
                0x0000000008000a74                ADC_IRQHandler
                0x0000000008000a74                DMA1_Stream7_IRQHandler
                0x0000000008000a74                TIM7_IRQHandler
                0x0000000008000a74                CAN2_TX_IRQHandler
                0x0000000008000a74                TIM5_IRQHandler
                0x0000000008000a74                DMA2_Stream7_IRQHandler
                0x0000000008000a74                I2C3_EV_IRQHandler
                0x0000000008000a74                EXTI9_5_IRQHandler
                0x0000000008000a74                RTC_WKUP_IRQHandler
                0x0000000008000a74                ETH_WKUP_IRQHandler
                0x0000000008000a74                SPI2_IRQHandler
                0x0000000008000a74                OTG_HS_EP1_IN_IRQHandler
                0x0000000008000a74                DMA1_Stream0_IRQHandler
                0x0000000008000a74                CAN1_TX_IRQHandler
                0x0000000008000a74                EXTI4_IRQHandler
                0x0000000008000a74                FSMC_IRQHandler
                0x0000000008000a74                ETH_IRQHandler
                0x0000000008000a74                OTG_HS_EP1_OUT_IRQHandler
                0x0000000008000a74                WWDG_IRQHandler
                0x0000000008000a74                TIM2_IRQHandler
                0x0000000008000a74                OTG_FS_WKUP_IRQHandler
                0x0000000008000a74                TIM1_TRG_COM_TIM11_IRQHandler
                0x0000000008000a74                OTG_HS_IRQHandler
                0x0000000008000a74                EXTI1_IRQHandler
                0x0000000008000a74                USART2_IRQHandler
                0x0000000008000a74                I2C2_ER_IRQHandler
                0x0000000008000a74                DMA2_Stream1_IRQHandler
                0x0000000008000a74                CAN1_SCE_IRQHandler
                0x0000000008000a74                FLASH_IRQHandler
                0x0000000008000a74                DMA2_Stream4_IRQHandler
                0x0000000008000a74                USART1_IRQHandler
                0x0000000008000a74                OTG_FS_IRQHandler
                0x0000000008000a74                SPI3_IRQHandler
                0x0000000008000a74                DMA1_Stream4_IRQHandler
                0x0000000008000a74                I2C1_ER_IRQHandler
                0x0000000008000a74                DMA2_Stream6_IRQHandler
                0x0000000008000a74                DMA1_Stream3_IRQHandler
 *fill*         0x0000000008000a76        0x2 
 .text.HAL_Init
                0x0000000008000a78       0x44 Drivers/STM32F4xx_HAL_Driver/Src/stm32f4xx_hal.o
                0x0000000008000a78                HAL_Init
 .text.HAL_DeInit
                0x0000000008000abc       0x58 Drivers/STM32F4xx_HAL_Driver/Src/stm32f4xx_hal.o
                0x0000000008000abc                HAL_DeInit
 .text.HAL_MspDeInit
                0x0000000008000b14        0xe Drivers/STM32F4xx_HAL_Driver/Src/stm32f4xx_hal.o
                0x0000000008000b14                HAL_MspDeInit
 *fill*         0x0000000008000b22        0x2 
 .text.HAL_InitTick
                0x0000000008000b24       0x60 Drivers/STM32F4xx_HAL_Driver/Src/stm32f4xx_hal.o
                0x0000000008000b24                HAL_InitTick
 .text.HAL_IncTick
                0x0000000008000b84       0x28 Drivers/STM32F4xx_HAL_Driver/Src/stm32f4xx_hal.o
                0x0000000008000b84                HAL_IncTick
 .text.HAL_GetTick
                0x0000000008000bac       0x18 Drivers/STM32F4xx_HAL_Driver/Src/stm32f4xx_hal.o
                0x0000000008000bac                HAL_GetTick
 .text.HAL_Delay
                0x0000000008000bc4       0x48 Drivers/STM32F4xx_HAL_Driver/Src/stm32f4xx_hal.o
                0x0000000008000bc4                HAL_Delay
 .text.__NVIC_SetPriorityGrouping
                0x0000000008000c0c       0x48 Drivers/STM32F4xx_HAL_Driver/Src/stm32f4xx_hal_cortex.o
 .text.__NVIC_GetPriorityGrouping
                0x0000000008000c54       0x1c Drivers/STM32F4xx_HAL_Driver/Src/stm32f4xx_hal_cortex.o
 .text.__NVIC_EnableIRQ
                0x0000000008000c70       0x3c Drivers/STM32F4xx_HAL_Driver/Src/stm32f4xx_hal_cortex.o
 .text.__NVIC_SetPriority
                0x0000000008000cac       0x54 Drivers/STM32F4xx_HAL_Driver/Src/stm32f4xx_hal_cortex.o
 .text.NVIC_EncodePriority
                0x0000000008000d00       0x66 Drivers/STM32F4xx_HAL_Driver/Src/stm32f4xx_hal_cortex.o
 *fill*         0x0000000008000d66        0x2 
 .text.__NVIC_SystemReset
                0x0000000008000d68       0x2c Drivers/STM32F4xx_HAL_Driver/Src/stm32f4xx_hal_cortex.o
 .text.SysTick_Config
                0x0000000008000d94       0x44 Drivers/STM32F4xx_HAL_Driver/Src/stm32f4xx_hal_cortex.o
 .text.HAL_NVIC_SetPriorityGrouping
                0x0000000008000dd8       0x16 Drivers/STM32F4xx_HAL_Driver/Src/stm32f4xx_hal_cortex.o
                0x0000000008000dd8                HAL_NVIC_SetPriorityGrouping
 .text.HAL_NVIC_SetPriority
                0x0000000008000dee       0x38 Drivers/STM32F4xx_HAL_Driver/Src/stm32f4xx_hal_cortex.o
                0x0000000008000dee                HAL_NVIC_SetPriority
 .text.HAL_NVIC_EnableIRQ
                0x0000000008000e26       0x1c Drivers/STM32F4xx_HAL_Driver/Src/stm32f4xx_hal_cortex.o
                0x0000000008000e26                HAL_NVIC_EnableIRQ
 .text.HAL_NVIC_SystemReset
                0x0000000008000e42        0x8 Drivers/STM32F4xx_HAL_Driver/Src/stm32f4xx_hal_cortex.o
                0x0000000008000e42                HAL_NVIC_SystemReset
 .text.HAL_SYSTICK_Config
                0x0000000008000e4a       0x18 Drivers/STM32F4xx_HAL_Driver/Src/stm32f4xx_hal_cortex.o
                0x0000000008000e4a                HAL_SYSTICK_Config
 .text.HAL_DMA_Abort
                0x0000000008000e62       0xe0 Drivers/STM32F4xx_HAL_Driver/Src/stm32f4xx_hal_dma.o
                0x0000000008000e62                HAL_DMA_Abort
 .text.HAL_DMA_Abort_IT
                0x0000000008000f42       0x44 Drivers/STM32F4xx_HAL_Driver/Src/stm32f4xx_hal_dma.o
                0x0000000008000f42                HAL_DMA_Abort_IT
 *fill*         0x0000000008000f86        0x2 
 .text.HAL_FLASH_Program
                0x0000000008000f88       0xa8 Drivers/STM32F4xx_HAL_Driver/Src/stm32f4xx_hal_flash.o
                0x0000000008000f88                HAL_FLASH_Program
 .text.HAL_FLASH_Unlock
                0x0000000008001030       0x44 Drivers/STM32F4xx_HAL_Driver/Src/stm32f4xx_hal_flash.o
                0x0000000008001030                HAL_FLASH_Unlock
 .text.HAL_FLASH_Lock
                0x0000000008001074       0x20 Drivers/STM32F4xx_HAL_Driver/Src/stm32f4xx_hal_flash.o
                0x0000000008001074                HAL_FLASH_Lock
 .text.FLASH_WaitForLastOperation
                0x0000000008001094       0x80 Drivers/STM32F4xx_HAL_Driver/Src/stm32f4xx_hal_flash.o
                0x0000000008001094                FLASH_WaitForLastOperation
 .text.FLASH_Program_DoubleWord
                0x0000000008001114       0x64 Drivers/STM32F4xx_HAL_Driver/Src/stm32f4xx_hal_flash.o
 .text.FLASH_Program_Word
                0x0000000008001178       0x44 Drivers/STM32F4xx_HAL_Driver/Src/stm32f4xx_hal_flash.o
 .text.FLASH_Program_HalfWord
                0x00000000080011bc       0x48 Drivers/STM32F4xx_HAL_Driver/Src/stm32f4xx_hal_flash.o
 .text.FLASH_Program_Byte
                0x0000000008001204       0x44 Drivers/STM32F4xx_HAL_Driver/Src/stm32f4xx_hal_flash.o
 .text.FLASH_SetErrorCode
                0x0000000008001248       0xac Drivers/STM32F4xx_HAL_Driver/Src/stm32f4xx_hal_flash.o
 .text.HAL_FLASHEx_Erase
                0x00000000080012f4       0xe0 Drivers/STM32F4xx_HAL_Driver/Src/stm32f4xx_hal_flash_ex.o
                0x00000000080012f4                HAL_FLASHEx_Erase
 .text.FLASH_MassErase
                0x00000000080013d4       0x48 Drivers/STM32F4xx_HAL_Driver/Src/stm32f4xx_hal_flash_ex.o
 .text.FLASH_Erase_Sector
                0x000000000800141c       0x90 Drivers/STM32F4xx_HAL_Driver/Src/stm32f4xx_hal_flash_ex.o
                0x000000000800141c                FLASH_Erase_Sector
 .text.FLASH_FlushCaches
                0x00000000080014ac       0x8c Drivers/STM32F4xx_HAL_Driver/Src/stm32f4xx_hal_flash_ex.o
                0x00000000080014ac                FLASH_FlushCaches
 .text.HAL_GPIO_Init
                0x0000000008001538      0x338 Drivers/STM32F4xx_HAL_Driver/Src/stm32f4xx_hal_gpio.o
                0x0000000008001538                HAL_GPIO_Init
 .text.HAL_GPIO_WritePin
                0x0000000008001870       0x32 Drivers/STM32F4xx_HAL_Driver/Src/stm32f4xx_hal_gpio.o
                0x0000000008001870                HAL_GPIO_WritePin
 .text.HAL_GPIO_TogglePin
                0x00000000080018a2       0x34 Drivers/STM32F4xx_HAL_Driver/Src/stm32f4xx_hal_gpio.o
                0x00000000080018a2                HAL_GPIO_TogglePin
 *fill*         0x00000000080018d6        0x2 
 .text.HAL_GPIO_EXTI_IRQHandler
                0x00000000080018d8       0x30 Drivers/STM32F4xx_HAL_Driver/Src/stm32f4xx_hal_gpio.o
                0x00000000080018d8                HAL_GPIO_EXTI_IRQHandler
 .text.HAL_RCC_OscConfig
                0x0000000008001908      0x4f0 Drivers/STM32F4xx_HAL_Driver/Src/stm32f4xx_hal_rcc.o
                0x0000000008001908                HAL_RCC_OscConfig
 .text.HAL_RCC_ClockConfig
                0x0000000008001df8      0x1cc Drivers/STM32F4xx_HAL_Driver/Src/stm32f4xx_hal_rcc.o
                0x0000000008001df8                HAL_RCC_ClockConfig
 .text.HAL_RCC_GetSysClockFreq
                0x0000000008001fc4      0x16c Drivers/STM32F4xx_HAL_Driver/Src/stm32f4xx_hal_rcc.o
                0x0000000008001fc4                HAL_RCC_GetSysClockFreq
 .text.HAL_RCC_GetHCLKFreq
                0x0000000008002130       0x18 Drivers/STM32F4xx_HAL_Driver/Src/stm32f4xx_hal_rcc.o
                0x0000000008002130                HAL_RCC_GetHCLKFreq
 .text.HAL_RCC_GetPCLK1Freq
                0x0000000008002148       0x28 Drivers/STM32F4xx_HAL_Driver/Src/stm32f4xx_hal_rcc.o
                0x0000000008002148                HAL_RCC_GetPCLK1Freq
 .text.HAL_RCC_GetPCLK2Freq
                0x0000000008002170       0x28 Drivers/STM32F4xx_HAL_Driver/Src/stm32f4xx_hal_rcc.o
                0x0000000008002170                HAL_RCC_GetPCLK2Freq
 .text.HAL_UART_Init
                0x0000000008002198       0x9a Drivers/STM32F4xx_HAL_Driver/Src/stm32f4xx_hal_uart.o
                0x0000000008002198                HAL_UART_Init
 .text.HAL_UART_Transmit
                0x0000000008002232      0x124 Drivers/STM32F4xx_HAL_Driver/Src/stm32f4xx_hal_uart.o
                0x0000000008002232                HAL_UART_Transmit
 .text.HAL_UART_Receive_IT
                0x0000000008002356       0x60 Drivers/STM32F4xx_HAL_Driver/Src/stm32f4xx_hal_uart.o
                0x0000000008002356                HAL_UART_Receive_IT
 *fill*         0x00000000080023b6        0x2 
 .text.HAL_UART_IRQHandler
                0x00000000080023b8      0x51c Drivers/STM32F4xx_HAL_Driver/Src/stm32f4xx_hal_uart.o
                0x00000000080023b8                HAL_UART_IRQHandler
 .text.HAL_UART_TxCpltCallback
                0x00000000080028d4       0x14 Drivers/STM32F4xx_HAL_Driver/Src/stm32f4xx_hal_uart.o
                0x00000000080028d4                HAL_UART_TxCpltCallback
 .text.HAL_UART_ErrorCallback
                0x00000000080028e8       0x14 Drivers/STM32F4xx_HAL_Driver/Src/stm32f4xx_hal_uart.o
                0x00000000080028e8                HAL_UART_ErrorCallback
 .text.HAL_UARTEx_RxEventCallback
                0x00000000080028fc       0x18 Drivers/STM32F4xx_HAL_Driver/Src/stm32f4xx_hal_uart.o
                0x00000000080028fc                HAL_UARTEx_RxEventCallback
 .text.UART_WaitOnFlagUntilTimeout
                0x0000000008002914       0xdc Drivers/STM32F4xx_HAL_Driver/Src/stm32f4xx_hal_uart.o
 .text.UART_Start_Receive_IT
                0x00000000080029f0       0x74 Drivers/STM32F4xx_HAL_Driver/Src/stm32f4xx_hal_uart.o
                0x00000000080029f0                UART_Start_Receive_IT
 .text.UART_EndRxTransfer
                0x0000000008002a64       0xc6 Drivers/STM32F4xx_HAL_Driver/Src/stm32f4xx_hal_uart.o
 .text.UART_DMAAbortOnError
                0x0000000008002b2a       0x28 Drivers/STM32F4xx_HAL_Driver/Src/stm32f4xx_hal_uart.o
 .text.UART_Transmit_IT
                0x0000000008002b52       0xa0 Drivers/STM32F4xx_HAL_Driver/Src/stm32f4xx_hal_uart.o
 .text.UART_EndTransmit_IT
                0x0000000008002bf2       0x30 Drivers/STM32F4xx_HAL_Driver/Src/stm32f4xx_hal_uart.o
 .text.UART_Receive_IT
                0x0000000008002c22      0x176 Drivers/STM32F4xx_HAL_Driver/Src/stm32f4xx_hal_uart.o
 .text.UART_SetConfig
                0x0000000008002d98      0x390 Drivers/STM32F4xx_HAL_Driver/Src/stm32f4xx_hal_uart.o
 .text.Convert_Hex_to_Int2
                0x0000000008003128      0x11c MyLib/mylib.o
                0x0000000008003128                Convert_Hex_to_Int2
 .text.ApplicationBoot_Hanlde_Event
                0x0000000008003244       0xc0 applicattion/application.o
                0x0000000008003244                ApplicationBoot_Hanlde_Event
 .text.ApplicationBoot_Push_Event_to_Queue
                0x0000000008003304       0x2a applicattion/application.o
                0x0000000008003304                ApplicationBoot_Push_Event_to_Queue
 .text.ApplicationBoot_Get_Event_from_Queue
                0x000000000800332e       0x32 applicattion/application.o
                0x000000000800332e                ApplicationBoot_Get_Event_from_Queue
 .text.HAL_GPIO_EXTI_Callback
                0x0000000008003360       0x20 applicattion/application.o
                0x0000000008003360                HAL_GPIO_EXTI_Callback
 .text.ApplicationBoot_Check_Receive_DataLoad_Done
                0x0000000008003380       0x40 applicattion/application.o
                0x0000000008003380                ApplicationBoot_Check_Receive_DataLoad_Done
 .text.ApplicationBoot_Initial
                0x00000000080033c0       0x1c applicattion/application.o
                0x00000000080033c0                ApplicationBoot_Initial
 .text.ApplicationBoot_BootStart_Hanlde
                0x00000000080033dc       0x2c applicattion/application.o
                0x00000000080033dc                ApplicationBoot_BootStart_Hanlde
 .text.ApplicationBoot_UART_CheckReceive
                0x0000000008003408       0xc8 applicattion/application.o
                0x0000000008003408                ApplicationBoot_UART_CheckReceive
 .text.ApplicationBoot_Flash_Program
                0x00000000080034d0       0x38 applicattion/application.o
                0x00000000080034d0                ApplicationBoot_Flash_Program
 .text.ApplicationBoot_Jumpto_ApplicationProgram
                0x0000000008003508       0x74 applicattion/application.o
                0x0000000008003508                ApplicationBoot_Jumpto_ApplicationProgram
 .text.ApplicationBoot_EraseFlash_ApplicationProgram
                0x000000000800357c       0x28 applicattion/application.o
                0x000000000800357c                ApplicationBoot_EraseFlash_ApplicationProgram
 .text.GPIO_Led_BootStart_Notify
                0x00000000080035a4       0x44 myGPIO/myGPIO.o
                0x00000000080035a4                GPIO_Led_BootStart_Notify
 .text.GPIO_Led_Initial
                0x00000000080035e8       0x38 myGPIO/myGPIO.o
                0x00000000080035e8                GPIO_Led_Initial
 .text.UART_Additional_Init
                0x0000000008003620       0x1c myUART/MyUART.o
                0x0000000008003620                UART_Additional_Init
 .text.HAL_UART_RxCpltCallback
                0x000000000800363c       0x48 myUART/MyUART.o
                0x000000000800363c                HAL_UART_RxCpltCallback
 .text.UART_Reset_Data
                0x0000000008003684       0x6c myUART/MyUART.o
                0x0000000008003684                UART_Reset_Data
 .text.UART_Send_ACK
                0x00000000080036f0       0x18 myUART/MyUART.o
                0x00000000080036f0                UART_Send_ACK
 .text.UART_Transmit_Data
                0x0000000008003708       0x44 myUART/MyUART.o
                0x0000000008003708                UART_Transmit_Data
 .text.Q_push_data_to_queue
                0x000000000800374c       0x60 queue_VHP/queue_p.o
                0x000000000800374c                Q_push_data_to_queue
 .text.Q_get_data_from_queue
                0x00000000080037ac       0x6a queue_VHP/queue_p.o
                0x00000000080037ac                Q_get_data_from_queue
 *fill*         0x0000000008003816        0x2 
 .text.__libc_init_array
                0x0000000008003818       0x48 c:/st/stm32cubeide_1.6.1/stm32cubeide/plugins/com.st.stm32cube.ide.mcu.externaltools.gnu-tools-for-stm32.9-2020-q2-update.win32_1.5.0.202011040924/tools/bin/../lib/gcc/arm-none-eabi/9.3.1/../../../../arm-none-eabi/lib/thumb/v7e-m+fp/hard\libc_nano.a(lib_a-init.o)
                0x0000000008003818                __libc_init_array
 .text.memset   0x0000000008003860       0x10 c:/st/stm32cubeide_1.6.1/stm32cubeide/plugins/com.st.stm32cube.ide.mcu.externaltools.gnu-tools-for-stm32.9-2020-q2-update.win32_1.5.0.202011040924/tools/bin/../lib/gcc/arm-none-eabi/9.3.1/../../../../arm-none-eabi/lib/thumb/v7e-m+fp/hard\libc_nano.a(lib_a-memset.o)
                0x0000000008003860                memset
 .text.strstr   0x0000000008003870       0x2e c:/st/stm32cubeide_1.6.1/stm32cubeide/plugins/com.st.stm32cube.ide.mcu.externaltools.gnu-tools-for-stm32.9-2020-q2-update.win32_1.5.0.202011040924/tools/bin/../lib/gcc/arm-none-eabi/9.3.1/../../../../arm-none-eabi/lib/thumb/v7e-m+fp/hard\libc_nano.a(lib_a-strstr.o)
                0x0000000008003870                strstr
 *(.glue_7)
 .glue_7        0x000000000800389e        0x0 linker stubs
 *(.glue_7t)
 .glue_7t       0x000000000800389e        0x0 linker stubs
 *(.eh_frame)
 *fill*         0x000000000800389e        0x2 
 .eh_frame      0x00000000080038a0        0x0 c:/st/stm32cubeide_1.6.1/stm32cubeide/plugins/com.st.stm32cube.ide.mcu.externaltools.gnu-tools-for-stm32.9-2020-q2-update.win32_1.5.0.202011040924/tools/bin/../lib/gcc/arm-none-eabi/9.3.1/thumb/v7e-m+fp/hard/crtbegin.o
 *(.init)
 .init          0x00000000080038a0        0x4 c:/st/stm32cubeide_1.6.1/stm32cubeide/plugins/com.st.stm32cube.ide.mcu.externaltools.gnu-tools-for-stm32.9-2020-q2-update.win32_1.5.0.202011040924/tools/bin/../lib/gcc/arm-none-eabi/9.3.1/thumb/v7e-m+fp/hard/crti.o
                0x00000000080038a0                _init
 .init          0x00000000080038a4        0x8 c:/st/stm32cubeide_1.6.1/stm32cubeide/plugins/com.st.stm32cube.ide.mcu.externaltools.gnu-tools-for-stm32.9-2020-q2-update.win32_1.5.0.202011040924/tools/bin/../lib/gcc/arm-none-eabi/9.3.1/thumb/v7e-m+fp/hard/crtn.o
 *(.fini)
 .fini          0x00000000080038ac        0x4 c:/st/stm32cubeide_1.6.1/stm32cubeide/plugins/com.st.stm32cube.ide.mcu.externaltools.gnu-tools-for-stm32.9-2020-q2-update.win32_1.5.0.202011040924/tools/bin/../lib/gcc/arm-none-eabi/9.3.1/thumb/v7e-m+fp/hard/crti.o
                0x00000000080038ac                _fini
 .fini          0x00000000080038b0        0x8 c:/st/stm32cubeide_1.6.1/stm32cubeide/plugins/com.st.stm32cube.ide.mcu.externaltools.gnu-tools-for-stm32.9-2020-q2-update.win32_1.5.0.202011040924/tools/bin/../lib/gcc/arm-none-eabi/9.3.1/thumb/v7e-m+fp/hard/crtn.o
                0x00000000080038b8                . = ALIGN (0x4)
                0x00000000080038b8                _etext = .

.vfp11_veneer   0x00000000080038b8        0x0
 .vfp11_veneer  0x00000000080038b8        0x0 linker stubs

.v4_bx          0x00000000080038b8        0x0
 .v4_bx         0x00000000080038b8        0x0 linker stubs

.iplt           0x00000000080038b8        0x0
 .iplt          0x00000000080038b8        0x0 c:/st/stm32cubeide_1.6.1/stm32cubeide/plugins/com.st.stm32cube.ide.mcu.externaltools.gnu-tools-for-stm32.9-2020-q2-update.win32_1.5.0.202011040924/tools/bin/../lib/gcc/arm-none-eabi/9.3.1/thumb/v7e-m+fp/hard/crtbegin.o

.rodata         0x00000000080038b8       0x64
                0x00000000080038b8                . = ALIGN (0x4)
 *(.rodata)
 .rodata        0x00000000080038b8        0xa Core/Src/main.o
 *fill*         0x00000000080038c2        0x2 
 .rodata        0x00000000080038c4       0x36 MyLib/mylib.o
 *fill*         0x00000000080038fa        0x2 
 .rodata        0x00000000080038fc        0x7 applicattion/application.o
 *(.rodata*)
 *fill*         0x0000000008003903        0x1 
 .rodata.AHBPrescTable
                0x0000000008003904       0x10 Core/Src/system_stm32f4xx.o
                0x0000000008003904                AHBPrescTable
 .rodata.APBPrescTable
                0x0000000008003914        0x8 Core/Src/system_stm32f4xx.o
                0x0000000008003914                APBPrescTable
                0x000000000800391c                . = ALIGN (0x4)

.ARM.extab      0x000000000800391c        0x0
                0x000000000800391c                . = ALIGN (0x4)
 *(.ARM.extab* .gnu.linkonce.armextab.*)
                0x000000000800391c                . = ALIGN (0x4)

.ARM            0x000000000800391c        0x8
                0x000000000800391c                . = ALIGN (0x4)
                0x000000000800391c                __exidx_start = .
 *(.ARM.exidx*)
 .ARM.exidx     0x000000000800391c        0x8 c:/st/stm32cubeide_1.6.1/stm32cubeide/plugins/com.st.stm32cube.ide.mcu.externaltools.gnu-tools-for-stm32.9-2020-q2-update.win32_1.5.0.202011040924/tools/bin/../lib/gcc/arm-none-eabi/9.3.1/thumb/v7e-m+fp/hard\libgcc.a(_udivmoddi4.o)
                0x0000000008003924                __exidx_end = .
                0x0000000008003924                . = ALIGN (0x4)

.rel.dyn        0x0000000008003924        0x0
 .rel.iplt      0x0000000008003924        0x0 c:/st/stm32cubeide_1.6.1/stm32cubeide/plugins/com.st.stm32cube.ide.mcu.externaltools.gnu-tools-for-stm32.9-2020-q2-update.win32_1.5.0.202011040924/tools/bin/../lib/gcc/arm-none-eabi/9.3.1/thumb/v7e-m+fp/hard/crtbegin.o

.preinit_array  0x0000000008003924        0x0
                0x0000000008003924                . = ALIGN (0x4)
                0x0000000008003924                PROVIDE (__preinit_array_start = .)
 *(.preinit_array*)
                0x0000000008003924                PROVIDE (__preinit_array_end = .)
                0x0000000008003924                . = ALIGN (0x4)

.init_array     0x0000000008003924        0x4
                0x0000000008003924                . = ALIGN (0x4)
                0x0000000008003924                PROVIDE (__init_array_start = .)
 *(SORT_BY_NAME(.init_array.*))
 *(.init_array*)
 .init_array    0x0000000008003924        0x4 c:/st/stm32cubeide_1.6.1/stm32cubeide/plugins/com.st.stm32cube.ide.mcu.externaltools.gnu-tools-for-stm32.9-2020-q2-update.win32_1.5.0.202011040924/tools/bin/../lib/gcc/arm-none-eabi/9.3.1/thumb/v7e-m+fp/hard/crtbegin.o
                0x0000000008003928                PROVIDE (__init_array_end = .)
                0x0000000008003928                . = ALIGN (0x4)

.fini_array     0x0000000008003928        0x4
                0x0000000008003928                . = ALIGN (0x4)
                [!provide]                        PROVIDE (__fini_array_start = .)
 *(SORT_BY_NAME(.fini_array.*))
 *(.fini_array*)
 .fini_array    0x0000000008003928        0x4 c:/st/stm32cubeide_1.6.1/stm32cubeide/plugins/com.st.stm32cube.ide.mcu.externaltools.gnu-tools-for-stm32.9-2020-q2-update.win32_1.5.0.202011040924/tools/bin/../lib/gcc/arm-none-eabi/9.3.1/thumb/v7e-m+fp/hard/crtbegin.o
                [!provide]                        PROVIDE (__fini_array_end = .)
                0x000000000800392c                . = ALIGN (0x4)
                0x000000000800392c                _sidata = LOADADDR (.data)

.data           0x0000000020000000       0x6c load address 0x000000000800392c
                0x0000000020000000                . = ALIGN (0x4)
                0x0000000020000000                _sdata = .
 *(.data)
 *(.data*)
 .data.SystemCoreClock
                0x0000000020000000        0x4 Core/Src/system_stm32f4xx.o
                0x0000000020000000                SystemCoreClock
 .data.uwTickPrio
                0x0000000020000004        0x4 Drivers/STM32F4xx_HAL_Driver/Src/stm32f4xx_hal.o
                0x0000000020000004                uwTickPrio
 .data.uwTickFreq
                0x0000000020000008        0x1 Drivers/STM32F4xx_HAL_Driver/Src/stm32f4xx_hal.o
                0x0000000020000008                uwTickFreq
 *fill*         0x0000000020000009        0x3 
 .data.ACK_START
                0x000000002000000c        0xc MyLib/mylib.o
                0x000000002000000c                ACK_START
 .data.ACK_DATA
                0x0000000020000018        0xc MyLib/mylib.o
                0x0000000020000018                ACK_DATA
 .data.ACK_END  0x0000000020000024        0xc MyLib/mylib.o
                0x0000000020000024                ACK_END
 .data.EventApp
                0x0000000020000030        0x1 applicattion/application.o
                0x0000000020000030                EventApp
 *fill*         0x0000000020000031        0x3 
 .data.boot_address
                0x0000000020000034        0x4 applicattion/application.o
                0x0000000020000034                boot_address
 .data.EraseStruct
                0x0000000020000038       0x14 applicattion/application.o
                0x0000000020000038                EraseStruct
 .data.BootQueue
                0x000000002000004c        0xc applicattion/application.o
                0x000000002000004c                BootQueue
 .data.BootApp  0x0000000020000058        0x8 applicattion/application.o
                0x0000000020000058                BootApp
 .data.Receive  0x0000000020000060        0xc myUART/MyUART.o
                0x0000000020000060                Receive
 *(.RamFunc)
 *(.RamFunc*)
                0x000000002000006c                . = ALIGN (0x4)
                0x000000002000006c                _edata = .

.igot.plt       0x000000002000006c        0x0 load address 0x0000000008003998
 .igot.plt      0x000000002000006c        0x0 c:/st/stm32cubeide_1.6.1/stm32cubeide/plugins/com.st.stm32cube.ide.mcu.externaltools.gnu-tools-for-stm32.9-2020-q2-update.win32_1.5.0.202011040924/tools/bin/../lib/gcc/arm-none-eabi/9.3.1/thumb/v7e-m+fp/hard/crtbegin.o
                0x000000002000006c                . = ALIGN (0x4)

.bss            0x000000002000006c      0x12c load address 0x0000000008003998
                0x000000002000006c                _sbss = .
                0x000000002000006c                __bss_start__ = _sbss
 *(.bss)
 .bss           0x000000002000006c       0x1c c:/st/stm32cubeide_1.6.1/stm32cubeide/plugins/com.st.stm32cube.ide.mcu.externaltools.gnu-tools-for-stm32.9-2020-q2-update.win32_1.5.0.202011040924/tools/bin/../lib/gcc/arm-none-eabi/9.3.1/thumb/v7e-m+fp/hard/crtbegin.o
 *(.bss*)
 .bss.systick   0x0000000020000088        0x4 Core/Src/stm32f4xx_it.o
                0x0000000020000088                systick
 .bss.enter_boot
                0x000000002000008c        0x1 applicattion/application.o
                0x000000002000008c                enter_boot
 .bss.sent_boot
                0x000000002000008d        0x1 applicattion/application.o
                0x000000002000008d                sent_boot
 *fill*         0x000000002000008e        0x2 
 .bss.ReceiveArray
                0x0000000020000090       0x32 myUART/MyUART.o
                0x0000000020000090                ReceiveArray
 .bss.ReceiveVar
                0x00000000200000c2        0x1 myUART/MyUART.o
                0x00000000200000c2                ReceiveVar
 *fill*         0x00000000200000c3        0x1 
 .bss.ui16_PrevReceive
                0x00000000200000c4        0x2 myUART/MyUART.o
                0x00000000200000c4                ui16_PrevReceive
 *(COMMON)
 *fill*         0x00000000200000c6        0x2 
 COMMON         0x00000000200000c8       0x88 Core/Src/usart.o
                0x00000000200000c8                huart5
                0x000000002000010c                huart4
 COMMON         0x0000000020000150        0x4 Drivers/STM32F4xx_HAL_Driver/Src/stm32f4xx_hal.o
                0x0000000020000150                uwTick
 COMMON         0x0000000020000154       0x20 Drivers/STM32F4xx_HAL_Driver/Src/stm32f4xx_hal_flash.o
                0x0000000020000154                pFlash
 COMMON         0x0000000020000174       0x22 applicattion/application.o
                0x0000000020000174                Sector_Fault
                0x0000000020000178                aBootQueue
                0x0000000020000198                . = ALIGN (0x4)
 *fill*         0x0000000020000196        0x2 
                0x0000000020000198                _ebss = .
                0x0000000020000198                __bss_end__ = _ebss

._user_heap_stack
                0x0000000020000198      0x600 load address 0x0000000008003998
                0x0000000020000198                . = ALIGN (0x8)
                [!provide]                        PROVIDE (end = .)
                0x0000000020000198                PROVIDE (_end = .)
                0x0000000020000398                . = (. + _Min_Heap_Size)
 *fill*         0x0000000020000198      0x200 
                0x0000000020000798                . = (. + _Min_Stack_Size)
 *fill*         0x0000000020000398      0x400 
                0x0000000020000798                . = ALIGN (0x8)

/DISCARD/
 libc.a(*)
 libm.a(*)
 libgcc.a(*)

.ARM.attributes
                0x0000000000000000       0x30
 *(.ARM.attributes)
 .ARM.attributes
                0x0000000000000000       0x1e c:/st/stm32cubeide_1.6.1/stm32cubeide/plugins/com.st.stm32cube.ide.mcu.externaltools.gnu-tools-for-stm32.9-2020-q2-update.win32_1.5.0.202011040924/tools/bin/../lib/gcc/arm-none-eabi/9.3.1/thumb/v7e-m+fp/hard/crti.o
 .ARM.attributes
                0x000000000000001e       0x34 c:/st/stm32cubeide_1.6.1/stm32cubeide/plugins/com.st.stm32cube.ide.mcu.externaltools.gnu-tools-for-stm32.9-2020-q2-update.win32_1.5.0.202011040924/tools/bin/../lib/gcc/arm-none-eabi/9.3.1/thumb/v7e-m+fp/hard/crtbegin.o
 .ARM.attributes
                0x0000000000000052       0x34 Core/Src/gpio.o
 .ARM.attributes
                0x0000000000000086       0x34 Core/Src/main.o
 .ARM.attributes
                0x00000000000000ba       0x34 Core/Src/stm32f4xx_hal_msp.o
 .ARM.attributes
                0x00000000000000ee       0x34 Core/Src/stm32f4xx_it.o
 .ARM.attributes
                0x0000000000000122       0x34 Core/Src/system_stm32f4xx.o
 .ARM.attributes
                0x0000000000000156       0x34 Core/Src/usart.o
 .ARM.attributes
                0x000000000000018a       0x21 Core/Startup/startup_stm32f407vgtx.o
 .ARM.attributes
                0x00000000000001ab       0x34 Drivers/STM32F4xx_HAL_Driver/Src/stm32f4xx_hal.o
 .ARM.attributes
                0x00000000000001df       0x34 Drivers/STM32F4xx_HAL_Driver/Src/stm32f4xx_hal_cortex.o
 .ARM.attributes
                0x0000000000000213       0x34 Drivers/STM32F4xx_HAL_Driver/Src/stm32f4xx_hal_dma.o
 .ARM.attributes
                0x0000000000000247       0x34 Drivers/STM32F4xx_HAL_Driver/Src/stm32f4xx_hal_flash.o
 .ARM.attributes
                0x000000000000027b       0x34 Drivers/STM32F4xx_HAL_Driver/Src/stm32f4xx_hal_flash_ex.o
 .ARM.attributes
                0x00000000000002af       0x34 Drivers/STM32F4xx_HAL_Driver/Src/stm32f4xx_hal_gpio.o
 .ARM.attributes
                0x00000000000002e3       0x34 Drivers/STM32F4xx_HAL_Driver/Src/stm32f4xx_hal_rcc.o
 .ARM.attributes
                0x0000000000000317       0x34 Drivers/STM32F4xx_HAL_Driver/Src/stm32f4xx_hal_uart.o
 .ARM.attributes
                0x000000000000034b       0x34 MyLib/mylib.o
 .ARM.attributes
                0x000000000000037f       0x34 applicattion/application.o
 .ARM.attributes
                0x00000000000003b3       0x34 myGPIO/myGPIO.o
 .ARM.attributes
                0x00000000000003e7       0x34 myUART/MyUART.o
 .ARM.attributes
                0x000000000000041b       0x34 queue_VHP/queue_p.o
 .ARM.attributes
                0x000000000000044f       0x34 c:/st/stm32cubeide_1.6.1/stm32cubeide/plugins/com.st.stm32cube.ide.mcu.externaltools.gnu-tools-for-stm32.9-2020-q2-update.win32_1.5.0.202011040924/tools/bin/../lib/gcc/arm-none-eabi/9.3.1/../../../../arm-none-eabi/lib/thumb/v7e-m+fp/hard\libc_nano.a(lib_a-init.o)
 .ARM.attributes
                0x0000000000000483       0x34 c:/st/stm32cubeide_1.6.1/stm32cubeide/plugins/com.st.stm32cube.ide.mcu.externaltools.gnu-tools-for-stm32.9-2020-q2-update.win32_1.5.0.202011040924/tools/bin/../lib/gcc/arm-none-eabi/9.3.1/../../../../arm-none-eabi/lib/thumb/v7e-m+fp/hard\libc_nano.a(lib_a-memset.o)
 .ARM.attributes
                0x00000000000004b7       0x34 c:/st/stm32cubeide_1.6.1/stm32cubeide/plugins/com.st.stm32cube.ide.mcu.externaltools.gnu-tools-for-stm32.9-2020-q2-update.win32_1.5.0.202011040924/tools/bin/../lib/gcc/arm-none-eabi/9.3.1/../../../../arm-none-eabi/lib/thumb/v7e-m+fp/hard\libc_nano.a(lib_a-strstr.o)
 .ARM.attributes
                0x00000000000004eb       0x1e c:/st/stm32cubeide_1.6.1/stm32cubeide/plugins/com.st.stm32cube.ide.mcu.externaltools.gnu-tools-for-stm32.9-2020-q2-update.win32_1.5.0.202011040924/tools/bin/../lib/gcc/arm-none-eabi/9.3.1/thumb/v7e-m+fp/hard\libgcc.a(_aeabi_uldivmod.o)
 .ARM.attributes
                0x0000000000000509       0x34 c:/st/stm32cubeide_1.6.1/stm32cubeide/plugins/com.st.stm32cube.ide.mcu.externaltools.gnu-tools-for-stm32.9-2020-q2-update.win32_1.5.0.202011040924/tools/bin/../lib/gcc/arm-none-eabi/9.3.1/thumb/v7e-m+fp/hard\libgcc.a(_udivmoddi4.o)
 .ARM.attributes
                0x000000000000053d       0x1e c:/st/stm32cubeide_1.6.1/stm32cubeide/plugins/com.st.stm32cube.ide.mcu.externaltools.gnu-tools-for-stm32.9-2020-q2-update.win32_1.5.0.202011040924/tools/bin/../lib/gcc/arm-none-eabi/9.3.1/thumb/v7e-m+fp/hard\libgcc.a(_dvmd_tls.o)
 .ARM.attributes
                0x000000000000055b       0x1e c:/st/stm32cubeide_1.6.1/stm32cubeide/plugins/com.st.stm32cube.ide.mcu.externaltools.gnu-tools-for-stm32.9-2020-q2-update.win32_1.5.0.202011040924/tools/bin/../lib/gcc/arm-none-eabi/9.3.1/thumb/v7e-m+fp/hard/crtn.o
OUTPUT(Bootloader.elf elf32-littlearm)
LOAD linker stubs
LOAD c:/st/stm32cubeide_1.6.1/stm32cubeide/plugins/com.st.stm32cube.ide.mcu.externaltools.gnu-tools-for-stm32.9-2020-q2-update.win32_1.5.0.202011040924/tools/bin/../lib/gcc/arm-none-eabi/9.3.1/../../../../arm-none-eabi/lib/thumb/v7e-m+fp/hard\libc.a
LOAD c:/st/stm32cubeide_1.6.1/stm32cubeide/plugins/com.st.stm32cube.ide.mcu.externaltools.gnu-tools-for-stm32.9-2020-q2-update.win32_1.5.0.202011040924/tools/bin/../lib/gcc/arm-none-eabi/9.3.1/../../../../arm-none-eabi/lib/thumb/v7e-m+fp/hard\libm.a
LOAD c:/st/stm32cubeide_1.6.1/stm32cubeide/plugins/com.st.stm32cube.ide.mcu.externaltools.gnu-tools-for-stm32.9-2020-q2-update.win32_1.5.0.202011040924/tools/bin/../lib/gcc/arm-none-eabi/9.3.1/thumb/v7e-m+fp/hard\libgcc.a

.debug_info     0x0000000000000000     0xf6f1
 .debug_info    0x0000000000000000      0x71a Core/Src/gpio.o
 .debug_info    0x000000000000071a     0x1805 Core/Src/main.o
 .debug_info    0x0000000000001f1f      0x394 Core/Src/stm32f4xx_hal_msp.o
 .debug_info    0x00000000000022b3     0x11da Core/Src/stm32f4xx_it.o
 .debug_info    0x000000000000348d      0x5a4 Core/Src/system_stm32f4xx.o
 .debug_info    0x0000000000003a31      0xcc9 Core/Src/usart.o
 .debug_info    0x00000000000046fa       0x22 Core/Startup/startup_stm32f407vgtx.o
 .debug_info    0x000000000000471c      0x9b2 Drivers/STM32F4xx_HAL_Driver/Src/stm32f4xx_hal.o
 .debug_info    0x00000000000050ce      0xed7 Drivers/STM32F4xx_HAL_Driver/Src/stm32f4xx_hal_cortex.o
 .debug_info    0x0000000000005fa5      0x9f1 Drivers/STM32F4xx_HAL_Driver/Src/stm32f4xx_hal_dma.o
 .debug_info    0x0000000000006996      0x679 Drivers/STM32F4xx_HAL_Driver/Src/stm32f4xx_hal_flash.o
 .debug_info    0x000000000000700f      0x78a Drivers/STM32F4xx_HAL_Driver/Src/stm32f4xx_hal_flash_ex.o
 .debug_info    0x0000000000007799      0x83e Drivers/STM32F4xx_HAL_Driver/Src/stm32f4xx_hal_gpio.o
 .debug_info    0x0000000000007fd7      0x996 Drivers/STM32F4xx_HAL_Driver/Src/stm32f4xx_hal_rcc.o
 .debug_info    0x000000000000896d     0x31de Drivers/STM32F4xx_HAL_Driver/Src/stm32f4xx_hal_uart.o
 .debug_info    0x000000000000bb4b      0xbac MyLib/mylib.o
 .debug_info    0x000000000000c6f7     0x178e applicattion/application.o
 .debug_info    0x000000000000de85      0x35e myGPIO/myGPIO.o
 .debug_info    0x000000000000e1e3     0x1239 myUART/MyUART.o
 .debug_info    0x000000000000f41c      0x2d5 queue_VHP/queue_p.o

.debug_abbrev   0x0000000000000000     0x2790
 .debug_abbrev  0x0000000000000000      0x157 Core/Src/gpio.o
 .debug_abbrev  0x0000000000000157      0x298 Core/Src/main.o
 .debug_abbrev  0x00000000000003ef      0x11d Core/Src/stm32f4xx_hal_msp.o
 .debug_abbrev  0x000000000000050c      0x1f3 Core/Src/stm32f4xx_it.o
 .debug_abbrev  0x00000000000006ff      0x145 Core/Src/system_stm32f4xx.o
 .debug_abbrev  0x0000000000000844      0x1c4 Core/Src/usart.o
 .debug_abbrev  0x0000000000000a08       0x12 Core/Startup/startup_stm32f407vgtx.o
 .debug_abbrev  0x0000000000000a1a      0x1ed Drivers/STM32F4xx_HAL_Driver/Src/stm32f4xx_hal.o
 .debug_abbrev  0x0000000000000c07      0x33c Drivers/STM32F4xx_HAL_Driver/Src/stm32f4xx_hal_cortex.o
 .debug_abbrev  0x0000000000000f43      0x259 Drivers/STM32F4xx_HAL_Driver/Src/stm32f4xx_hal_dma.o
 .debug_abbrev  0x000000000000119c      0x27c Drivers/STM32F4xx_HAL_Driver/Src/stm32f4xx_hal_flash.o
 .debug_abbrev  0x0000000000001418      0x24e Drivers/STM32F4xx_HAL_Driver/Src/stm32f4xx_hal_flash_ex.o
 .debug_abbrev  0x0000000000001666      0x1f1 Drivers/STM32F4xx_HAL_Driver/Src/stm32f4xx_hal_gpio.o
 .debug_abbrev  0x0000000000001857      0x275 Drivers/STM32F4xx_HAL_Driver/Src/stm32f4xx_hal_rcc.o
 .debug_abbrev  0x0000000000001acc      0x2eb Drivers/STM32F4xx_HAL_Driver/Src/stm32f4xx_hal_uart.o
 .debug_abbrev  0x0000000000001db7      0x222 MyLib/mylib.o
 .debug_abbrev  0x0000000000001fd9      0x318 applicattion/application.o
 .debug_abbrev  0x00000000000022f1      0x132 myGPIO/myGPIO.o
 .debug_abbrev  0x0000000000002423      0x287 myUART/MyUART.o
 .debug_abbrev  0x00000000000026aa       0xe6 queue_VHP/queue_p.o

.debug_aranges  0x0000000000000000      0x988
 .debug_aranges
                0x0000000000000000       0x20 Core/Src/gpio.o
 .debug_aranges
                0x0000000000000020       0x40 Core/Src/main.o
 .debug_aranges
                0x0000000000000060       0x20 Core/Src/stm32f4xx_hal_msp.o
 .debug_aranges
                0x0000000000000080       0x70 Core/Src/stm32f4xx_it.o
 .debug_aranges
                0x00000000000000f0       0x28 Core/Src/system_stm32f4xx.o
 .debug_aranges
                0x0000000000000118       0x38 Core/Src/usart.o
 .debug_aranges
                0x0000000000000150       0x28 Core/Startup/startup_stm32f407vgtx.o
 .debug_aranges
                0x0000000000000178       0xf0 Drivers/STM32F4xx_HAL_Driver/Src/stm32f4xx_hal.o
 .debug_aranges
                0x0000000000000268      0x118 Drivers/STM32F4xx_HAL_Driver/Src/stm32f4xx_hal_cortex.o
 .debug_aranges
                0x0000000000000380       0x90 Drivers/STM32F4xx_HAL_Driver/Src/stm32f4xx_hal_dma.o
 .debug_aranges
                0x0000000000000410       0xa0 Drivers/STM32F4xx_HAL_Driver/Src/stm32f4xx_hal_flash.o
 .debug_aranges
                0x00000000000004b0       0x98 Drivers/STM32F4xx_HAL_Driver/Src/stm32f4xx_hal_flash_ex.o
 .debug_aranges
                0x0000000000000548       0x58 Drivers/STM32F4xx_HAL_Driver/Src/stm32f4xx_hal_gpio.o
 .debug_aranges
                0x00000000000005a0       0x88 Drivers/STM32F4xx_HAL_Driver/Src/stm32f4xx_hal_rcc.o
 .debug_aranges
                0x0000000000000628      0x200 Drivers/STM32F4xx_HAL_Driver/Src/stm32f4xx_hal_uart.o
 .debug_aranges
                0x0000000000000828       0x28 MyLib/mylib.o
 .debug_aranges
                0x0000000000000850       0x78 applicattion/application.o
 .debug_aranges
                0x00000000000008c8       0x48 myGPIO/myGPIO.o
 .debug_aranges
                0x0000000000000910       0x40 myUART/MyUART.o
 .debug_aranges
                0x0000000000000950       0x38 queue_VHP/queue_p.o

.debug_ranges   0x0000000000000000      0x880
 .debug_ranges  0x0000000000000000       0x10 Core/Src/gpio.o
 .debug_ranges  0x0000000000000010       0x30 Core/Src/main.o
 .debug_ranges  0x0000000000000040       0x10 Core/Src/stm32f4xx_hal_msp.o
 .debug_ranges  0x0000000000000050       0x60 Core/Src/stm32f4xx_it.o
 .debug_ranges  0x00000000000000b0       0x18 Core/Src/system_stm32f4xx.o
 .debug_ranges  0x00000000000000c8       0x28 Core/Src/usart.o
 .debug_ranges  0x00000000000000f0       0x20 Core/Startup/startup_stm32f407vgtx.o
 .debug_ranges  0x0000000000000110       0xe0 Drivers/STM32F4xx_HAL_Driver/Src/stm32f4xx_hal.o
 .debug_ranges  0x00000000000001f0      0x108 Drivers/STM32F4xx_HAL_Driver/Src/stm32f4xx_hal_cortex.o
 .debug_ranges  0x00000000000002f8       0x80 Drivers/STM32F4xx_HAL_Driver/Src/stm32f4xx_hal_dma.o
 .debug_ranges  0x0000000000000378       0x90 Drivers/STM32F4xx_HAL_Driver/Src/stm32f4xx_hal_flash.o
 .debug_ranges  0x0000000000000408       0x88 Drivers/STM32F4xx_HAL_Driver/Src/stm32f4xx_hal_flash_ex.o
 .debug_ranges  0x0000000000000490       0x48 Drivers/STM32F4xx_HAL_Driver/Src/stm32f4xx_hal_gpio.o
 .debug_ranges  0x00000000000004d8       0x78 Drivers/STM32F4xx_HAL_Driver/Src/stm32f4xx_hal_rcc.o
 .debug_ranges  0x0000000000000550      0x220 Drivers/STM32F4xx_HAL_Driver/Src/stm32f4xx_hal_uart.o
 .debug_ranges  0x0000000000000770       0x18 MyLib/mylib.o
 .debug_ranges  0x0000000000000788       0x68 applicattion/application.o
 .debug_ranges  0x00000000000007f0       0x38 myGPIO/myGPIO.o
 .debug_ranges  0x0000000000000828       0x30 myUART/MyUART.o
 .debug_ranges  0x0000000000000858       0x28 queue_VHP/queue_p.o

.debug_macro    0x0000000000000000    0x21050
 .debug_macro   0x0000000000000000      0x1d3 Core/Src/gpio.o
 .debug_macro   0x00000000000001d3      0xaa8 Core/Src/gpio.o
 .debug_macro   0x0000000000000c7b      0x295 Core/Src/gpio.o
 .debug_macro   0x0000000000000f10       0x2e Core/Src/gpio.o
 .debug_macro   0x0000000000000f3e       0x2f Core/Src/gpio.o
 .debug_macro   0x0000000000000f6d       0x22 Core/Src/gpio.o
 .debug_macro   0x0000000000000f8f       0x8e Core/Src/gpio.o
 .debug_macro   0x000000000000101d       0x51 Core/Src/gpio.o
 .debug_macro   0x000000000000106e      0x103 Core/Src/gpio.o
 .debug_macro   0x0000000000001171       0x6a Core/Src/gpio.o
 .debug_macro   0x00000000000011db      0x1df Core/Src/gpio.o
 .debug_macro   0x00000000000013ba       0x1c Core/Src/gpio.o
 .debug_macro   0x00000000000013d6       0x22 Core/Src/gpio.o
 .debug_macro   0x00000000000013f8       0xdf Core/Src/gpio.o
 .debug_macro   0x00000000000014d7     0x102d Core/Src/gpio.o
 .debug_macro   0x0000000000002504      0x11f Core/Src/gpio.o
 .debug_macro   0x0000000000002623    0x15e58 Core/Src/gpio.o
 .debug_macro   0x000000000001847b       0x6d Core/Src/gpio.o
 .debug_macro   0x00000000000184e8     0x3666 Core/Src/gpio.o
 .debug_macro   0x000000000001bb4e      0x174 Core/Src/gpio.o
 .debug_macro   0x000000000001bcc2       0x5c Core/Src/gpio.o
 .debug_macro   0x000000000001bd1e      0x96b Core/Src/gpio.o
 .debug_macro   0x000000000001c689      0x9fe Core/Src/gpio.o
 .debug_macro   0x000000000001d087      0x116 Core/Src/gpio.o
 .debug_macro   0x000000000001d19d      0x13e Core/Src/gpio.o
 .debug_macro   0x000000000001d2db       0xa5 Core/Src/gpio.o
 .debug_macro   0x000000000001d380      0x174 Core/Src/gpio.o
 .debug_macro   0x000000000001d4f4      0x287 Core/Src/gpio.o
 .debug_macro   0x000000000001d77b       0x5f Core/Src/gpio.o
 .debug_macro   0x000000000001d7da      0x236 Core/Src/gpio.o
 .debug_macro   0x000000000001da10      0x12c Core/Src/gpio.o
 .debug_macro   0x000000000001db3c      0x21e Core/Src/gpio.o
 .debug_macro   0x000000000001dd5a       0x2e Core/Src/gpio.o
 .debug_macro   0x000000000001dd88      0x11a Core/Src/gpio.o
 .debug_macro   0x000000000001dea2       0x7e Core/Src/gpio.o
 .debug_macro   0x000000000001df20       0x89 Core/Src/gpio.o
 .debug_macro   0x000000000001dfa9      0x295 Core/Src/gpio.o
 .debug_macro   0x000000000001e23e      0x12d Core/Src/gpio.o
 .debug_macro   0x000000000001e36b       0x46 Core/Src/gpio.o
 .debug_macro   0x000000000001e3b1      0x323 Core/Src/main.o
 .debug_macro   0x000000000001e6d4       0x18 Core/Src/main.o
 .debug_macro   0x000000000001e6ec       0x52 Core/Src/main.o
 .debug_macro   0x000000000001e73e       0x3c Core/Src/main.o
 .debug_macro   0x000000000001e77a       0x34 Core/Src/main.o
 .debug_macro   0x000000000001e7ae       0x16 Core/Src/main.o
 .debug_macro   0x000000000001e7c4       0x35 Core/Src/main.o
 .debug_macro   0x000000000001e7f9       0x16 Core/Src/main.o
 .debug_macro   0x000000000001e80f       0x43 Core/Src/main.o
 .debug_macro   0x000000000001e852       0x34 Core/Src/main.o
 .debug_macro   0x000000000001e886       0x10 Core/Src/main.o
 .debug_macro   0x000000000001e896       0x58 Core/Src/main.o
 .debug_macro   0x000000000001e8ee       0x71 Core/Src/main.o
 .debug_macro   0x000000000001e95f       0x1c Core/Src/main.o
 .debug_macro   0x000000000001e97b      0x12a Core/Src/main.o
 .debug_macro   0x000000000001eaa5      0x333 Core/Src/main.o
 .debug_macro   0x000000000001edd8       0x16 Core/Src/main.o
 .debug_macro   0x000000000001edee       0x29 Core/Src/main.o
 .debug_macro   0x000000000001ee17       0x16 Core/Src/main.o
 .debug_macro   0x000000000001ee2d       0x20 Core/Src/main.o
 .debug_macro   0x000000000001ee4d      0x1c9 Core/Src/stm32f4xx_hal_msp.o
 .debug_macro   0x000000000001f016      0x323 Core/Src/stm32f4xx_it.o
 .debug_macro   0x000000000001f339      0x1ba Core/Src/system_stm32f4xx.o
 .debug_macro   0x000000000001f4f3      0x1d3 Core/Src/usart.o
 .debug_macro   0x000000000001f6c6      0x21a Drivers/STM32F4xx_HAL_Driver/Src/stm32f4xx_hal.o
 .debug_macro   0x000000000001f8e0      0x1ba Drivers/STM32F4xx_HAL_Driver/Src/stm32f4xx_hal_cortex.o
 .debug_macro   0x000000000001fa9a      0x1c0 Drivers/STM32F4xx_HAL_Driver/Src/stm32f4xx_hal_dma.o
 .debug_macro   0x000000000001fc5a      0x1c0 Drivers/STM32F4xx_HAL_Driver/Src/stm32f4xx_hal_flash.o
 .debug_macro   0x000000000001fe1a      0x1c0 Drivers/STM32F4xx_HAL_Driver/Src/stm32f4xx_hal_flash_ex.o
 .debug_macro   0x000000000001ffda      0x1c0 Drivers/STM32F4xx_HAL_Driver/Src/stm32f4xx_hal_gpio.o
 .debug_macro   0x000000000002019a      0x1de Drivers/STM32F4xx_HAL_Driver/Src/stm32f4xx_hal_rcc.o
 .debug_macro   0x0000000000020378      0x1bb Drivers/STM32F4xx_HAL_Driver/Src/stm32f4xx_hal_uart.o
 .debug_macro   0x0000000000020533      0x29f MyLib/mylib.o
 .debug_macro   0x00000000000207d2      0x31f applicattion/application.o
 .debug_macro   0x0000000000020af1      0x1d3 myGPIO/myGPIO.o
 .debug_macro   0x0000000000020cc4      0x319 myUART/MyUART.o
 .debug_macro   0x0000000000020fdd       0x73 queue_VHP/queue_p.o

.debug_line     0x0000000000000000     0xdd1b
 .debug_line    0x0000000000000000      0x6b0 Core/Src/gpio.o
 .debug_line    0x00000000000006b0      0xc13 Core/Src/main.o
 .debug_line    0x00000000000012c3      0x696 Core/Src/stm32f4xx_hal_msp.o
 .debug_line    0x0000000000001959      0xc1f Core/Src/stm32f4xx_it.o
 .debug_line    0x0000000000002578      0x717 Core/Src/system_stm32f4xx.o
 .debug_line    0x0000000000002c8f      0x78f Core/Src/usart.o
 .debug_line    0x000000000000341e       0x88 Core/Startup/startup_stm32f407vgtx.o
 .debug_line    0x00000000000034a6      0x97d Drivers/STM32F4xx_HAL_Driver/Src/stm32f4xx_hal.o
 .debug_line    0x0000000000003e23      0xc2c Drivers/STM32F4xx_HAL_Driver/Src/stm32f4xx_hal_cortex.o
 .debug_line    0x0000000000004a4f      0xee2 Drivers/STM32F4xx_HAL_Driver/Src/stm32f4xx_hal_dma.o
 .debug_line    0x0000000000005931      0xa05 Drivers/STM32F4xx_HAL_Driver/Src/stm32f4xx_hal_flash.o
 .debug_line    0x0000000000006336      0xa2b Drivers/STM32F4xx_HAL_Driver/Src/stm32f4xx_hal_flash_ex.o
 .debug_line    0x0000000000006d61      0xaf3 Drivers/STM32F4xx_HAL_Driver/Src/stm32f4xx_hal_gpio.o
 .debug_line    0x0000000000007854      0xcf7 Drivers/STM32F4xx_HAL_Driver/Src/stm32f4xx_hal_rcc.o
 .debug_line    0x000000000000854b     0x2a04 Drivers/STM32F4xx_HAL_Driver/Src/stm32f4xx_hal_uart.o
 .debug_line    0x000000000000af4f      0x87d MyLib/mylib.o
 .debug_line    0x000000000000b7cc      0xd3a applicattion/application.o
 .debug_line    0x000000000000c506      0x792 myGPIO/myGPIO.o
 .debug_line    0x000000000000cc98      0xbe2 myUART/MyUART.o
 .debug_line    0x000000000000d87a      0x4a1 queue_VHP/queue_p.o

.debug_str      0x0000000000000000    0xc2825
 .debug_str     0x0000000000000000    0xbcbce Core/Src/gpio.o
                                      0xbce8a (size before relaxing)
 .debug_str     0x00000000000bcbce     0x39e5 Core/Src/main.o
                                      0xc043f (size before relaxing)
 .debug_str     0x00000000000c05b3       0x2c Core/Src/stm32f4xx_hal_msp.o
                                      0xbc8ff (size before relaxing)
 .debug_str     0x00000000000c05df      0x18a Core/Src/stm32f4xx_it.o
                                      0xc022b (size before relaxing)
 .debug_str     0x00000000000c0769       0x5b Core/Src/system_stm32f4xx.o
                                      0xbc84d (size before relaxing)
 .debug_str     0x00000000000c07c4       0x5f Core/Src/usart.o
                                      0xbd2fe (size before relaxing)
 .debug_str     0x00000000000c0823       0x36 Core/Startup/startup_stm32f407vgtx.o
                                         0xa2 (size before relaxing)
 .debug_str     0x00000000000c0859      0x58d Drivers/STM32F4xx_HAL_Driver/Src/stm32f4xx_hal.o
                                      0xbd32f (size before relaxing)
 .debug_str     0x00000000000c0de6      0x38d Drivers/STM32F4xx_HAL_Driver/Src/stm32f4xx_hal_cortex.o
                                      0xbd11e (size before relaxing)
 .debug_str     0x00000000000c1173      0x322 Drivers/STM32F4xx_HAL_Driver/Src/stm32f4xx_hal_dma.o
                                      0xbcc77 (size before relaxing)
 .debug_str     0x00000000000c1495      0x2a9 Drivers/STM32F4xx_HAL_Driver/Src/stm32f4xx_hal_flash.o
                                      0xbca38 (size before relaxing)
 .debug_str     0x00000000000c173e      0x258 Drivers/STM32F4xx_HAL_Driver/Src/stm32f4xx_hal_flash_ex.o
                                      0xbca9e (size before relaxing)
 .debug_str     0x00000000000c1996      0x15f Drivers/STM32F4xx_HAL_Driver/Src/stm32f4xx_hal_gpio.o
                                      0xbc9f4 (size before relaxing)
 .debug_str     0x00000000000c1af5      0x24e Drivers/STM32F4xx_HAL_Driver/Src/stm32f4xx_hal_rcc.o
                                      0xbcc4f (size before relaxing)
 .debug_str     0x00000000000c1d43      0x616 Drivers/STM32F4xx_HAL_Driver/Src/stm32f4xx_hal_uart.o
                                      0xbd1d5 (size before relaxing)
 .debug_str     0x00000000000c2359       0x53 MyLib/mylib.o
                                      0xbfb2a (size before relaxing)
 .debug_str     0x00000000000c23ac      0x21c applicattion/application.o
                                      0xc0531 (size before relaxing)
 .debug_str     0x00000000000c25c8       0xa6 myGPIO/myGPIO.o
                                      0xbc8e3 (size before relaxing)
 .debug_str     0x00000000000c266e       0x7a myUART/MyUART.o
                                      0xc014b (size before relaxing)
 .debug_str     0x00000000000c26e8      0x13d queue_VHP/queue_p.o
                                       0x3f0b (size before relaxing)

.comment        0x0000000000000000       0x53
 .comment       0x0000000000000000       0x53 Core/Src/gpio.o
                                         0x54 (size before relaxing)
 .comment       0x0000000000000053       0x54 Core/Src/main.o
 .comment       0x0000000000000053       0x54 Core/Src/stm32f4xx_hal_msp.o
 .comment       0x0000000000000053       0x54 Core/Src/stm32f4xx_it.o
 .comment       0x0000000000000053       0x54 Core/Src/system_stm32f4xx.o
 .comment       0x0000000000000053       0x54 Core/Src/usart.o
 .comment       0x0000000000000053       0x54 Drivers/STM32F4xx_HAL_Driver/Src/stm32f4xx_hal.o
 .comment       0x0000000000000053       0x54 Drivers/STM32F4xx_HAL_Driver/Src/stm32f4xx_hal_cortex.o
 .comment       0x0000000000000053       0x54 Drivers/STM32F4xx_HAL_Driver/Src/stm32f4xx_hal_dma.o
 .comment       0x0000000000000053       0x54 Drivers/STM32F4xx_HAL_Driver/Src/stm32f4xx_hal_flash.o
 .comment       0x0000000000000053       0x54 Drivers/STM32F4xx_HAL_Driver/Src/stm32f4xx_hal_flash_ex.o
 .comment       0x0000000000000053       0x54 Drivers/STM32F4xx_HAL_Driver/Src/stm32f4xx_hal_gpio.o
 .comment       0x0000000000000053       0x54 Drivers/STM32F4xx_HAL_Driver/Src/stm32f4xx_hal_rcc.o
 .comment       0x0000000000000053       0x54 Drivers/STM32F4xx_HAL_Driver/Src/stm32f4xx_hal_uart.o
 .comment       0x0000000000000053       0x54 MyLib/mylib.o
 .comment       0x0000000000000053       0x54 applicattion/application.o
 .comment       0x0000000000000053       0x54 myGPIO/myGPIO.o
 .comment       0x0000000000000053       0x54 myUART/MyUART.o
 .comment       0x0000000000000053       0x54 queue_VHP/queue_p.o

.debug_frame    0x0000000000000000     0x2400
 .debug_frame   0x0000000000000000       0x34 Core/Src/gpio.o
 .debug_frame   0x0000000000000034       0xb4 Core/Src/main.o
 .debug_frame   0x00000000000000e8       0x38 Core/Src/stm32f4xx_hal_msp.o
 .debug_frame   0x0000000000000120      0x13c Core/Src/stm32f4xx_it.o
 .debug_frame   0x000000000000025c       0x58 Core/Src/system_stm32f4xx.o
 .debug_frame   0x00000000000002b4       0x90 Core/Src/usart.o
 .debug_frame   0x0000000000000344      0x374 Drivers/STM32F4xx_HAL_Driver/Src/stm32f4xx_hal.o
 .debug_frame   0x00000000000006b8      0x498 Drivers/STM32F4xx_HAL_Driver/Src/stm32f4xx_hal_cortex.o
 .debug_frame   0x0000000000000b50      0x250 Drivers/STM32F4xx_HAL_Driver/Src/stm32f4xx_hal_dma.o
 .debug_frame   0x0000000000000da0      0x274 Drivers/STM32F4xx_HAL_Driver/Src/stm32f4xx_hal_flash.o
 .debug_frame   0x0000000000001014      0x250 Drivers/STM32F4xx_HAL_Driver/Src/stm32f4xx_hal_flash_ex.o
 .debug_frame   0x0000000000001264      0x14c Drivers/STM32F4xx_HAL_Driver/Src/stm32f4xx_hal_gpio.o
 .debug_frame   0x00000000000013b0      0x1ec Drivers/STM32F4xx_HAL_Driver/Src/stm32f4xx_hal_rcc.o
 .debug_frame   0x000000000000159c      0x92c Drivers/STM32F4xx_HAL_Driver/Src/stm32f4xx_hal_uart.o
 .debug_frame   0x0000000000001ec8       0x68 MyLib/mylib.o
 .debug_frame   0x0000000000001f30      0x1ac applicattion/application.o
 .debug_frame   0x00000000000020dc       0xd8 myGPIO/myGPIO.o
 .debug_frame   0x00000000000021b4       0xc0 myUART/MyUART.o
 .debug_frame   0x0000000000002274       0xb0 queue_VHP/queue_p.o
 .debug_frame   0x0000000000002324       0x2c c:/st/stm32cubeide_1.6.1/stm32cubeide/plugins/com.st.stm32cube.ide.mcu.externaltools.gnu-tools-for-stm32.9-2020-q2-update.win32_1.5.0.202011040924/tools/bin/../lib/gcc/arm-none-eabi/9.3.1/../../../../arm-none-eabi/lib/thumb/v7e-m+fp/hard\libc_nano.a(lib_a-init.o)
 .debug_frame   0x0000000000002350       0x20 c:/st/stm32cubeide_1.6.1/stm32cubeide/plugins/com.st.stm32cube.ide.mcu.externaltools.gnu-tools-for-stm32.9-2020-q2-update.win32_1.5.0.202011040924/tools/bin/../lib/gcc/arm-none-eabi/9.3.1/../../../../arm-none-eabi/lib/thumb/v7e-m+fp/hard\libc_nano.a(lib_a-memset.o)
 .debug_frame   0x0000000000002370       0x30 c:/st/stm32cubeide_1.6.1/stm32cubeide/plugins/com.st.stm32cube.ide.mcu.externaltools.gnu-tools-for-stm32.9-2020-q2-update.win32_1.5.0.202011040924/tools/bin/../lib/gcc/arm-none-eabi/9.3.1/../../../../arm-none-eabi/lib/thumb/v7e-m+fp/hard\libc_nano.a(lib_a-strstr.o)
 .debug_frame   0x00000000000023a0       0x2c c:/st/stm32cubeide_1.6.1/stm32cubeide/plugins/com.st.stm32cube.ide.mcu.externaltools.gnu-tools-for-stm32.9-2020-q2-update.win32_1.5.0.202011040924/tools/bin/../lib/gcc/arm-none-eabi/9.3.1/thumb/v7e-m+fp/hard\libgcc.a(_aeabi_uldivmod.o)
 .debug_frame   0x00000000000023cc       0x34 c:/st/stm32cubeide_1.6.1/stm32cubeide/plugins/com.st.stm32cube.ide.mcu.externaltools.gnu-tools-for-stm32.9-2020-q2-update.win32_1.5.0.202011040924/tools/bin/../lib/gcc/arm-none-eabi/9.3.1/thumb/v7e-m+fp/hard\libgcc.a(_udivmoddi4.o)
