D:/Source_Tree_data/projects/NB_IoT/Update_OTA/upfirm_NB_IoT/Updata_OTA_NBIoT/MCU/HostClient/Host/Middlewares/Third_Party/FreeRTOS/Source/portable/MemMang/heap_4.c:113:7:pvPortMalloc	32	static,ignoring_inline_asm
D:/Source_Tree_data/projects/NB_IoT/Update_OTA/upfirm_NB_IoT/Updata_OTA_NBIoT/MCU/HostClient/Host/Middlewares/Third_Party/FreeRTOS/Source/portable/MemMang/heap_4.c:263:6:vPortFree	24	static,ignoring_inline_asm
D:/Source_Tree_data/projects/NB_IoT/Update_OTA/upfirm_NB_IoT/Updata_OTA_NBIoT/MCU/HostClient/Host/Middlewares/Third_Party/FreeRTOS/Source/portable/MemMang/heap_4.c:311:8:xPortGetFreeHeapSize	8	static
D:/Source_Tree_data/projects/NB_IoT/Update_OTA/upfirm_NB_IoT/Updata_OTA_NBIoT/MCU/HostClient/Host/Middlewares/Third_Party/FreeRTOS/Source/portable/MemMang/heap_4.c:317:8:xPortGetMinimumEverFreeHeapSize	8	static
D:/Source_Tree_data/projects/NB_IoT/Update_OTA/upfirm_NB_IoT/Updata_OTA_NBIoT/MCU/HostClient/Host/Middlewares/Third_Party/FreeRTOS/Source/portable/MemMang/heap_4.c:323:6:vPortInitialiseBlocks	8	static
D:/Source_Tree_data/projects/NB_IoT/Update_OTA/upfirm_NB_IoT/Updata_OTA_NBIoT/MCU/HostClient/Host/Middlewares/Third_Party/FreeRTOS/Source/portable/MemMang/heap_4.c:329:13:prvHeapInit	24	static
D:/Source_Tree_data/projects/NB_IoT/Update_OTA/upfirm_NB_IoT/Updata_OTA_NBIoT/MCU/HostClient/Host/Middlewares/Third_Party/FreeRTOS/Source/portable/MemMang/heap_4.c:377:13:prvInsertBlockIntoFreeList	24	static
