application.c:46:6:ApplicationBoot_Hanlde_Event	16	static
application.c:92:9:ApplicationBoot_Call_Event	16	static
application.c:98:9:ApplicationBoot_Push_Event_to_Queue	16	static
application.c:105:9:ApplicationBoot_Get_Event_from_Queue	24	static
application.c:114:6:HAL_GPIO_EXTI_Callback	16	static
application.c:119:9:ApplicationBoot_Check_Receive_DataLoad_Done	4	static
application.c:130:9:ApplicationBoot_Initial	8	static
application.c:136:9:ApplicationBoot_BootStart_Hanlde	8	static
application.c:146:9:ApplicationBoot_UART_CheckReceive	16	static
application.c:181:9:ApplicationBoot_Flash_Program	32	static
application.c:194:6:ApplicationBoot_Jumpto_ApplicationProgram	16	static,ignoring_inline_asm
application.c:219:9:ApplicationBoot_EraseFlash_ApplicationProgram	8	static
