11:30:02 **** Clean-only build of configuration Debug for project Bootloader ****
make -j4 clean 
rm -rf *
 
11:35:41 **** Build of configuration Debug for project Application ****
make -j4 all 
arm-none-eabi-gcc "../Drivers/STM32F4xx_HAL_Driver/Src/stm32f4xx_hal.c" -mcpu=cortex-m4 -std=gnu11 -g3 -DDEBUG -DUSE_HAL_DRIVER -DSTM32F407xx -c -I../Core/Inc -I../Drivers/STM32F4xx_HAL_Driver/Inc -I../Drivers/STM32F4xx_HAL_Driver/Inc/Legacy -I../Drivers/CMSIS/Device/ST/STM32F4xx/Include -I../Drivers/CMSIS/Include -O0 -ffunction-sections -fdata-sections -Wall -fstack-usage -MMD -MP -MF"Drivers/STM32F4xx_HAL_Driver/Src/stm32f4xx_hal.d" -MT"Drivers/STM32F4xx_HAL_Driver/Src/stm32f4xx_hal.o" --specs=nano.specs -mfpu=fpv4-sp-d16 -mfloat-abi=hard -mthumb -o "Drivers/STM32F4xx_HAL_Driver/Src/stm32f4xx_hal.o"
arm-none-eabi-gcc "../Drivers/STM32F4xx_HAL_Driver/Src/stm32f4xx_hal_cortex.c" -mcpu=cortex-m4 -std=gnu11 -g3 -DDEBUG -DUSE_HAL_DRIVER -DSTM32F407xx -c -I../Core/Inc -I../Drivers/STM32F4xx_HAL_Driver/Inc -I../Drivers/STM32F4xx_HAL_Driver/Inc/Legacy -I../Drivers/CMSIS/Device/ST/STM32F4xx/Include -I../Drivers/CMSIS/Include -O0 -ffunction-sections -fdata-sections -Wall -fstack-usage -MMD -MP -MF"Drivers/STM32F4xx_HAL_Driver/Src/stm32f4xx_hal_cortex.d" -MT"Drivers/STM32F4xx_HAL_Driver/Src/stm32f4xx_hal_cortex.o" --specs=nano.specs -mfpu=fpv4-sp-d16 -mfloat-abi=hard -mthumb -o "Drivers/STM32F4xx_HAL_Driver/Src/stm32f4xx_hal_cortex.o"
arm-none-eabi-gcc "../Drivers/STM32F4xx_HAL_Driver/Src/stm32f4xx_hal_dma.c" -mcpu=cortex-m4 -std=gnu11 -g3 -DDEBUG -DUSE_HAL_DRIVER -DSTM32F407xx -c -I../Core/Inc -I../Drivers/STM32F4xx_HAL_Driver/Inc -I../Drivers/STM32F4xx_HAL_Driver/Inc/Legacy -I../Drivers/CMSIS/Device/ST/STM32F4xx/Include -I../Drivers/CMSIS/Include -O0 -ffunction-sections -fdata-sections -Wall -fstack-usage -MMD -MP -MF"Drivers/STM32F4xx_HAL_Driver/Src/stm32f4xx_hal_dma.d" -MT"Drivers/STM32F4xx_HAL_Driver/Src/stm32f4xx_hal_dma.o" --specs=nano.specs -mfpu=fpv4-sp-d16 -mfloat-abi=hard -mthumb -o "Drivers/STM32F4xx_HAL_Driver/Src/stm32f4xx_hal_dma.o"
arm-none-eabi-gcc "../Drivers/STM32F4xx_HAL_Driver/Src/stm32f4xx_hal_dma_ex.c" -mcpu=cortex-m4 -std=gnu11 -g3 -DDEBUG -DUSE_HAL_DRIVER -DSTM32F407xx -c -I../Core/Inc -I../Drivers/STM32F4xx_HAL_Driver/Inc -I../Drivers/STM32F4xx_HAL_Driver/Inc/Legacy -I../Drivers/CMSIS/Device/ST/STM32F4xx/Include -I../Drivers/CMSIS/Include -O0 -ffunction-sections -fdata-sections -Wall -fstack-usage -MMD -MP -MF"Drivers/STM32F4xx_HAL_Driver/Src/stm32f4xx_hal_dma_ex.d" -MT"Drivers/STM32F4xx_HAL_Driver/Src/stm32f4xx_hal_dma_ex.o" --specs=nano.specs -mfpu=fpv4-sp-d16 -mfloat-abi=hard -mthumb -o "Drivers/STM32F4xx_HAL_Driver/Src/stm32f4xx_hal_dma_ex.o"
arm-none-eabi-gcc "../Drivers/STM32F4xx_HAL_Driver/Src/stm32f4xx_hal_exti.c" -mcpu=cortex-m4 -std=gnu11 -g3 -DDEBUG -DUSE_HAL_DRIVER -DSTM32F407xx -c -I../Core/Inc -I../Drivers/STM32F4xx_HAL_Driver/Inc -I../Drivers/STM32F4xx_HAL_Driver/Inc/Legacy -I../Drivers/CMSIS/Device/ST/STM32F4xx/Include -I../Drivers/CMSIS/Include -O0 -ffunction-sections -fdata-sections -Wall -fstack-usage -MMD -MP -MF"Drivers/STM32F4xx_HAL_Driver/Src/stm32f4xx_hal_exti.d" -MT"Drivers/STM32F4xx_HAL_Driver/Src/stm32f4xx_hal_exti.o" --specs=nano.specs -mfpu=fpv4-sp-d16 -mfloat-abi=hard -mthumb -o "Drivers/STM32F4xx_HAL_Driver/Src/stm32f4xx_hal_exti.o"
arm-none-eabi-gcc "../Drivers/STM32F4xx_HAL_Driver/Src/stm32f4xx_hal_flash.c" -mcpu=cortex-m4 -std=gnu11 -g3 -DDEBUG -DUSE_HAL_DRIVER -DSTM32F407xx -c -I../Core/Inc -I../Drivers/STM32F4xx_HAL_Driver/Inc -I../Drivers/STM32F4xx_HAL_Driver/Inc/Legacy -I../Drivers/CMSIS/Device/ST/STM32F4xx/Include -I../Drivers/CMSIS/Include -O0 -ffunction-sections -fdata-sections -Wall -fstack-usage -MMD -MP -MF"Drivers/STM32F4xx_HAL_Driver/Src/stm32f4xx_hal_flash.d" -MT"Drivers/STM32F4xx_HAL_Driver/Src/stm32f4xx_hal_flash.o" --specs=nano.specs -mfpu=fpv4-sp-d16 -mfloat-abi=hard -mthumb -o "Drivers/STM32F4xx_HAL_Driver/Src/stm32f4xx_hal_flash.o"
arm-none-eabi-gcc "../Drivers/STM32F4xx_HAL_Driver/Src/stm32f4xx_hal_flash_ex.c" -mcpu=cortex-m4 -std=gnu11 -g3 -DDEBUG -DUSE_HAL_DRIVER -DSTM32F407xx -c -I../Core/Inc -I../Drivers/STM32F4xx_HAL_Driver/Inc -I../Drivers/STM32F4xx_HAL_Driver/Inc/Legacy -I../Drivers/CMSIS/Device/ST/STM32F4xx/Include -I../Drivers/CMSIS/Include -O0 -ffunction-sections -fdata-sections -Wall -fstack-usage -MMD -MP -MF"Drivers/STM32F4xx_HAL_Driver/Src/stm32f4xx_hal_flash_ex.d" -MT"Drivers/STM32F4xx_HAL_Driver/Src/stm32f4xx_hal_flash_ex.o" --specs=nano.specs -mfpu=fpv4-sp-d16 -mfloat-abi=hard -mthumb -o "Drivers/STM32F4xx_HAL_Driver/Src/stm32f4xx_hal_flash_ex.o"
arm-none-eabi-gcc "../Drivers/STM32F4xx_HAL_Driver/Src/stm32f4xx_hal_flash_ramfunc.c" -mcpu=cortex-m4 -std=gnu11 -g3 -DDEBUG -DUSE_HAL_DRIVER -DSTM32F407xx -c -I../Core/Inc -I../Drivers/STM32F4xx_HAL_Driver/Inc -I../Drivers/STM32F4xx_HAL_Driver/Inc/Legacy -I../Drivers/CMSIS/Device/ST/STM32F4xx/Include -I../Drivers/CMSIS/Include -O0 -ffunction-sections -fdata-sections -Wall -fstack-usage -MMD -MP -MF"Drivers/STM32F4xx_HAL_Driver/Src/stm32f4xx_hal_flash_ramfunc.d" -MT"Drivers/STM32F4xx_HAL_Driver/Src/stm32f4xx_hal_flash_ramfunc.o" --specs=nano.specs -mfpu=fpv4-sp-d16 -mfloat-abi=hard -mthumb -o "Drivers/STM32F4xx_HAL_Driver/Src/stm32f4xx_hal_flash_ramfunc.o"
arm-none-eabi-gcc "../Drivers/STM32F4xx_HAL_Driver/Src/stm32f4xx_hal_gpio.c" -mcpu=cortex-m4 -std=gnu11 -g3 -DDEBUG -DUSE_HAL_DRIVER -DSTM32F407xx -c -I../Core/Inc -I../Drivers/STM32F4xx_HAL_Driver/Inc -I../Drivers/STM32F4xx_HAL_Driver/Inc/Legacy -I../Drivers/CMSIS/Device/ST/STM32F4xx/Include -I../Drivers/CMSIS/Include -O0 -ffunction-sections -fdata-sections -Wall -fstack-usage -MMD -MP -MF"Drivers/STM32F4xx_HAL_Driver/Src/stm32f4xx_hal_gpio.d" -MT"Drivers/STM32F4xx_HAL_Driver/Src/stm32f4xx_hal_gpio.o" --specs=nano.specs -mfpu=fpv4-sp-d16 -mfloat-abi=hard -mthumb -o "Drivers/STM32F4xx_HAL_Driver/Src/stm32f4xx_hal_gpio.o"
arm-none-eabi-gcc "../Drivers/STM32F4xx_HAL_Driver/Src/stm32f4xx_hal_pwr.c" -mcpu=cortex-m4 -std=gnu11 -g3 -DDEBUG -DUSE_HAL_DRIVER -DSTM32F407xx -c -I../Core/Inc -I../Drivers/STM32F4xx_HAL_Driver/Inc -I../Drivers/STM32F4xx_HAL_Driver/Inc/Legacy -I../Drivers/CMSIS/Device/ST/STM32F4xx/Include -I../Drivers/CMSIS/Include -O0 -ffunction-sections -fdata-sections -Wall -fstack-usage -MMD -MP -MF"Drivers/STM32F4xx_HAL_Driver/Src/stm32f4xx_hal_pwr.d" -MT"Drivers/STM32F4xx_HAL_Driver/Src/stm32f4xx_hal_pwr.o" --specs=nano.specs -mfpu=fpv4-sp-d16 -mfloat-abi=hard -mthumb -o "Drivers/STM32F4xx_HAL_Driver/Src/stm32f4xx_hal_pwr.o"
arm-none-eabi-gcc "../Drivers/STM32F4xx_HAL_Driver/Src/stm32f4xx_hal_pwr_ex.c" -mcpu=cortex-m4 -std=gnu11 -g3 -DDEBUG -DUSE_HAL_DRIVER -DSTM32F407xx -c -I../Core/Inc -I../Drivers/STM32F4xx_HAL_Driver/Inc -I../Drivers/STM32F4xx_HAL_Driver/Inc/Legacy -I../Drivers/CMSIS/Device/ST/STM32F4xx/Include -I../Drivers/CMSIS/Include -O0 -ffunction-sections -fdata-sections -Wall -fstack-usage -MMD -MP -MF"Drivers/STM32F4xx_HAL_Driver/Src/stm32f4xx_hal_pwr_ex.d" -MT"Drivers/STM32F4xx_HAL_Driver/Src/stm32f4xx_hal_pwr_ex.o" --specs=nano.specs -mfpu=fpv4-sp-d16 -mfloat-abi=hard -mthumb -o "Drivers/STM32F4xx_HAL_Driver/Src/stm32f4xx_hal_pwr_ex.o"
arm-none-eabi-gcc "../Drivers/STM32F4xx_HAL_Driver/Src/stm32f4xx_hal_rcc.c" -mcpu=cortex-m4 -std=gnu11 -g3 -DDEBUG -DUSE_HAL_DRIVER -DSTM32F407xx -c -I../Core/Inc -I../Drivers/STM32F4xx_HAL_Driver/Inc -I../Drivers/STM32F4xx_HAL_Driver/Inc/Legacy -I../Drivers/CMSIS/Device/ST/STM32F4xx/Include -I../Drivers/CMSIS/Include -O0 -ffunction-sections -fdata-sections -Wall -fstack-usage -MMD -MP -MF"Drivers/STM32F4xx_HAL_Driver/Src/stm32f4xx_hal_rcc.d" -MT"Drivers/STM32F4xx_HAL_Driver/Src/stm32f4xx_hal_rcc.o" --specs=nano.specs -mfpu=fpv4-sp-d16 -mfloat-abi=hard -mthumb -o "Drivers/STM32F4xx_HAL_Driver/Src/stm32f4xx_hal_rcc.o"
arm-none-eabi-gcc "../Drivers/STM32F4xx_HAL_Driver/Src/stm32f4xx_hal_rcc_ex.c" -mcpu=cortex-m4 -std=gnu11 -g3 -DDEBUG -DUSE_HAL_DRIVER -DSTM32F407xx -c -I../Core/Inc -I../Drivers/STM32F4xx_HAL_Driver/Inc -I../Drivers/STM32F4xx_HAL_Driver/Inc/Legacy -I../Drivers/CMSIS/Device/ST/STM32F4xx/Include -I../Drivers/CMSIS/Include -O0 -ffunction-sections -fdata-sections -Wall -fstack-usage -MMD -MP -MF"Drivers/STM32F4xx_HAL_Driver/Src/stm32f4xx_hal_rcc_ex.d" -MT"Drivers/STM32F4xx_HAL_Driver/Src/stm32f4xx_hal_rcc_ex.o" --specs=nano.specs -mfpu=fpv4-sp-d16 -mfloat-abi=hard -mthumb -o "Drivers/STM32F4xx_HAL_Driver/Src/stm32f4xx_hal_rcc_ex.o"
arm-none-eabi-gcc "../Drivers/STM32F4xx_HAL_Driver/Src/stm32f4xx_hal_tim.c" -mcpu=cortex-m4 -std=gnu11 -g3 -DDEBUG -DUSE_HAL_DRIVER -DSTM32F407xx -c -I../Core/Inc -I../Drivers/STM32F4xx_HAL_Driver/Inc -I../Drivers/STM32F4xx_HAL_Driver/Inc/Legacy -I../Drivers/CMSIS/Device/ST/STM32F4xx/Include -I../Drivers/CMSIS/Include -O0 -ffunction-sections -fdata-sections -Wall -fstack-usage -MMD -MP -MF"Drivers/STM32F4xx_HAL_Driver/Src/stm32f4xx_hal_tim.d" -MT"Drivers/STM32F4xx_HAL_Driver/Src/stm32f4xx_hal_tim.o" --specs=nano.specs -mfpu=fpv4-sp-d16 -mfloat-abi=hard -mthumb -o "Drivers/STM32F4xx_HAL_Driver/Src/stm32f4xx_hal_tim.o"
arm-none-eabi-gcc "../Drivers/STM32F4xx_HAL_Driver/Src/stm32f4xx_hal_tim_ex.c" -mcpu=cortex-m4 -std=gnu11 -g3 -DDEBUG -DUSE_HAL_DRIVER -DSTM32F407xx -c -I../Core/Inc -I../Drivers/STM32F4xx_HAL_Driver/Inc -I../Drivers/STM32F4xx_HAL_Driver/Inc/Legacy -I../Drivers/CMSIS/Device/ST/STM32F4xx/Include -I../Drivers/CMSIS/Include -O0 -ffunction-sections -fdata-sections -Wall -fstack-usage -MMD -MP -MF"Drivers/STM32F4xx_HAL_Driver/Src/stm32f4xx_hal_tim_ex.d" -MT"Drivers/STM32F4xx_HAL_Driver/Src/stm32f4xx_hal_tim_ex.o" --specs=nano.specs -mfpu=fpv4-sp-d16 -mfloat-abi=hard -mthumb -o "Drivers/STM32F4xx_HAL_Driver/Src/stm32f4xx_hal_tim_ex.o"
arm-none-eabi-gcc "../Drivers/STM32F4xx_HAL_Driver/Src/stm32f4xx_hal_uart.c" -mcpu=cortex-m4 -std=gnu11 -g3 -DDEBUG -DUSE_HAL_DRIVER -DSTM32F407xx -c -I../Core/Inc -I../Drivers/STM32F4xx_HAL_Driver/Inc -I../Drivers/STM32F4xx_HAL_Driver/Inc/Legacy -I../Drivers/CMSIS/Device/ST/STM32F4xx/Include -I../Drivers/CMSIS/Include -O0 -ffunction-sections -fdata-sections -Wall -fstack-usage -MMD -MP -MF"Drivers/STM32F4xx_HAL_Driver/Src/stm32f4xx_hal_uart.d" -MT"Drivers/STM32F4xx_HAL_Driver/Src/stm32f4xx_hal_uart.o" --specs=nano.specs -mfpu=fpv4-sp-d16 -mfloat-abi=hard -mthumb -o "Drivers/STM32F4xx_HAL_Driver/Src/stm32f4xx_hal_uart.o"
arm-none-eabi-gcc -mcpu=cortex-m4 -g3 -c -x assembler-with-cpp -MMD -MP -MF"Core/Startup/startup_stm32f407vgtx.d" -MT"Core/Startup/startup_stm32f407vgtx.o" --specs=nano.specs -mfpu=fpv4-sp-d16 -mfloat-abi=hard -mthumb -o "Core/Startup/startup_stm32f407vgtx.o" "../Core/Startup/startup_stm32f407vgtx.s"
arm-none-eabi-gcc "../Core/Src/main.c" -mcpu=cortex-m4 -std=gnu11 -g3 -DDEBUG -DUSE_HAL_DRIVER -DSTM32F407xx -c -I../Core/Inc -I../Drivers/STM32F4xx_HAL_Driver/Inc -I../Drivers/STM32F4xx_HAL_Driver/Inc/Legacy -I../Drivers/CMSIS/Device/ST/STM32F4xx/Include -I../Drivers/CMSIS/Include -O0 -ffunction-sections -fdata-sections -Wall -fstack-usage -MMD -MP -MF"Core/Src/main.d" -MT"Core/Src/main.o" --specs=nano.specs -mfpu=fpv4-sp-d16 -mfloat-abi=hard -mthumb -o "Core/Src/main.o"
arm-none-eabi-gcc "../Core/Src/stm32f4xx_hal_msp.c" -mcpu=cortex-m4 -std=gnu11 -g3 -DDEBUG -DUSE_HAL_DRIVER -DSTM32F407xx -c -I../Core/Inc -I../Drivers/STM32F4xx_HAL_Driver/Inc -I../Drivers/STM32F4xx_HAL_Driver/Inc/Legacy -I../Drivers/CMSIS/Device/ST/STM32F4xx/Include -I../Drivers/CMSIS/Include -O0 -ffunction-sections -fdata-sections -Wall -fstack-usage -MMD -MP -MF"Core/Src/stm32f4xx_hal_msp.d" -MT"Core/Src/stm32f4xx_hal_msp.o" --specs=nano.specs -mfpu=fpv4-sp-d16 -mfloat-abi=hard -mthumb -o "Core/Src/stm32f4xx_hal_msp.o"
arm-none-eabi-gcc "../Core/Src/stm32f4xx_it.c" -mcpu=cortex-m4 -std=gnu11 -g3 -DDEBUG -DUSE_HAL_DRIVER -DSTM32F407xx -c -I../Core/Inc -I../Drivers/STM32F4xx_HAL_Driver/Inc -I../Drivers/STM32F4xx_HAL_Driver/Inc/Legacy -I../Drivers/CMSIS/Device/ST/STM32F4xx/Include -I../Drivers/CMSIS/Include -O0 -ffunction-sections -fdata-sections -Wall -fstack-usage -MMD -MP -MF"Core/Src/stm32f4xx_it.d" -MT"Core/Src/stm32f4xx_it.o" --specs=nano.specs -mfpu=fpv4-sp-d16 -mfloat-abi=hard -mthumb -o "Core/Src/stm32f4xx_it.o"
arm-none-eabi-gcc "../Core/Src/syscalls.c" -mcpu=cortex-m4 -std=gnu11 -g3 -DDEBUG -DUSE_HAL_DRIVER -DSTM32F407xx -c -I../Core/Inc -I../Drivers/STM32F4xx_HAL_Driver/Inc -I../Drivers/STM32F4xx_HAL_Driver/Inc/Legacy -I../Drivers/CMSIS/Device/ST/STM32F4xx/Include -I../Drivers/CMSIS/Include -O0 -ffunction-sections -fdata-sections -Wall -fstack-usage -MMD -MP -MF"Core/Src/syscalls.d" -MT"Core/Src/syscalls.o" --specs=nano.specs -mfpu=fpv4-sp-d16 -mfloat-abi=hard -mthumb -o "Core/Src/syscalls.o"
arm-none-eabi-gcc "../Core/Src/sysmem.c" -mcpu=cortex-m4 -std=gnu11 -g3 -DDEBUG -DUSE_HAL_DRIVER -DSTM32F407xx -c -I../Core/Inc -I../Drivers/STM32F4xx_HAL_Driver/Inc -I../Drivers/STM32F4xx_HAL_Driver/Inc/Legacy -I../Drivers/CMSIS/Device/ST/STM32F4xx/Include -I../Drivers/CMSIS/Include -O0 -ffunction-sections -fdata-sections -Wall -fstack-usage -MMD -MP -MF"Core/Src/sysmem.d" -MT"Core/Src/sysmem.o" --specs=nano.specs -mfpu=fpv4-sp-d16 -mfloat-abi=hard -mthumb -o "Core/Src/sysmem.o"
arm-none-eabi-gcc "../Core/Src/system_stm32f4xx.c" -mcpu=cortex-m4 -std=gnu11 -g3 -DDEBUG -DUSE_HAL_DRIVER -DSTM32F407xx -c -I../Core/Inc -I../Drivers/STM32F4xx_HAL_Driver/Inc -I../Drivers/STM32F4xx_HAL_Driver/Inc/Legacy -I../Drivers/CMSIS/Device/ST/STM32F4xx/Include -I../Drivers/CMSIS/Include -O0 -ffunction-sections -fdata-sections -Wall -fstack-usage -MMD -MP -MF"Core/Src/system_stm32f4xx.d" -MT"Core/Src/system_stm32f4xx.o" --specs=nano.specs -mfpu=fpv4-sp-d16 -mfloat-abi=hard -mthumb -o "Core/Src/system_stm32f4xx.o"
arm-none-eabi-gcc -o "Application.elf" @"objects.list"   -mcpu=cortex-m4 -T"C:\Users\Admin\Desktop\stm32f4\Upfirm_wireless_MQTT\Boot_and_WinApp\Ver1\Stm32f4\Application\STM32F407VGTX_FLASH.ld" --specs=nosys.specs -Wl,-Map="Application.map" -Wl,--gc-sections -static --specs=nano.specs -mfpu=fpv4-sp-d16 -mfloat-abi=hard -mthumb -Wl,--start-group -lc -lm -Wl,--end-group
Finished building target: Application.elf
 
arm-none-eabi-size   Application.elf 
arm-none-eabi-objdump -h -S  Application.elf  > "Application.list"
arm-none-eabi-objcopy  -O binary  Application.elf  "Application.bin"
   text	   data	    bss	    dec	    hex	filename
   9684	     20	   1636	  11340	   2c4c	Application.elf
Finished building: default.size.stdout
 
Finished building: Application.bin
 
Finished building: Application.list
 
11:38:16 **** Incremental Build of configuration Debug for project Application ****
make -j4 all 
arm-none-eabi-gcc "../Core/Src/system_stm32f4xx.c" -mcpu=cortex-m4 -std=gnu11 -g3 -DDEBUG -DUSE_HAL_DRIVER -DSTM32F407xx -c -I../Core/Inc -I../Drivers/STM32F4xx_HAL_Driver/Inc -I../Drivers/STM32F4xx_HAL_Driver/Inc/Legacy -I../Drivers/CMSIS/Device/ST/STM32F4xx/Include -I../Drivers/CMSIS/Include -O0 -ffunction-sections -fdata-sections -Wall -fstack-usage -MMD -MP -MF"Core/Src/system_stm32f4xx.d" -MT"Core/Src/system_stm32f4xx.o" --specs=nano.specs -mfpu=fpv4-sp-d16 -mfloat-abi=hard -mthumb -o "Core/Src/system_stm32f4xx.o"
arm-none-eabi-gcc -o "Application.elf" @"objects.list"   -mcpu=cortex-m4 -T"C:\Users\Admin\Desktop\stm32f4\Upfirm_wireless_MQTT\Boot_and_WinApp\Ver1\Stm32f4\Application\STM32F407VGTX_FLASH.ld" --specs=nosys.specs -Wl,-Map="Application.map" -Wl,--gc-sections -static --specs=nano.specs -mfpu=fpv4-sp-d16 -mfloat-abi=hard -mthumb -Wl,--start-group -lc -lm -Wl,--end-group
Finished building target: Application.elf
 
arm-none-eabi-objdump -h -S  Application.elf  > "Application.list"
arm-none-eabi-objcopy  -O binary  Application.elf  "Application.bin"
arm-none-eabi-size   Application.elf 
   text	   data	    bss	    dec	    hex	filename
   9692	     20	   1636	  11348	   2c54	Application.elf
Finished building: default.size.stdout
 
Finished building: Application.bin
 
Finished building: Application.list
 
11:41:57 **** Incremental Build of configuration Debug for project Application ****
make -j4 all 
arm-none-eabi-gcc "../Core/Src/main.c" -mcpu=cortex-m4 -std=gnu11 -g3 -DDEBUG -DUSE_HAL_DRIVER -DSTM32F407xx -c -I../Core/Inc -I../Drivers/STM32F4xx_HAL_Driver/Inc -I../Drivers/STM32F4xx_HAL_Driver/Inc/Legacy -I../Drivers/CMSIS/Device/ST/STM32F4xx/Include -I../Drivers/CMSIS/Include -O0 -ffunction-sections -fdata-sections -Wall -fstack-usage -MMD -MP -MF"Core/Src/main.d" -MT"Core/Src/main.o" --specs=nano.specs -mfpu=fpv4-sp-d16 -mfloat-abi=hard -mthumb -o "Core/Src/main.o"
arm-none-eabi-gcc -o "Application.elf" @"objects.list"   -mcpu=cortex-m4 -T"C:\Users\Admin\Desktop\stm32f4\Upfirm_wireless_MQTT\Boot_and_WinApp\Ver1\Stm32f4\Application\STM32F407VGTX_FLASH.ld" --specs=nosys.specs -Wl,-Map="Application.map" -Wl,--gc-sections -static --specs=nano.specs -mfpu=fpv4-sp-d16 -mfloat-abi=hard -mthumb -Wl,--start-group -lc -lm -Wl,--end-group
Finished building target: Application.elf
 
arm-none-eabi-objdump -h -S  Application.elf  > "Application.list"
arm-none-eabi-objcopy  -O binary  Application.elf  "Application.bin"
arm-none-eabi-size   Application.elf 
   text	   data	    bss	    dec	    hex	filename
  10388	     20	   1636	  12044	   2f0c	Application.elf
Finished building: default.size.stdout
 
Finished building: Application.bin
 
Finished building: Application.list
 
11:53:04 **** Incremental Build of configuration Debug for project Application ****
make -j4 all 
arm-none-eabi-size   Application.elf 
   text	   data	    bss	    dec	    hex	filename
  10388	     20	   1636	  12044	   2f0c	Application.elf
Finished building: default.size.stdout
 
11:55:23 **** Incremental Build of configuration Debug for project Application ****
make -j4 all 
arm-none-eabi-gcc "../Core/Src/system_stm32f4xx.c" -mcpu=cortex-m4 -std=gnu11 -g3 -DDEBUG -DUSE_HAL_DRIVER -DSTM32F407xx -c -I../Core/Inc -I../Drivers/STM32F4xx_HAL_Driver/Inc -I../Drivers/STM32F4xx_HAL_Driver/Inc/Legacy -I../Drivers/CMSIS/Device/ST/STM32F4xx/Include -I../Drivers/CMSIS/Include -O0 -ffunction-sections -fdata-sections -Wall -fstack-usage -MMD -MP -MF"Core/Src/system_stm32f4xx.d" -MT"Core/Src/system_stm32f4xx.o" --specs=nano.specs -mfpu=fpv4-sp-d16 -mfloat-abi=hard -mthumb -o "Core/Src/system_stm32f4xx.o"
arm-none-eabi-gcc -o "Application.elf" @"objects.list"   -mcpu=cortex-m4 -T"C:\Users\Admin\Desktop\stm32f4\Upfirm_wireless_MQTT\Boot_and_WinApp\Ver1\Stm32f4\Application\STM32F407VGTX_FLASH.ld" --specs=nosys.specs -Wl,-Map="Application.map" -Wl,--gc-sections -static --specs=nano.specs -mfpu=fpv4-sp-d16 -mfloat-abi=hard -mthumb -Wl,--start-group -lc -lm -Wl,--end-group
Finished building target: Application.elf
 
arm-none-eabi-objdump -h -S  Application.elf  > "Application.list"
arm-none-eabi-objcopy  -O binary  Application.elf  "Application.bin"
arm-none-eabi-size   Application.elf 
   text	   data	    bss	    dec	    hex	filename
  10388	     20	   1636	  12044	   2f0c	Application.elf
Finished building: default.size.stdout
 
Finished building: Application.list
Finished building: Application.bin
 
 
11:56:16 **** Incremental Build of configuration Debug for project Application ****
make -j4 all 
arm-none-eabi-size   Application.elf 
   text	   data	    bss	    dec	    hex	filename
  10388	     20	   1636	  12044	   2f0c	Application.elf
Finished building: default.size.stdout
 
13:40:52 **** Build of configuration Debug for project Bootloader ****
make -j4 all 
arm-none-eabi-gcc "C:/Users/Admin/Desktop/stm32f4/Upfirm_wireless_MQTT/Boot_and_WinApp/Ver1/Stm32f4/Bootloader/queue_VHP/queue_p.c" -mcpu=cortex-m4 -std=gnu11 -g3 -DDEBUG -DUSE_HAL_DRIVER -DSTM32F407xx -c -I../Core/Inc -I../Drivers/STM32F4xx_HAL_Driver/Inc -I../Drivers/STM32F4xx_HAL_Driver/Inc/Legacy -I../Drivers/CMSIS/Device/ST/STM32F4xx/Include -I../Drivers/CMSIS/Include -I"C:/Users/Admin/Desktop/stm32f4/Upfirm_wireless_MQTT/Boot_and_WinApp/Ver1/Stm32f4/Bootloader/myFlash" -I"C:/Users/Admin/Desktop/stm32f4/Upfirm_wireless_MQTT/Boot_and_WinApp/Ver1/Stm32f4/Bootloader/myGPIO" -I"C:/Users/Admin/Desktop/stm32f4/Upfirm_wireless_MQTT/Boot_and_WinApp/Ver1/Stm32f4/Bootloader/MyLib" -I"C:/Users/Admin/Desktop/stm32f4/Upfirm_wireless_MQTT/Boot_and_WinApp/Ver1/Stm32f4/Bootloader/myUART" -I"C:/Users/Admin/Desktop/stm32f4/Upfirm_wireless_MQTT/Boot_and_WinApp/Ver1/Stm32f4/Bootloader/queue_VHP" -I"C:/Users/Admin/Desktop/stm32f4/Upfirm_wireless_MQTT/Boot_and_WinApp/Ver1/Stm32f4/Bootloader/EventDrive" -I"C:/Users/Admin/Desktop/stm32f4/Upfirm_wireless_MQTT/Boot_and_WinApp/Ver1/Stm32f4/Bootloader/applicattion" -O0 -ffunction-sections -fdata-sections -Wall -fstack-usage -MMD -MP -MF"queue_VHP/queue_p.d" -MT"queue_VHP/queue_p.o" --specs=nano.specs -mfpu=fpv4-sp-d16 -mfloat-abi=hard -mthumb -o "queue_VHP/queue_p.o"
arm-none-eabi-gcc "../myUART/MyUART.c" -mcpu=cortex-m4 -std=gnu11 -g3 -DDEBUG -DUSE_HAL_DRIVER -DSTM32F407xx -c -I../Core/Inc -I../Drivers/STM32F4xx_HAL_Driver/Inc -I../Drivers/STM32F4xx_HAL_Driver/Inc/Legacy -I../Drivers/CMSIS/Device/ST/STM32F4xx/Include -I../Drivers/CMSIS/Include -I"C:/Users/Admin/Desktop/stm32f4/Upfirm_wireless_MQTT/Boot_and_WinApp/Ver1/Stm32f4/Bootloader/myFlash" -I"C:/Users/Admin/Desktop/stm32f4/Upfirm_wireless_MQTT/Boot_and_WinApp/Ver1/Stm32f4/Bootloader/myGPIO" -I"C:/Users/Admin/Desktop/stm32f4/Upfirm_wireless_MQTT/Boot_and_WinApp/Ver1/Stm32f4/Bootloader/MyLib" -I"C:/Users/Admin/Desktop/stm32f4/Upfirm_wireless_MQTT/Boot_and_WinApp/Ver1/Stm32f4/Bootloader/myUART" -I"C:/Users/Admin/Desktop/stm32f4/Upfirm_wireless_MQTT/Boot_and_WinApp/Ver1/Stm32f4/Bootloader/queue_VHP" -I"C:/Users/Admin/Desktop/stm32f4/Upfirm_wireless_MQTT/Boot_and_WinApp/Ver1/Stm32f4/Bootloader/EventDrive" -I"C:/Users/Admin/Desktop/stm32f4/Upfirm_wireless_MQTT/Boot_and_WinApp/Ver1/Stm32f4/Bootloader/applicattion" -O0 -ffunction-sections -fdata-sections -Wall -fstack-usage -MMD -MP -MF"myUART/MyUART.d" -MT"myUART/MyUART.o" --specs=nano.specs -mfpu=fpv4-sp-d16 -mfloat-abi=hard -mthumb -o "myUART/MyUART.o"
arm-none-eabi-gcc "../myGPIO/myGPIO.c" -mcpu=cortex-m4 -std=gnu11 -g3 -DDEBUG -DUSE_HAL_DRIVER -DSTM32F407xx -c -I../Core/Inc -I../Drivers/STM32F4xx_HAL_Driver/Inc -I../Drivers/STM32F4xx_HAL_Driver/Inc/Legacy -I../Drivers/CMSIS/Device/ST/STM32F4xx/Include -I../Drivers/CMSIS/Include -I"C:/Users/Admin/Desktop/stm32f4/Upfirm_wireless_MQTT/Boot_and_WinApp/Ver1/Stm32f4/Bootloader/myFlash" -I"C:/Users/Admin/Desktop/stm32f4/Upfirm_wireless_MQTT/Boot_and_WinApp/Ver1/Stm32f4/Bootloader/myGPIO" -I"C:/Users/Admin/Desktop/stm32f4/Upfirm_wireless_MQTT/Boot_and_WinApp/Ver1/Stm32f4/Bootloader/MyLib" -I"C:/Users/Admin/Desktop/stm32f4/Upfirm_wireless_MQTT/Boot_and_WinApp/Ver1/Stm32f4/Bootloader/myUART" -I"C:/Users/Admin/Desktop/stm32f4/Upfirm_wireless_MQTT/Boot_and_WinApp/Ver1/Stm32f4/Bootloader/queue_VHP" -I"C:/Users/Admin/Desktop/stm32f4/Upfirm_wireless_MQTT/Boot_and_WinApp/Ver1/Stm32f4/Bootloader/EventDrive" -I"C:/Users/Admin/Desktop/stm32f4/Upfirm_wireless_MQTT/Boot_and_WinApp/Ver1/Stm32f4/Bootloader/applicattion" -O0 -ffunction-sections -fdata-sections -Wall -fstack-usage -MMD -MP -MF"myGPIO/myGPIO.d" -MT"myGPIO/myGPIO.o" --specs=nano.specs -mfpu=fpv4-sp-d16 -mfloat-abi=hard -mthumb -o "myGPIO/myGPIO.o"
arm-none-eabi-gcc "../myFlash/myFlash.c" -mcpu=cortex-m4 -std=gnu11 -g3 -DDEBUG -DUSE_HAL_DRIVER -DSTM32F407xx -c -I../Core/Inc -I../Drivers/STM32F4xx_HAL_Driver/Inc -I../Drivers/STM32F4xx_HAL_Driver/Inc/Legacy -I../Drivers/CMSIS/Device/ST/STM32F4xx/Include -I../Drivers/CMSIS/Include -I"C:/Users/Admin/Desktop/stm32f4/Upfirm_wireless_MQTT/Boot_and_WinApp/Ver1/Stm32f4/Bootloader/myFlash" -I"C:/Users/Admin/Desktop/stm32f4/Upfirm_wireless_MQTT/Boot_and_WinApp/Ver1/Stm32f4/Bootloader/myGPIO" -I"C:/Users/Admin/Desktop/stm32f4/Upfirm_wireless_MQTT/Boot_and_WinApp/Ver1/Stm32f4/Bootloader/MyLib" -I"C:/Users/Admin/Desktop/stm32f4/Upfirm_wireless_MQTT/Boot_and_WinApp/Ver1/Stm32f4/Bootloader/myUART" -I"C:/Users/Admin/Desktop/stm32f4/Upfirm_wireless_MQTT/Boot_and_WinApp/Ver1/Stm32f4/Bootloader/queue_VHP" -I"C:/Users/Admin/Desktop/stm32f4/Upfirm_wireless_MQTT/Boot_and_WinApp/Ver1/Stm32f4/Bootloader/EventDrive" -I"C:/Users/Admin/Desktop/stm32f4/Upfirm_wireless_MQTT/Boot_and_WinApp/Ver1/Stm32f4/Bootloader/applicattion" -O0 -ffunction-sections -fdata-sections -Wall -fstack-usage -MMD -MP -MF"myFlash/myFlash.d" -MT"myFlash/myFlash.o" --specs=nano.specs -mfpu=fpv4-sp-d16 -mfloat-abi=hard -mthumb -o "myFlash/myFlash.o"
arm-none-eabi-gcc "../applicattion/application.c" -mcpu=cortex-m4 -std=gnu11 -g3 -DDEBUG -DUSE_HAL_DRIVER -DSTM32F407xx -c -I../Core/Inc -I../Drivers/STM32F4xx_HAL_Driver/Inc -I../Drivers/STM32F4xx_HAL_Driver/Inc/Legacy -I../Drivers/CMSIS/Device/ST/STM32F4xx/Include -I../Drivers/CMSIS/Include -I"C:/Users/Admin/Desktop/stm32f4/Upfirm_wireless_MQTT/Boot_and_WinApp/Ver1/Stm32f4/Bootloader/myFlash" -I"C:/Users/Admin/Desktop/stm32f4/Upfirm_wireless_MQTT/Boot_and_WinApp/Ver1/Stm32f4/Bootloader/myGPIO" -I"C:/Users/Admin/Desktop/stm32f4/Upfirm_wireless_MQTT/Boot_and_WinApp/Ver1/Stm32f4/Bootloader/MyLib" -I"C:/Users/Admin/Desktop/stm32f4/Upfirm_wireless_MQTT/Boot_and_WinApp/Ver1/Stm32f4/Bootloader/myUART" -I"C:/Users/Admin/Desktop/stm32f4/Upfirm_wireless_MQTT/Boot_and_WinApp/Ver1/Stm32f4/Bootloader/queue_VHP" -I"C:/Users/Admin/Desktop/stm32f4/Upfirm_wireless_MQTT/Boot_and_WinApp/Ver1/Stm32f4/Bootloader/EventDrive" -I"C:/Users/Admin/Desktop/stm32f4/Upfirm_wireless_MQTT/Boot_and_WinApp/Ver1/Stm32f4/Bootloader/applicattion" -O0 -ffunction-sections -fdata-sections -Wall -fstack-usage -MMD -MP -MF"applicattion/application.d" -MT"applicattion/application.o" --specs=nano.specs -mfpu=fpv4-sp-d16 -mfloat-abi=hard -mthumb -o "applicattion/application.o"
arm-none-eabi-gcc "../MyLib/mylib.c" -mcpu=cortex-m4 -std=gnu11 -g3 -DDEBUG -DUSE_HAL_DRIVER -DSTM32F407xx -c -I../Core/Inc -I../Drivers/STM32F4xx_HAL_Driver/Inc -I../Drivers/STM32F4xx_HAL_Driver/Inc/Legacy -I../Drivers/CMSIS/Device/ST/STM32F4xx/Include -I../Drivers/CMSIS/Include -I"C:/Users/Admin/Desktop/stm32f4/Upfirm_wireless_MQTT/Boot_and_WinApp/Ver1/Stm32f4/Bootloader/myFlash" -I"C:/Users/Admin/Desktop/stm32f4/Upfirm_wireless_MQTT/Boot_and_WinApp/Ver1/Stm32f4/Bootloader/myGPIO" -I"C:/Users/Admin/Desktop/stm32f4/Upfirm_wireless_MQTT/Boot_and_WinApp/Ver1/Stm32f4/Bootloader/MyLib" -I"C:/Users/Admin/Desktop/stm32f4/Upfirm_wireless_MQTT/Boot_and_WinApp/Ver1/Stm32f4/Bootloader/myUART" -I"C:/Users/Admin/Desktop/stm32f4/Upfirm_wireless_MQTT/Boot_and_WinApp/Ver1/Stm32f4/Bootloader/queue_VHP" -I"C:/Users/Admin/Desktop/stm32f4/Upfirm_wireless_MQTT/Boot_and_WinApp/Ver1/Stm32f4/Bootloader/EventDrive" -I"C:/Users/Admin/Desktop/stm32f4/Upfirm_wireless_MQTT/Boot_and_WinApp/Ver1/Stm32f4/Bootloader/applicattion" -O0 -ffunction-sections -fdata-sections -Wall -fstack-usage -MMD -MP -MF"MyLib/mylib.d" -MT"MyLib/mylib.o" --specs=nano.specs -mfpu=fpv4-sp-d16 -mfloat-abi=hard -mthumb -o "MyLib/mylib.o"
../applicattion/application.c: In function 'ApplicationBoot_Hanlde_Event':
../applicattion/application.c:78:23: warning: passing argument 1 of 'UART_Reset_Data' discards 'volatile' qualifier from pointer target type [-Wdiscarded-qualifiers]
   78 |       UART_Reset_Data(&Receive);
      |                       ^~~~~~~~
In file included from ../applicattion/application.h:14,
                 from ../applicattion/application.c:8:
C:/Users/Admin/Desktop/stm32f4/Upfirm_wireless_MQTT/Boot_and_WinApp/Ver1/Stm32f4/Bootloader/myUART/MyUART.h:25:33: note: expected 'sData *' {aka 'struct <anonymous> *'} but argument is of type 'volatile sData *' {aka 'volatile struct <anonymous> *'}
   25 | void    UART_Reset_Data (sData *Data);
      |                          ~~~~~~~^~~~
../MyLib/mylib.c: In function 'Convert_Hex_to_Int':
../MyLib/mylib.c:37:14: warning: implicit declaration of function 'strtol' [-Wimplicit-function-declaration]
   37 |     result = strtol ((char*)HexArray, NULL, 16);
      |              ^~~~~~
arm-none-eabi-gcc "../EventDrive/EventDrive.c" -mcpu=cortex-m4 -std=gnu11 -g3 -DDEBUG -DUSE_HAL_DRIVER -DSTM32F407xx -c -I../Core/Inc -I../Drivers/STM32F4xx_HAL_Driver/Inc -I../Drivers/STM32F4xx_HAL_Driver/Inc/Legacy -I../Drivers/CMSIS/Device/ST/STM32F4xx/Include -I../Drivers/CMSIS/Include -I"C:/Users/Admin/Desktop/stm32f4/Upfirm_wireless_MQTT/Boot_and_WinApp/Ver1/Stm32f4/Bootloader/myFlash" -I"C:/Users/Admin/Desktop/stm32f4/Upfirm_wireless_MQTT/Boot_and_WinApp/Ver1/Stm32f4/Bootloader/myGPIO" -I"C:/Users/Admin/Desktop/stm32f4/Upfirm_wireless_MQTT/Boot_and_WinApp/Ver1/Stm32f4/Bootloader/MyLib" -I"C:/Users/Admin/Desktop/stm32f4/Upfirm_wireless_MQTT/Boot_and_WinApp/Ver1/Stm32f4/Bootloader/myUART" -I"C:/Users/Admin/Desktop/stm32f4/Upfirm_wireless_MQTT/Boot_and_WinApp/Ver1/Stm32f4/Bootloader/queue_VHP" -I"C:/Users/Admin/Desktop/stm32f4/Upfirm_wireless_MQTT/Boot_and_WinApp/Ver1/Stm32f4/Bootloader/EventDrive" -I"C:/Users/Admin/Desktop/stm32f4/Upfirm_wireless_MQTT/Boot_and_WinApp/Ver1/Stm32f4/Bootloader/applicattion" -O0 -ffunction-sections -fdata-sections -Wall -fstack-usage -MMD -MP -MF"EventDrive/EventDrive.d" -MT"EventDrive/EventDrive.o" --specs=nano.specs -mfpu=fpv4-sp-d16 -mfloat-abi=hard -mthumb -o "EventDrive/EventDrive.o"
arm-none-eabi-gcc "../Drivers/STM32F4xx_HAL_Driver/Src/stm32f4xx_hal.c" -mcpu=cortex-m4 -std=gnu11 -g3 -DDEBUG -DUSE_HAL_DRIVER -DSTM32F407xx -c -I../Core/Inc -I../Drivers/STM32F4xx_HAL_Driver/Inc -I../Drivers/STM32F4xx_HAL_Driver/Inc/Legacy -I../Drivers/CMSIS/Device/ST/STM32F4xx/Include -I../Drivers/CMSIS/Include -I"C:/Users/Admin/Desktop/stm32f4/Upfirm_wireless_MQTT/Boot_and_WinApp/Ver1/Stm32f4/Bootloader/myFlash" -I"C:/Users/Admin/Desktop/stm32f4/Upfirm_wireless_MQTT/Boot_and_WinApp/Ver1/Stm32f4/Bootloader/myGPIO" -I"C:/Users/Admin/Desktop/stm32f4/Upfirm_wireless_MQTT/Boot_and_WinApp/Ver1/Stm32f4/Bootloader/MyLib" -I"C:/Users/Admin/Desktop/stm32f4/Upfirm_wireless_MQTT/Boot_and_WinApp/Ver1/Stm32f4/Bootloader/myUART" -I"C:/Users/Admin/Desktop/stm32f4/Upfirm_wireless_MQTT/Boot_and_WinApp/Ver1/Stm32f4/Bootloader/queue_VHP" -I"C:/Users/Admin/Desktop/stm32f4/Upfirm_wireless_MQTT/Boot_and_WinApp/Ver1/Stm32f4/Bootloader/EventDrive" -I"C:/Users/Admin/Desktop/stm32f4/Upfirm_wireless_MQTT/Boot_and_WinApp/Ver1/Stm32f4/Bootloader/applicattion" -O0 -ffunction-sections -fdata-sections -Wall -fstack-usage -MMD -MP -MF"Drivers/STM32F4xx_HAL_Driver/Src/stm32f4xx_hal.d" -MT"Drivers/STM32F4xx_HAL_Driver/Src/stm32f4xx_hal.o" --specs=nano.specs -mfpu=fpv4-sp-d16 -mfloat-abi=hard -mthumb -o "Drivers/STM32F4xx_HAL_Driver/Src/stm32f4xx_hal.o"
arm-none-eabi-gcc "../Drivers/STM32F4xx_HAL_Driver/Src/stm32f4xx_hal_cortex.c" -mcpu=cortex-m4 -std=gnu11 -g3 -DDEBUG -DUSE_HAL_DRIVER -DSTM32F407xx -c -I../Core/Inc -I../Drivers/STM32F4xx_HAL_Driver/Inc -I../Drivers/STM32F4xx_HAL_Driver/Inc/Legacy -I../Drivers/CMSIS/Device/ST/STM32F4xx/Include -I../Drivers/CMSIS/Include -I"C:/Users/Admin/Desktop/stm32f4/Upfirm_wireless_MQTT/Boot_and_WinApp/Ver1/Stm32f4/Bootloader/myFlash" -I"C:/Users/Admin/Desktop/stm32f4/Upfirm_wireless_MQTT/Boot_and_WinApp/Ver1/Stm32f4/Bootloader/myGPIO" -I"C:/Users/Admin/Desktop/stm32f4/Upfirm_wireless_MQTT/Boot_and_WinApp/Ver1/Stm32f4/Bootloader/MyLib" -I"C:/Users/Admin/Desktop/stm32f4/Upfirm_wireless_MQTT/Boot_and_WinApp/Ver1/Stm32f4/Bootloader/myUART" -I"C:/Users/Admin/Desktop/stm32f4/Upfirm_wireless_MQTT/Boot_and_WinApp/Ver1/Stm32f4/Bootloader/queue_VHP" -I"C:/Users/Admin/Desktop/stm32f4/Upfirm_wireless_MQTT/Boot_and_WinApp/Ver1/Stm32f4/Bootloader/EventDrive" -I"C:/Users/Admin/Desktop/stm32f4/Upfirm_wireless_MQTT/Boot_and_WinApp/Ver1/Stm32f4/Bootloader/applicattion" -O0 -ffunction-sections -fdata-sections -Wall -fstack-usage -MMD -MP -MF"Drivers/STM32F4xx_HAL_Driver/Src/stm32f4xx_hal_cortex.d" -MT"Drivers/STM32F4xx_HAL_Driver/Src/stm32f4xx_hal_cortex.o" --specs=nano.specs -mfpu=fpv4-sp-d16 -mfloat-abi=hard -mthumb -o "Drivers/STM32F4xx_HAL_Driver/Src/stm32f4xx_hal_cortex.o"
arm-none-eabi-gcc "../Drivers/STM32F4xx_HAL_Driver/Src/stm32f4xx_hal_dma.c" -mcpu=cortex-m4 -std=gnu11 -g3 -DDEBUG -DUSE_HAL_DRIVER -DSTM32F407xx -c -I../Core/Inc -I../Drivers/STM32F4xx_HAL_Driver/Inc -I../Drivers/STM32F4xx_HAL_Driver/Inc/Legacy -I../Drivers/CMSIS/Device/ST/STM32F4xx/Include -I../Drivers/CMSIS/Include -I"C:/Users/Admin/Desktop/stm32f4/Upfirm_wireless_MQTT/Boot_and_WinApp/Ver1/Stm32f4/Bootloader/myFlash" -I"C:/Users/Admin/Desktop/stm32f4/Upfirm_wireless_MQTT/Boot_and_WinApp/Ver1/Stm32f4/Bootloader/myGPIO" -I"C:/Users/Admin/Desktop/stm32f4/Upfirm_wireless_MQTT/Boot_and_WinApp/Ver1/Stm32f4/Bootloader/MyLib" -I"C:/Users/Admin/Desktop/stm32f4/Upfirm_wireless_MQTT/Boot_and_WinApp/Ver1/Stm32f4/Bootloader/myUART" -I"C:/Users/Admin/Desktop/stm32f4/Upfirm_wireless_MQTT/Boot_and_WinApp/Ver1/Stm32f4/Bootloader/queue_VHP" -I"C:/Users/Admin/Desktop/stm32f4/Upfirm_wireless_MQTT/Boot_and_WinApp/Ver1/Stm32f4/Bootloader/EventDrive" -I"C:/Users/Admin/Desktop/stm32f4/Upfirm_wireless_MQTT/Boot_and_WinApp/Ver1/Stm32f4/Bootloader/applicattion" -O0 -ffunction-sections -fdata-sections -Wall -fstack-usage -MMD -MP -MF"Drivers/STM32F4xx_HAL_Driver/Src/stm32f4xx_hal_dma.d" -MT"Drivers/STM32F4xx_HAL_Driver/Src/stm32f4xx_hal_dma.o" --specs=nano.specs -mfpu=fpv4-sp-d16 -mfloat-abi=hard -mthumb -o "Drivers/STM32F4xx_HAL_Driver/Src/stm32f4xx_hal_dma.o"
arm-none-eabi-gcc "../Drivers/STM32F4xx_HAL_Driver/Src/stm32f4xx_hal_dma_ex.c" -mcpu=cortex-m4 -std=gnu11 -g3 -DDEBUG -DUSE_HAL_DRIVER -DSTM32F407xx -c -I../Core/Inc -I../Drivers/STM32F4xx_HAL_Driver/Inc -I../Drivers/STM32F4xx_HAL_Driver/Inc/Legacy -I../Drivers/CMSIS/Device/ST/STM32F4xx/Include -I../Drivers/CMSIS/Include -I"C:/Users/Admin/Desktop/stm32f4/Upfirm_wireless_MQTT/Boot_and_WinApp/Ver1/Stm32f4/Bootloader/myFlash" -I"C:/Users/Admin/Desktop/stm32f4/Upfirm_wireless_MQTT/Boot_and_WinApp/Ver1/Stm32f4/Bootloader/myGPIO" -I"C:/Users/Admin/Desktop/stm32f4/Upfirm_wireless_MQTT/Boot_and_WinApp/Ver1/Stm32f4/Bootloader/MyLib" -I"C:/Users/Admin/Desktop/stm32f4/Upfirm_wireless_MQTT/Boot_and_WinApp/Ver1/Stm32f4/Bootloader/myUART" -I"C:/Users/Admin/Desktop/stm32f4/Upfirm_wireless_MQTT/Boot_and_WinApp/Ver1/Stm32f4/Bootloader/queue_VHP" -I"C:/Users/Admin/Desktop/stm32f4/Upfirm_wireless_MQTT/Boot_and_WinApp/Ver1/Stm32f4/Bootloader/EventDrive" -I"C:/Users/Admin/Desktop/stm32f4/Upfirm_wireless_MQTT/Boot_and_WinApp/Ver1/Stm32f4/Bootloader/applicattion" -O0 -ffunction-sections -fdata-sections -Wall -fstack-usage -MMD -MP -MF"Drivers/STM32F4xx_HAL_Driver/Src/stm32f4xx_hal_dma_ex.d" -MT"Drivers/STM32F4xx_HAL_Driver/Src/stm32f4xx_hal_dma_ex.o" --specs=nano.specs -mfpu=fpv4-sp-d16 -mfloat-abi=hard -mthumb -o "Drivers/STM32F4xx_HAL_Driver/Src/stm32f4xx_hal_dma_ex.o"
arm-none-eabi-gcc "../Drivers/STM32F4xx_HAL_Driver/Src/stm32f4xx_hal_exti.c" -mcpu=cortex-m4 -std=gnu11 -g3 -DDEBUG -DUSE_HAL_DRIVER -DSTM32F407xx -c -I../Core/Inc -I../Drivers/STM32F4xx_HAL_Driver/Inc -I../Drivers/STM32F4xx_HAL_Driver/Inc/Legacy -I../Drivers/CMSIS/Device/ST/STM32F4xx/Include -I../Drivers/CMSIS/Include -I"C:/Users/Admin/Desktop/stm32f4/Upfirm_wireless_MQTT/Boot_and_WinApp/Ver1/Stm32f4/Bootloader/myFlash" -I"C:/Users/Admin/Desktop/stm32f4/Upfirm_wireless_MQTT/Boot_and_WinApp/Ver1/Stm32f4/Bootloader/myGPIO" -I"C:/Users/Admin/Desktop/stm32f4/Upfirm_wireless_MQTT/Boot_and_WinApp/Ver1/Stm32f4/Bootloader/MyLib" -I"C:/Users/Admin/Desktop/stm32f4/Upfirm_wireless_MQTT/Boot_and_WinApp/Ver1/Stm32f4/Bootloader/myUART" -I"C:/Users/Admin/Desktop/stm32f4/Upfirm_wireless_MQTT/Boot_and_WinApp/Ver1/Stm32f4/Bootloader/queue_VHP" -I"C:/Users/Admin/Desktop/stm32f4/Upfirm_wireless_MQTT/Boot_and_WinApp/Ver1/Stm32f4/Bootloader/EventDrive" -I"C:/Users/Admin/Desktop/stm32f4/Upfirm_wireless_MQTT/Boot_and_WinApp/Ver1/Stm32f4/Bootloader/applicattion" -O0 -ffunction-sections -fdata-sections -Wall -fstack-usage -MMD -MP -MF"Drivers/STM32F4xx_HAL_Driver/Src/stm32f4xx_hal_exti.d" -MT"Drivers/STM32F4xx_HAL_Driver/Src/stm32f4xx_hal_exti.o" --specs=nano.specs -mfpu=fpv4-sp-d16 -mfloat-abi=hard -mthumb -o "Drivers/STM32F4xx_HAL_Driver/Src/stm32f4xx_hal_exti.o"
arm-none-eabi-gcc "../Drivers/STM32F4xx_HAL_Driver/Src/stm32f4xx_hal_flash.c" -mcpu=cortex-m4 -std=gnu11 -g3 -DDEBUG -DUSE_HAL_DRIVER -DSTM32F407xx -c -I../Core/Inc -I../Drivers/STM32F4xx_HAL_Driver/Inc -I../Drivers/STM32F4xx_HAL_Driver/Inc/Legacy -I../Drivers/CMSIS/Device/ST/STM32F4xx/Include -I../Drivers/CMSIS/Include -I"C:/Users/Admin/Desktop/stm32f4/Upfirm_wireless_MQTT/Boot_and_WinApp/Ver1/Stm32f4/Bootloader/myFlash" -I"C:/Users/Admin/Desktop/stm32f4/Upfirm_wireless_MQTT/Boot_and_WinApp/Ver1/Stm32f4/Bootloader/myGPIO" -I"C:/Users/Admin/Desktop/stm32f4/Upfirm_wireless_MQTT/Boot_and_WinApp/Ver1/Stm32f4/Bootloader/MyLib" -I"C:/Users/Admin/Desktop/stm32f4/Upfirm_wireless_MQTT/Boot_and_WinApp/Ver1/Stm32f4/Bootloader/myUART" -I"C:/Users/Admin/Desktop/stm32f4/Upfirm_wireless_MQTT/Boot_and_WinApp/Ver1/Stm32f4/Bootloader/queue_VHP" -I"C:/Users/Admin/Desktop/stm32f4/Upfirm_wireless_MQTT/Boot_and_WinApp/Ver1/Stm32f4/Bootloader/EventDrive" -I"C:/Users/Admin/Desktop/stm32f4/Upfirm_wireless_MQTT/Boot_and_WinApp/Ver1/Stm32f4/Bootloader/applicattion" -O0 -ffunction-sections -fdata-sections -Wall -fstack-usage -MMD -MP -MF"Drivers/STM32F4xx_HAL_Driver/Src/stm32f4xx_hal_flash.d" -MT"Drivers/STM32F4xx_HAL_Driver/Src/stm32f4xx_hal_flash.o" --specs=nano.specs -mfpu=fpv4-sp-d16 -mfloat-abi=hard -mthumb -o "Drivers/STM32F4xx_HAL_Driver/Src/stm32f4xx_hal_flash.o"
arm-none-eabi-gcc "../Drivers/STM32F4xx_HAL_Driver/Src/stm32f4xx_hal_flash_ex.c" -mcpu=cortex-m4 -std=gnu11 -g3 -DDEBUG -DUSE_HAL_DRIVER -DSTM32F407xx -c -I../Core/Inc -I../Drivers/STM32F4xx_HAL_Driver/Inc -I../Drivers/STM32F4xx_HAL_Driver/Inc/Legacy -I../Drivers/CMSIS/Device/ST/STM32F4xx/Include -I../Drivers/CMSIS/Include -I"C:/Users/Admin/Desktop/stm32f4/Upfirm_wireless_MQTT/Boot_and_WinApp/Ver1/Stm32f4/Bootloader/myFlash" -I"C:/Users/Admin/Desktop/stm32f4/Upfirm_wireless_MQTT/Boot_and_WinApp/Ver1/Stm32f4/Bootloader/myGPIO" -I"C:/Users/Admin/Desktop/stm32f4/Upfirm_wireless_MQTT/Boot_and_WinApp/Ver1/Stm32f4/Bootloader/MyLib" -I"C:/Users/Admin/Desktop/stm32f4/Upfirm_wireless_MQTT/Boot_and_WinApp/Ver1/Stm32f4/Bootloader/myUART" -I"C:/Users/Admin/Desktop/stm32f4/Upfirm_wireless_MQTT/Boot_and_WinApp/Ver1/Stm32f4/Bootloader/queue_VHP" -I"C:/Users/Admin/Desktop/stm32f4/Upfirm_wireless_MQTT/Boot_and_WinApp/Ver1/Stm32f4/Bootloader/EventDrive" -I"C:/Users/Admin/Desktop/stm32f4/Upfirm_wireless_MQTT/Boot_and_WinApp/Ver1/Stm32f4/Bootloader/applicattion" -O0 -ffunction-sections -fdata-sections -Wall -fstack-usage -MMD -MP -MF"Drivers/STM32F4xx_HAL_Driver/Src/stm32f4xx_hal_flash_ex.d" -MT"Drivers/STM32F4xx_HAL_Driver/Src/stm32f4xx_hal_flash_ex.o" --specs=nano.specs -mfpu=fpv4-sp-d16 -mfloat-abi=hard -mthumb -o "Drivers/STM32F4xx_HAL_Driver/Src/stm32f4xx_hal_flash_ex.o"
arm-none-eabi-gcc "../Drivers/STM32F4xx_HAL_Driver/Src/stm32f4xx_hal_flash_ramfunc.c" -mcpu=cortex-m4 -std=gnu11 -g3 -DDEBUG -DUSE_HAL_DRIVER -DSTM32F407xx -c -I../Core/Inc -I../Drivers/STM32F4xx_HAL_Driver/Inc -I../Drivers/STM32F4xx_HAL_Driver/Inc/Legacy -I../Drivers/CMSIS/Device/ST/STM32F4xx/Include -I../Drivers/CMSIS/Include -I"C:/Users/Admin/Desktop/stm32f4/Upfirm_wireless_MQTT/Boot_and_WinApp/Ver1/Stm32f4/Bootloader/myFlash" -I"C:/Users/Admin/Desktop/stm32f4/Upfirm_wireless_MQTT/Boot_and_WinApp/Ver1/Stm32f4/Bootloader/myGPIO" -I"C:/Users/Admin/Desktop/stm32f4/Upfirm_wireless_MQTT/Boot_and_WinApp/Ver1/Stm32f4/Bootloader/MyLib" -I"C:/Users/Admin/Desktop/stm32f4/Upfirm_wireless_MQTT/Boot_and_WinApp/Ver1/Stm32f4/Bootloader/myUART" -I"C:/Users/Admin/Desktop/stm32f4/Upfirm_wireless_MQTT/Boot_and_WinApp/Ver1/Stm32f4/Bootloader/queue_VHP" -I"C:/Users/Admin/Desktop/stm32f4/Upfirm_wireless_MQTT/Boot_and_WinApp/Ver1/Stm32f4/Bootloader/EventDrive" -I"C:/Users/Admin/Desktop/stm32f4/Upfirm_wireless_MQTT/Boot_and_WinApp/Ver1/Stm32f4/Bootloader/applicattion" -O0 -ffunction-sections -fdata-sections -Wall -fstack-usage -MMD -MP -MF"Drivers/STM32F4xx_HAL_Driver/Src/stm32f4xx_hal_flash_ramfunc.d" -MT"Drivers/STM32F4xx_HAL_Driver/Src/stm32f4xx_hal_flash_ramfunc.o" --specs=nano.specs -mfpu=fpv4-sp-d16 -mfloat-abi=hard -mthumb -o "Drivers/STM32F4xx_HAL_Driver/Src/stm32f4xx_hal_flash_ramfunc.o"
arm-none-eabi-gcc "../Drivers/STM32F4xx_HAL_Driver/Src/stm32f4xx_hal_gpio.c" -mcpu=cortex-m4 -std=gnu11 -g3 -DDEBUG -DUSE_HAL_DRIVER -DSTM32F407xx -c -I../Core/Inc -I../Drivers/STM32F4xx_HAL_Driver/Inc -I../Drivers/STM32F4xx_HAL_Driver/Inc/Legacy -I../Drivers/CMSIS/Device/ST/STM32F4xx/Include -I../Drivers/CMSIS/Include -I"C:/Users/Admin/Desktop/stm32f4/Upfirm_wireless_MQTT/Boot_and_WinApp/Ver1/Stm32f4/Bootloader/myFlash" -I"C:/Users/Admin/Desktop/stm32f4/Upfirm_wireless_MQTT/Boot_and_WinApp/Ver1/Stm32f4/Bootloader/myGPIO" -I"C:/Users/Admin/Desktop/stm32f4/Upfirm_wireless_MQTT/Boot_and_WinApp/Ver1/Stm32f4/Bootloader/MyLib" -I"C:/Users/Admin/Desktop/stm32f4/Upfirm_wireless_MQTT/Boot_and_WinApp/Ver1/Stm32f4/Bootloader/myUART" -I"C:/Users/Admin/Desktop/stm32f4/Upfirm_wireless_MQTT/Boot_and_WinApp/Ver1/Stm32f4/Bootloader/queue_VHP" -I"C:/Users/Admin/Desktop/stm32f4/Upfirm_wireless_MQTT/Boot_and_WinApp/Ver1/Stm32f4/Bootloader/EventDrive" -I"C:/Users/Admin/Desktop/stm32f4/Upfirm_wireless_MQTT/Boot_and_WinApp/Ver1/Stm32f4/Bootloader/applicattion" -O0 -ffunction-sections -fdata-sections -Wall -fstack-usage -MMD -MP -MF"Drivers/STM32F4xx_HAL_Driver/Src/stm32f4xx_hal_gpio.d" -MT"Drivers/STM32F4xx_HAL_Driver/Src/stm32f4xx_hal_gpio.o" --specs=nano.specs -mfpu=fpv4-sp-d16 -mfloat-abi=hard -mthumb -o "Drivers/STM32F4xx_HAL_Driver/Src/stm32f4xx_hal_gpio.o"
arm-none-eabi-gcc "../Drivers/STM32F4xx_HAL_Driver/Src/stm32f4xx_hal_pwr.c" -mcpu=cortex-m4 -std=gnu11 -g3 -DDEBUG -DUSE_HAL_DRIVER -DSTM32F407xx -c -I../Core/Inc -I../Drivers/STM32F4xx_HAL_Driver/Inc -I../Drivers/STM32F4xx_HAL_Driver/Inc/Legacy -I../Drivers/CMSIS/Device/ST/STM32F4xx/Include -I../Drivers/CMSIS/Include -I"C:/Users/Admin/Desktop/stm32f4/Upfirm_wireless_MQTT/Boot_and_WinApp/Ver1/Stm32f4/Bootloader/myFlash" -I"C:/Users/Admin/Desktop/stm32f4/Upfirm_wireless_MQTT/Boot_and_WinApp/Ver1/Stm32f4/Bootloader/myGPIO" -I"C:/Users/Admin/Desktop/stm32f4/Upfirm_wireless_MQTT/Boot_and_WinApp/Ver1/Stm32f4/Bootloader/MyLib" -I"C:/Users/Admin/Desktop/stm32f4/Upfirm_wireless_MQTT/Boot_and_WinApp/Ver1/Stm32f4/Bootloader/myUART" -I"C:/Users/Admin/Desktop/stm32f4/Upfirm_wireless_MQTT/Boot_and_WinApp/Ver1/Stm32f4/Bootloader/queue_VHP" -I"C:/Users/Admin/Desktop/stm32f4/Upfirm_wireless_MQTT/Boot_and_WinApp/Ver1/Stm32f4/Bootloader/EventDrive" -I"C:/Users/Admin/Desktop/stm32f4/Upfirm_wireless_MQTT/Boot_and_WinApp/Ver1/Stm32f4/Bootloader/applicattion" -O0 -ffunction-sections -fdata-sections -Wall -fstack-usage -MMD -MP -MF"Drivers/STM32F4xx_HAL_Driver/Src/stm32f4xx_hal_pwr.d" -MT"Drivers/STM32F4xx_HAL_Driver/Src/stm32f4xx_hal_pwr.o" --specs=nano.specs -mfpu=fpv4-sp-d16 -mfloat-abi=hard -mthumb -o "Drivers/STM32F4xx_HAL_Driver/Src/stm32f4xx_hal_pwr.o"
arm-none-eabi-gcc "../Drivers/STM32F4xx_HAL_Driver/Src/stm32f4xx_hal_pwr_ex.c" -mcpu=cortex-m4 -std=gnu11 -g3 -DDEBUG -DUSE_HAL_DRIVER -DSTM32F407xx -c -I../Core/Inc -I../Drivers/STM32F4xx_HAL_Driver/Inc -I../Drivers/STM32F4xx_HAL_Driver/Inc/Legacy -I../Drivers/CMSIS/Device/ST/STM32F4xx/Include -I../Drivers/CMSIS/Include -I"C:/Users/Admin/Desktop/stm32f4/Upfirm_wireless_MQTT/Boot_and_WinApp/Ver1/Stm32f4/Bootloader/myFlash" -I"C:/Users/Admin/Desktop/stm32f4/Upfirm_wireless_MQTT/Boot_and_WinApp/Ver1/Stm32f4/Bootloader/myGPIO" -I"C:/Users/Admin/Desktop/stm32f4/Upfirm_wireless_MQTT/Boot_and_WinApp/Ver1/Stm32f4/Bootloader/MyLib" -I"C:/Users/Admin/Desktop/stm32f4/Upfirm_wireless_MQTT/Boot_and_WinApp/Ver1/Stm32f4/Bootloader/myUART" -I"C:/Users/Admin/Desktop/stm32f4/Upfirm_wireless_MQTT/Boot_and_WinApp/Ver1/Stm32f4/Bootloader/queue_VHP" -I"C:/Users/Admin/Desktop/stm32f4/Upfirm_wireless_MQTT/Boot_and_WinApp/Ver1/Stm32f4/Bootloader/EventDrive" -I"C:/Users/Admin/Desktop/stm32f4/Upfirm_wireless_MQTT/Boot_and_WinApp/Ver1/Stm32f4/Bootloader/applicattion" -O0 -ffunction-sections -fdata-sections -Wall -fstack-usage -MMD -MP -MF"Drivers/STM32F4xx_HAL_Driver/Src/stm32f4xx_hal_pwr_ex.d" -MT"Drivers/STM32F4xx_HAL_Driver/Src/stm32f4xx_hal_pwr_ex.o" --specs=nano.specs -mfpu=fpv4-sp-d16 -mfloat-abi=hard -mthumb -o "Drivers/STM32F4xx_HAL_Driver/Src/stm32f4xx_hal_pwr_ex.o"
arm-none-eabi-gcc "../Drivers/STM32F4xx_HAL_Driver/Src/stm32f4xx_hal_rcc.c" -mcpu=cortex-m4 -std=gnu11 -g3 -DDEBUG -DUSE_HAL_DRIVER -DSTM32F407xx -c -I../Core/Inc -I../Drivers/STM32F4xx_HAL_Driver/Inc -I../Drivers/STM32F4xx_HAL_Driver/Inc/Legacy -I../Drivers/CMSIS/Device/ST/STM32F4xx/Include -I../Drivers/CMSIS/Include -I"C:/Users/Admin/Desktop/stm32f4/Upfirm_wireless_MQTT/Boot_and_WinApp/Ver1/Stm32f4/Bootloader/myFlash" -I"C:/Users/Admin/Desktop/stm32f4/Upfirm_wireless_MQTT/Boot_and_WinApp/Ver1/Stm32f4/Bootloader/myGPIO" -I"C:/Users/Admin/Desktop/stm32f4/Upfirm_wireless_MQTT/Boot_and_WinApp/Ver1/Stm32f4/Bootloader/MyLib" -I"C:/Users/Admin/Desktop/stm32f4/Upfirm_wireless_MQTT/Boot_and_WinApp/Ver1/Stm32f4/Bootloader/myUART" -I"C:/Users/Admin/Desktop/stm32f4/Upfirm_wireless_MQTT/Boot_and_WinApp/Ver1/Stm32f4/Bootloader/queue_VHP" -I"C:/Users/Admin/Desktop/stm32f4/Upfirm_wireless_MQTT/Boot_and_WinApp/Ver1/Stm32f4/Bootloader/EventDrive" -I"C:/Users/Admin/Desktop/stm32f4/Upfirm_wireless_MQTT/Boot_and_WinApp/Ver1/Stm32f4/Bootloader/applicattion" -O0 -ffunction-sections -fdata-sections -Wall -fstack-usage -MMD -MP -MF"Drivers/STM32F4xx_HAL_Driver/Src/stm32f4xx_hal_rcc.d" -MT"Drivers/STM32F4xx_HAL_Driver/Src/stm32f4xx_hal_rcc.o" --specs=nano.specs -mfpu=fpv4-sp-d16 -mfloat-abi=hard -mthumb -o "Drivers/STM32F4xx_HAL_Driver/Src/stm32f4xx_hal_rcc.o"
arm-none-eabi-gcc "../Drivers/STM32F4xx_HAL_Driver/Src/stm32f4xx_hal_rcc_ex.c" -mcpu=cortex-m4 -std=gnu11 -g3 -DDEBUG -DUSE_HAL_DRIVER -DSTM32F407xx -c -I../Core/Inc -I../Drivers/STM32F4xx_HAL_Driver/Inc -I../Drivers/STM32F4xx_HAL_Driver/Inc/Legacy -I../Drivers/CMSIS/Device/ST/STM32F4xx/Include -I../Drivers/CMSIS/Include -I"C:/Users/Admin/Desktop/stm32f4/Upfirm_wireless_MQTT/Boot_and_WinApp/Ver1/Stm32f4/Bootloader/myFlash" -I"C:/Users/Admin/Desktop/stm32f4/Upfirm_wireless_MQTT/Boot_and_WinApp/Ver1/Stm32f4/Bootloader/myGPIO" -I"C:/Users/Admin/Desktop/stm32f4/Upfirm_wireless_MQTT/Boot_and_WinApp/Ver1/Stm32f4/Bootloader/MyLib" -I"C:/Users/Admin/Desktop/stm32f4/Upfirm_wireless_MQTT/Boot_and_WinApp/Ver1/Stm32f4/Bootloader/myUART" -I"C:/Users/Admin/Desktop/stm32f4/Upfirm_wireless_MQTT/Boot_and_WinApp/Ver1/Stm32f4/Bootloader/queue_VHP" -I"C:/Users/Admin/Desktop/stm32f4/Upfirm_wireless_MQTT/Boot_and_WinApp/Ver1/Stm32f4/Bootloader/EventDrive" -I"C:/Users/Admin/Desktop/stm32f4/Upfirm_wireless_MQTT/Boot_and_WinApp/Ver1/Stm32f4/Bootloader/applicattion" -O0 -ffunction-sections -fdata-sections -Wall -fstack-usage -MMD -MP -MF"Drivers/STM32F4xx_HAL_Driver/Src/stm32f4xx_hal_rcc_ex.d" -MT"Drivers/STM32F4xx_HAL_Driver/Src/stm32f4xx_hal_rcc_ex.o" --specs=nano.specs -mfpu=fpv4-sp-d16 -mfloat-abi=hard -mthumb -o "Drivers/STM32F4xx_HAL_Driver/Src/stm32f4xx_hal_rcc_ex.o"
arm-none-eabi-gcc "../Drivers/STM32F4xx_HAL_Driver/Src/stm32f4xx_hal_tim.c" -mcpu=cortex-m4 -std=gnu11 -g3 -DDEBUG -DUSE_HAL_DRIVER -DSTM32F407xx -c -I../Core/Inc -I../Drivers/STM32F4xx_HAL_Driver/Inc -I../Drivers/STM32F4xx_HAL_Driver/Inc/Legacy -I../Drivers/CMSIS/Device/ST/STM32F4xx/Include -I../Drivers/CMSIS/Include -I"C:/Users/Admin/Desktop/stm32f4/Upfirm_wireless_MQTT/Boot_and_WinApp/Ver1/Stm32f4/Bootloader/myFlash" -I"C:/Users/Admin/Desktop/stm32f4/Upfirm_wireless_MQTT/Boot_and_WinApp/Ver1/Stm32f4/Bootloader/myGPIO" -I"C:/Users/Admin/Desktop/stm32f4/Upfirm_wireless_MQTT/Boot_and_WinApp/Ver1/Stm32f4/Bootloader/MyLib" -I"C:/Users/Admin/Desktop/stm32f4/Upfirm_wireless_MQTT/Boot_and_WinApp/Ver1/Stm32f4/Bootloader/myUART" -I"C:/Users/Admin/Desktop/stm32f4/Upfirm_wireless_MQTT/Boot_and_WinApp/Ver1/Stm32f4/Bootloader/queue_VHP" -I"C:/Users/Admin/Desktop/stm32f4/Upfirm_wireless_MQTT/Boot_and_WinApp/Ver1/Stm32f4/Bootloader/EventDrive" -I"C:/Users/Admin/Desktop/stm32f4/Upfirm_wireless_MQTT/Boot_and_WinApp/Ver1/Stm32f4/Bootloader/applicattion" -O0 -ffunction-sections -fdata-sections -Wall -fstack-usage -MMD -MP -MF"Drivers/STM32F4xx_HAL_Driver/Src/stm32f4xx_hal_tim.d" -MT"Drivers/STM32F4xx_HAL_Driver/Src/stm32f4xx_hal_tim.o" --specs=nano.specs -mfpu=fpv4-sp-d16 -mfloat-abi=hard -mthumb -o "Drivers/STM32F4xx_HAL_Driver/Src/stm32f4xx_hal_tim.o"
arm-none-eabi-gcc "../Drivers/STM32F4xx_HAL_Driver/Src/stm32f4xx_hal_tim_ex.c" -mcpu=cortex-m4 -std=gnu11 -g3 -DDEBUG -DUSE_HAL_DRIVER -DSTM32F407xx -c -I../Core/Inc -I../Drivers/STM32F4xx_HAL_Driver/Inc -I../Drivers/STM32F4xx_HAL_Driver/Inc/Legacy -I../Drivers/CMSIS/Device/ST/STM32F4xx/Include -I../Drivers/CMSIS/Include -I"C:/Users/Admin/Desktop/stm32f4/Upfirm_wireless_MQTT/Boot_and_WinApp/Ver1/Stm32f4/Bootloader/myFlash" -I"C:/Users/Admin/Desktop/stm32f4/Upfirm_wireless_MQTT/Boot_and_WinApp/Ver1/Stm32f4/Bootloader/myGPIO" -I"C:/Users/Admin/Desktop/stm32f4/Upfirm_wireless_MQTT/Boot_and_WinApp/Ver1/Stm32f4/Bootloader/MyLib" -I"C:/Users/Admin/Desktop/stm32f4/Upfirm_wireless_MQTT/Boot_and_WinApp/Ver1/Stm32f4/Bootloader/myUART" -I"C:/Users/Admin/Desktop/stm32f4/Upfirm_wireless_MQTT/Boot_and_WinApp/Ver1/Stm32f4/Bootloader/queue_VHP" -I"C:/Users/Admin/Desktop/stm32f4/Upfirm_wireless_MQTT/Boot_and_WinApp/Ver1/Stm32f4/Bootloader/EventDrive" -I"C:/Users/Admin/Desktop/stm32f4/Upfirm_wireless_MQTT/Boot_and_WinApp/Ver1/Stm32f4/Bootloader/applicattion" -O0 -ffunction-sections -fdata-sections -Wall -fstack-usage -MMD -MP -MF"Drivers/STM32F4xx_HAL_Driver/Src/stm32f4xx_hal_tim_ex.d" -MT"Drivers/STM32F4xx_HAL_Driver/Src/stm32f4xx_hal_tim_ex.o" --specs=nano.specs -mfpu=fpv4-sp-d16 -mfloat-abi=hard -mthumb -o "Drivers/STM32F4xx_HAL_Driver/Src/stm32f4xx_hal_tim_ex.o"
arm-none-eabi-gcc "../Drivers/STM32F4xx_HAL_Driver/Src/stm32f4xx_hal_uart.c" -mcpu=cortex-m4 -std=gnu11 -g3 -DDEBUG -DUSE_HAL_DRIVER -DSTM32F407xx -c -I../Core/Inc -I../Drivers/STM32F4xx_HAL_Driver/Inc -I../Drivers/STM32F4xx_HAL_Driver/Inc/Legacy -I../Drivers/CMSIS/Device/ST/STM32F4xx/Include -I../Drivers/CMSIS/Include -I"C:/Users/Admin/Desktop/stm32f4/Upfirm_wireless_MQTT/Boot_and_WinApp/Ver1/Stm32f4/Bootloader/myFlash" -I"C:/Users/Admin/Desktop/stm32f4/Upfirm_wireless_MQTT/Boot_and_WinApp/Ver1/Stm32f4/Bootloader/myGPIO" -I"C:/Users/Admin/Desktop/stm32f4/Upfirm_wireless_MQTT/Boot_and_WinApp/Ver1/Stm32f4/Bootloader/MyLib" -I"C:/Users/Admin/Desktop/stm32f4/Upfirm_wireless_MQTT/Boot_and_WinApp/Ver1/Stm32f4/Bootloader/myUART" -I"C:/Users/Admin/Desktop/stm32f4/Upfirm_wireless_MQTT/Boot_and_WinApp/Ver1/Stm32f4/Bootloader/queue_VHP" -I"C:/Users/Admin/Desktop/stm32f4/Upfirm_wireless_MQTT/Boot_and_WinApp/Ver1/Stm32f4/Bootloader/EventDrive" -I"C:/Users/Admin/Desktop/stm32f4/Upfirm_wireless_MQTT/Boot_and_WinApp/Ver1/Stm32f4/Bootloader/applicattion" -O0 -ffunction-sections -fdata-sections -Wall -fstack-usage -MMD -MP -MF"Drivers/STM32F4xx_HAL_Driver/Src/stm32f4xx_hal_uart.d" -MT"Drivers/STM32F4xx_HAL_Driver/Src/stm32f4xx_hal_uart.o" --specs=nano.specs -mfpu=fpv4-sp-d16 -mfloat-abi=hard -mthumb -o "Drivers/STM32F4xx_HAL_Driver/Src/stm32f4xx_hal_uart.o"
arm-none-eabi-gcc -mcpu=cortex-m4 -g3 -c -x assembler-with-cpp -MMD -MP -MF"Core/Startup/startup_stm32f407vgtx.d" -MT"Core/Startup/startup_stm32f407vgtx.o" --specs=nano.specs -mfpu=fpv4-sp-d16 -mfloat-abi=hard -mthumb -o "Core/Startup/startup_stm32f407vgtx.o" "../Core/Startup/startup_stm32f407vgtx.s"
arm-none-eabi-gcc "../Core/Src/gpio.c" -mcpu=cortex-m4 -std=gnu11 -g3 -DDEBUG -DUSE_HAL_DRIVER -DSTM32F407xx -c -I../Core/Inc -I../Drivers/STM32F4xx_HAL_Driver/Inc -I../Drivers/STM32F4xx_HAL_Driver/Inc/Legacy -I../Drivers/CMSIS/Device/ST/STM32F4xx/Include -I../Drivers/CMSIS/Include -I"C:/Users/Admin/Desktop/stm32f4/Upfirm_wireless_MQTT/Boot_and_WinApp/Ver1/Stm32f4/Bootloader/myFlash" -I"C:/Users/Admin/Desktop/stm32f4/Upfirm_wireless_MQTT/Boot_and_WinApp/Ver1/Stm32f4/Bootloader/myGPIO" -I"C:/Users/Admin/Desktop/stm32f4/Upfirm_wireless_MQTT/Boot_and_WinApp/Ver1/Stm32f4/Bootloader/MyLib" -I"C:/Users/Admin/Desktop/stm32f4/Upfirm_wireless_MQTT/Boot_and_WinApp/Ver1/Stm32f4/Bootloader/myUART" -I"C:/Users/Admin/Desktop/stm32f4/Upfirm_wireless_MQTT/Boot_and_WinApp/Ver1/Stm32f4/Bootloader/queue_VHP" -I"C:/Users/Admin/Desktop/stm32f4/Upfirm_wireless_MQTT/Boot_and_WinApp/Ver1/Stm32f4/Bootloader/EventDrive" -I"C:/Users/Admin/Desktop/stm32f4/Upfirm_wireless_MQTT/Boot_and_WinApp/Ver1/Stm32f4/Bootloader/applicattion" -O0 -ffunction-sections -fdata-sections -Wall -fstack-usage -MMD -MP -MF"Core/Src/gpio.d" -MT"Core/Src/gpio.o" --specs=nano.specs -mfpu=fpv4-sp-d16 -mfloat-abi=hard -mthumb -o "Core/Src/gpio.o"
arm-none-eabi-gcc "../Core/Src/main.c" -mcpu=cortex-m4 -std=gnu11 -g3 -DDEBUG -DUSE_HAL_DRIVER -DSTM32F407xx -c -I../Core/Inc -I../Drivers/STM32F4xx_HAL_Driver/Inc -I../Drivers/STM32F4xx_HAL_Driver/Inc/Legacy -I../Drivers/CMSIS/Device/ST/STM32F4xx/Include -I../Drivers/CMSIS/Include -I"C:/Users/Admin/Desktop/stm32f4/Upfirm_wireless_MQTT/Boot_and_WinApp/Ver1/Stm32f4/Bootloader/myFlash" -I"C:/Users/Admin/Desktop/stm32f4/Upfirm_wireless_MQTT/Boot_and_WinApp/Ver1/Stm32f4/Bootloader/myGPIO" -I"C:/Users/Admin/Desktop/stm32f4/Upfirm_wireless_MQTT/Boot_and_WinApp/Ver1/Stm32f4/Bootloader/MyLib" -I"C:/Users/Admin/Desktop/stm32f4/Upfirm_wireless_MQTT/Boot_and_WinApp/Ver1/Stm32f4/Bootloader/myUART" -I"C:/Users/Admin/Desktop/stm32f4/Upfirm_wireless_MQTT/Boot_and_WinApp/Ver1/Stm32f4/Bootloader/queue_VHP" -I"C:/Users/Admin/Desktop/stm32f4/Upfirm_wireless_MQTT/Boot_and_WinApp/Ver1/Stm32f4/Bootloader/EventDrive" -I"C:/Users/Admin/Desktop/stm32f4/Upfirm_wireless_MQTT/Boot_and_WinApp/Ver1/Stm32f4/Bootloader/applicattion" -O0 -ffunction-sections -fdata-sections -Wall -fstack-usage -MMD -MP -MF"Core/Src/main.d" -MT"Core/Src/main.o" --specs=nano.specs -mfpu=fpv4-sp-d16 -mfloat-abi=hard -mthumb -o "Core/Src/main.o"
arm-none-eabi-gcc "../Core/Src/stm32f4xx_hal_msp.c" -mcpu=cortex-m4 -std=gnu11 -g3 -DDEBUG -DUSE_HAL_DRIVER -DSTM32F407xx -c -I../Core/Inc -I../Drivers/STM32F4xx_HAL_Driver/Inc -I../Drivers/STM32F4xx_HAL_Driver/Inc/Legacy -I../Drivers/CMSIS/Device/ST/STM32F4xx/Include -I../Drivers/CMSIS/Include -I"C:/Users/Admin/Desktop/stm32f4/Upfirm_wireless_MQTT/Boot_and_WinApp/Ver1/Stm32f4/Bootloader/myFlash" -I"C:/Users/Admin/Desktop/stm32f4/Upfirm_wireless_MQTT/Boot_and_WinApp/Ver1/Stm32f4/Bootloader/myGPIO" -I"C:/Users/Admin/Desktop/stm32f4/Upfirm_wireless_MQTT/Boot_and_WinApp/Ver1/Stm32f4/Bootloader/MyLib" -I"C:/Users/Admin/Desktop/stm32f4/Upfirm_wireless_MQTT/Boot_and_WinApp/Ver1/Stm32f4/Bootloader/myUART" -I"C:/Users/Admin/Desktop/stm32f4/Upfirm_wireless_MQTT/Boot_and_WinApp/Ver1/Stm32f4/Bootloader/queue_VHP" -I"C:/Users/Admin/Desktop/stm32f4/Upfirm_wireless_MQTT/Boot_and_WinApp/Ver1/Stm32f4/Bootloader/EventDrive" -I"C:/Users/Admin/Desktop/stm32f4/Upfirm_wireless_MQTT/Boot_and_WinApp/Ver1/Stm32f4/Bootloader/applicattion" -O0 -ffunction-sections -fdata-sections -Wall -fstack-usage -MMD -MP -MF"Core/Src/stm32f4xx_hal_msp.d" -MT"Core/Src/stm32f4xx_hal_msp.o" --specs=nano.specs -mfpu=fpv4-sp-d16 -mfloat-abi=hard -mthumb -o "Core/Src/stm32f4xx_hal_msp.o"
arm-none-eabi-gcc "../Core/Src/stm32f4xx_it.c" -mcpu=cortex-m4 -std=gnu11 -g3 -DDEBUG -DUSE_HAL_DRIVER -DSTM32F407xx -c -I../Core/Inc -I../Drivers/STM32F4xx_HAL_Driver/Inc -I../Drivers/STM32F4xx_HAL_Driver/Inc/Legacy -I../Drivers/CMSIS/Device/ST/STM32F4xx/Include -I../Drivers/CMSIS/Include -I"C:/Users/Admin/Desktop/stm32f4/Upfirm_wireless_MQTT/Boot_and_WinApp/Ver1/Stm32f4/Bootloader/myFlash" -I"C:/Users/Admin/Desktop/stm32f4/Upfirm_wireless_MQTT/Boot_and_WinApp/Ver1/Stm32f4/Bootloader/myGPIO" -I"C:/Users/Admin/Desktop/stm32f4/Upfirm_wireless_MQTT/Boot_and_WinApp/Ver1/Stm32f4/Bootloader/MyLib" -I"C:/Users/Admin/Desktop/stm32f4/Upfirm_wireless_MQTT/Boot_and_WinApp/Ver1/Stm32f4/Bootloader/myUART" -I"C:/Users/Admin/Desktop/stm32f4/Upfirm_wireless_MQTT/Boot_and_WinApp/Ver1/Stm32f4/Bootloader/queue_VHP" -I"C:/Users/Admin/Desktop/stm32f4/Upfirm_wireless_MQTT/Boot_and_WinApp/Ver1/Stm32f4/Bootloader/EventDrive" -I"C:/Users/Admin/Desktop/stm32f4/Upfirm_wireless_MQTT/Boot_and_WinApp/Ver1/Stm32f4/Bootloader/applicattion" -O0 -ffunction-sections -fdata-sections -Wall -fstack-usage -MMD -MP -MF"Core/Src/stm32f4xx_it.d" -MT"Core/Src/stm32f4xx_it.o" --specs=nano.specs -mfpu=fpv4-sp-d16 -mfloat-abi=hard -mthumb -o "Core/Src/stm32f4xx_it.o"
arm-none-eabi-gcc "../Core/Src/syscalls.c" -mcpu=cortex-m4 -std=gnu11 -g3 -DDEBUG -DUSE_HAL_DRIVER -DSTM32F407xx -c -I../Core/Inc -I../Drivers/STM32F4xx_HAL_Driver/Inc -I../Drivers/STM32F4xx_HAL_Driver/Inc/Legacy -I../Drivers/CMSIS/Device/ST/STM32F4xx/Include -I../Drivers/CMSIS/Include -I"C:/Users/Admin/Desktop/stm32f4/Upfirm_wireless_MQTT/Boot_and_WinApp/Ver1/Stm32f4/Bootloader/myFlash" -I"C:/Users/Admin/Desktop/stm32f4/Upfirm_wireless_MQTT/Boot_and_WinApp/Ver1/Stm32f4/Bootloader/myGPIO" -I"C:/Users/Admin/Desktop/stm32f4/Upfirm_wireless_MQTT/Boot_and_WinApp/Ver1/Stm32f4/Bootloader/MyLib" -I"C:/Users/Admin/Desktop/stm32f4/Upfirm_wireless_MQTT/Boot_and_WinApp/Ver1/Stm32f4/Bootloader/myUART" -I"C:/Users/Admin/Desktop/stm32f4/Upfirm_wireless_MQTT/Boot_and_WinApp/Ver1/Stm32f4/Bootloader/queue_VHP" -I"C:/Users/Admin/Desktop/stm32f4/Upfirm_wireless_MQTT/Boot_and_WinApp/Ver1/Stm32f4/Bootloader/EventDrive" -I"C:/Users/Admin/Desktop/stm32f4/Upfirm_wireless_MQTT/Boot_and_WinApp/Ver1/Stm32f4/Bootloader/applicattion" -O0 -ffunction-sections -fdata-sections -Wall -fstack-usage -MMD -MP -MF"Core/Src/syscalls.d" -MT"Core/Src/syscalls.o" --specs=nano.specs -mfpu=fpv4-sp-d16 -mfloat-abi=hard -mthumb -o "Core/Src/syscalls.o"
arm-none-eabi-gcc "../Core/Src/sysmem.c" -mcpu=cortex-m4 -std=gnu11 -g3 -DDEBUG -DUSE_HAL_DRIVER -DSTM32F407xx -c -I../Core/Inc -I../Drivers/STM32F4xx_HAL_Driver/Inc -I../Drivers/STM32F4xx_HAL_Driver/Inc/Legacy -I../Drivers/CMSIS/Device/ST/STM32F4xx/Include -I../Drivers/CMSIS/Include -I"C:/Users/Admin/Desktop/stm32f4/Upfirm_wireless_MQTT/Boot_and_WinApp/Ver1/Stm32f4/Bootloader/myFlash" -I"C:/Users/Admin/Desktop/stm32f4/Upfirm_wireless_MQTT/Boot_and_WinApp/Ver1/Stm32f4/Bootloader/myGPIO" -I"C:/Users/Admin/Desktop/stm32f4/Upfirm_wireless_MQTT/Boot_and_WinApp/Ver1/Stm32f4/Bootloader/MyLib" -I"C:/Users/Admin/Desktop/stm32f4/Upfirm_wireless_MQTT/Boot_and_WinApp/Ver1/Stm32f4/Bootloader/myUART" -I"C:/Users/Admin/Desktop/stm32f4/Upfirm_wireless_MQTT/Boot_and_WinApp/Ver1/Stm32f4/Bootloader/queue_VHP" -I"C:/Users/Admin/Desktop/stm32f4/Upfirm_wireless_MQTT/Boot_and_WinApp/Ver1/Stm32f4/Bootloader/EventDrive" -I"C:/Users/Admin/Desktop/stm32f4/Upfirm_wireless_MQTT/Boot_and_WinApp/Ver1/Stm32f4/Bootloader/applicattion" -O0 -ffunction-sections -fdata-sections -Wall -fstack-usage -MMD -MP -MF"Core/Src/sysmem.d" -MT"Core/Src/sysmem.o" --specs=nano.specs -mfpu=fpv4-sp-d16 -mfloat-abi=hard -mthumb -o "Core/Src/sysmem.o"
arm-none-eabi-gcc "../Core/Src/system_stm32f4xx.c" -mcpu=cortex-m4 -std=gnu11 -g3 -DDEBUG -DUSE_HAL_DRIVER -DSTM32F407xx -c -I../Core/Inc -I../Drivers/STM32F4xx_HAL_Driver/Inc -I../Drivers/STM32F4xx_HAL_Driver/Inc/Legacy -I../Drivers/CMSIS/Device/ST/STM32F4xx/Include -I../Drivers/CMSIS/Include -I"C:/Users/Admin/Desktop/stm32f4/Upfirm_wireless_MQTT/Boot_and_WinApp/Ver1/Stm32f4/Bootloader/myFlash" -I"C:/Users/Admin/Desktop/stm32f4/Upfirm_wireless_MQTT/Boot_and_WinApp/Ver1/Stm32f4/Bootloader/myGPIO" -I"C:/Users/Admin/Desktop/stm32f4/Upfirm_wireless_MQTT/Boot_and_WinApp/Ver1/Stm32f4/Bootloader/MyLib" -I"C:/Users/Admin/Desktop/stm32f4/Upfirm_wireless_MQTT/Boot_and_WinApp/Ver1/Stm32f4/Bootloader/myUART" -I"C:/Users/Admin/Desktop/stm32f4/Upfirm_wireless_MQTT/Boot_and_WinApp/Ver1/Stm32f4/Bootloader/queue_VHP" -I"C:/Users/Admin/Desktop/stm32f4/Upfirm_wireless_MQTT/Boot_and_WinApp/Ver1/Stm32f4/Bootloader/EventDrive" -I"C:/Users/Admin/Desktop/stm32f4/Upfirm_wireless_MQTT/Boot_and_WinApp/Ver1/Stm32f4/Bootloader/applicattion" -O0 -ffunction-sections -fdata-sections -Wall -fstack-usage -MMD -MP -MF"Core/Src/system_stm32f4xx.d" -MT"Core/Src/system_stm32f4xx.o" --specs=nano.specs -mfpu=fpv4-sp-d16 -mfloat-abi=hard -mthumb -o "Core/Src/system_stm32f4xx.o"
arm-none-eabi-gcc "../Core/Src/usart.c" -mcpu=cortex-m4 -std=gnu11 -g3 -DDEBUG -DUSE_HAL_DRIVER -DSTM32F407xx -c -I../Core/Inc -I../Drivers/STM32F4xx_HAL_Driver/Inc -I../Drivers/STM32F4xx_HAL_Driver/Inc/Legacy -I../Drivers/CMSIS/Device/ST/STM32F4xx/Include -I../Drivers/CMSIS/Include -I"C:/Users/Admin/Desktop/stm32f4/Upfirm_wireless_MQTT/Boot_and_WinApp/Ver1/Stm32f4/Bootloader/myFlash" -I"C:/Users/Admin/Desktop/stm32f4/Upfirm_wireless_MQTT/Boot_and_WinApp/Ver1/Stm32f4/Bootloader/myGPIO" -I"C:/Users/Admin/Desktop/stm32f4/Upfirm_wireless_MQTT/Boot_and_WinApp/Ver1/Stm32f4/Bootloader/MyLib" -I"C:/Users/Admin/Desktop/stm32f4/Upfirm_wireless_MQTT/Boot_and_WinApp/Ver1/Stm32f4/Bootloader/myUART" -I"C:/Users/Admin/Desktop/stm32f4/Upfirm_wireless_MQTT/Boot_and_WinApp/Ver1/Stm32f4/Bootloader/queue_VHP" -I"C:/Users/Admin/Desktop/stm32f4/Upfirm_wireless_MQTT/Boot_and_WinApp/Ver1/Stm32f4/Bootloader/EventDrive" -I"C:/Users/Admin/Desktop/stm32f4/Upfirm_wireless_MQTT/Boot_and_WinApp/Ver1/Stm32f4/Bootloader/applicattion" -O0 -ffunction-sections -fdata-sections -Wall -fstack-usage -MMD -MP -MF"Core/Src/usart.d" -MT"Core/Src/usart.o" --specs=nano.specs -mfpu=fpv4-sp-d16 -mfloat-abi=hard -mthumb -o "Core/Src/usart.o"
arm-none-eabi-gcc -o "Bootloader.elf" @"objects.list"   -mcpu=cortex-m4 -T"C:\Users\Admin\Desktop\stm32f4\Upfirm_wireless_MQTT\Boot_and_WinApp\Ver1\Stm32f4\Bootloader\STM32F407VGTX_FLASH.ld" --specs=nosys.specs -Wl,-Map="Bootloader.map" -Wl,--gc-sections -static --specs=nano.specs -mfpu=fpv4-sp-d16 -mfloat-abi=hard -mthumb -Wl,--start-group -lc -lm -Wl,--end-group
Finished building target: Bootloader.elf
 
arm-none-eabi-size   Bootloader.elf 
arm-none-eabi-objdump -h -S  Bootloader.elf  > "Bootloader.list"
arm-none-eabi-objcopy  -O ihex  Bootloader.elf  "Bootloader.hex"
arm-none-eabi-objcopy  -O binary  Bootloader.elf  "Bootloader.bin"
   text	   data	    bss	    dec	    hex	filename
  14364	    212	   1764	  16340	   3fd4	Bootloader.elf
Finished building: default.size.stdout
 
Finished building: Bootloader.bin
 
Finished building: Bootloader.hex
 
Finished building: Bootloader.list
 
13:41:33 **** Incremental Build of configuration Debug for project Bootloader ****
make -j4 all 
arm-none-eabi-size   Bootloader.elf 
   text	   data	    bss	    dec	    hex	filename
  14364	    212	   1764	  16340	   3fd4	Bootloader.elf
Finished building: default.size.stdout
 
13:41:41 **** Incremental Build of configuration Debug for project Bootloader ****
make -j4 all 
arm-none-eabi-size   Bootloader.elf 
   text	   data	    bss	    dec	    hex	filename
  14364	    212	   1764	  16340	   3fd4	Bootloader.elf
Finished building: default.size.stdout
 
13:41:47 **** Incremental Build of configuration Debug for project Bootloader ****
make -j4 all 
arm-none-eabi-gcc "../Core/Src/main.c" -mcpu=cortex-m4 -std=gnu11 -g3 -DDEBUG -DUSE_HAL_DRIVER -DSTM32F407xx -c -I../Core/Inc -I../Drivers/STM32F4xx_HAL_Driver/Inc -I../Drivers/STM32F4xx_HAL_Driver/Inc/Legacy -I../Drivers/CMSIS/Device/ST/STM32F4xx/Include -I../Drivers/CMSIS/Include -I"C:/Users/Admin/Desktop/stm32f4/Upfirm_wireless_MQTT/Boot_and_WinApp/Ver1/Stm32f4/Bootloader/myFlash" -I"C:/Users/Admin/Desktop/stm32f4/Upfirm_wireless_MQTT/Boot_and_WinApp/Ver1/Stm32f4/Bootloader/myGPIO" -I"C:/Users/Admin/Desktop/stm32f4/Upfirm_wireless_MQTT/Boot_and_WinApp/Ver1/Stm32f4/Bootloader/MyLib" -I"C:/Users/Admin/Desktop/stm32f4/Upfirm_wireless_MQTT/Boot_and_WinApp/Ver1/Stm32f4/Bootloader/myUART" -I"C:/Users/Admin/Desktop/stm32f4/Upfirm_wireless_MQTT/Boot_and_WinApp/Ver1/Stm32f4/Bootloader/queue_VHP" -I"C:/Users/Admin/Desktop/stm32f4/Upfirm_wireless_MQTT/Boot_and_WinApp/Ver1/Stm32f4/Bootloader/EventDrive" -I"C:/Users/Admin/Desktop/stm32f4/Upfirm_wireless_MQTT/Boot_and_WinApp/Ver1/Stm32f4/Bootloader/applicattion" -O0 -ffunction-sections -fdata-sections -Wall -fstack-usage -MMD -MP -MF"Core/Src/main.d" -MT"Core/Src/main.o" --specs=nano.specs -mfpu=fpv4-sp-d16 -mfloat-abi=hard -mthumb -o "Core/Src/main.o"
arm-none-eabi-gcc -o "Bootloader.elf" @"objects.list"   -mcpu=cortex-m4 -T"C:\Users\Admin\Desktop\stm32f4\Upfirm_wireless_MQTT\Boot_and_WinApp\Ver1\Stm32f4\Bootloader\STM32F407VGTX_FLASH.ld" --specs=nosys.specs -Wl,-Map="Bootloader.map" -Wl,--gc-sections -static --specs=nano.specs -mfpu=fpv4-sp-d16 -mfloat-abi=hard -mthumb -Wl,--start-group -lc -lm -Wl,--end-group
Finished building target: Bootloader.elf
 
arm-none-eabi-objdump -h -S  Bootloader.elf  > "Bootloader.list"
arm-none-eabi-objcopy  -O ihex  Bootloader.elf  "Bootloader.hex"
arm-none-eabi-objcopy  -O binary  Bootloader.elf  "Bootloader.bin"
arm-none-eabi-size   Bootloader.elf 
   text	   data	    bss	    dec	    hex	filename
  14364	    212	   1764	  16340	   3fd4	Bootloader.elf
Finished building: default.size.stdout
Finished building: Bootloader.list
Finished building: Bootloader.hex
 
Finished building: Bootloader.bin
 
 
 
13:41:55 **** Incremental Build of configuration Debug for project Bootloader ****
make -j4 all 
arm-none-eabi-size   Bootloader.elf 
   text	   data	    bss	    dec	    hex	filename
  14364	    212	   1764	  16340	   3fd4	Bootloader.elf
Finished building: default.size.stdout
 
13:42:57 **** Clean-only build of configuration Debug for project Bootloader ****
make -j4 clean 
rm -rf *
 
13:42:57 **** Incremental Build of configuration Debug for project Bootloader ****
make -j4 all 
arm-none-eabi-gcc "C:/Users/Admin/Desktop/stm32f4/Upfirm_wireless_MQTT/Boot_and_WinApp/Ver1/Stm32f4/Bootloader/queue_VHP/queue_p.c" -mcpu=cortex-m4 -std=gnu11 -g3 -DDEBUG -DUSE_HAL_DRIVER -DSTM32F407xx -c -I../Core/Inc -I../Drivers/STM32F4xx_HAL_Driver/Inc -I../Drivers/STM32F4xx_HAL_Driver/Inc/Legacy -I../Drivers/CMSIS/Device/ST/STM32F4xx/Include -I../Drivers/CMSIS/Include -I"C:/Users/Admin/Desktop/stm32f4/Upfirm_wireless_MQTT/Boot_and_WinApp/Ver1/Stm32f4/Bootloader/myFlash" -I"C:/Users/Admin/Desktop/stm32f4/Upfirm_wireless_MQTT/Boot_and_WinApp/Ver1/Stm32f4/Bootloader/myGPIO" -I"C:/Users/Admin/Desktop/stm32f4/Upfirm_wireless_MQTT/Boot_and_WinApp/Ver1/Stm32f4/Bootloader/MyLib" -I"C:/Users/Admin/Desktop/stm32f4/Upfirm_wireless_MQTT/Boot_and_WinApp/Ver1/Stm32f4/Bootloader/myUART" -I"C:/Users/Admin/Desktop/stm32f4/Upfirm_wireless_MQTT/Boot_and_WinApp/Ver1/Stm32f4/Bootloader/queue_VHP" -I"C:/Users/Admin/Desktop/stm32f4/Upfirm_wireless_MQTT/Boot_and_WinApp/Ver1/Stm32f4/Bootloader/EventDrive" -I"C:/Users/Admin/Desktop/stm32f4/Upfirm_wireless_MQTT/Boot_and_WinApp/Ver1/Stm32f4/Bootloader/applicattion" -O0 -ffunction-sections -fdata-sections -Wall -fstack-usage -MMD -MP -MF"queue_VHP/queue_p.d" -MT"queue_VHP/queue_p.o" --specs=nano.specs -mfpu=fpv4-sp-d16 -mfloat-abi=hard -mthumb -o "queue_VHP/queue_p.o"
arm-none-eabi-gcc "../myUART/MyUART.c" -mcpu=cortex-m4 -std=gnu11 -g3 -DDEBUG -DUSE_HAL_DRIVER -DSTM32F407xx -c -I../Core/Inc -I../Drivers/STM32F4xx_HAL_Driver/Inc -I../Drivers/STM32F4xx_HAL_Driver/Inc/Legacy -I../Drivers/CMSIS/Device/ST/STM32F4xx/Include -I../Drivers/CMSIS/Include -I"C:/Users/Admin/Desktop/stm32f4/Upfirm_wireless_MQTT/Boot_and_WinApp/Ver1/Stm32f4/Bootloader/myFlash" -I"C:/Users/Admin/Desktop/stm32f4/Upfirm_wireless_MQTT/Boot_and_WinApp/Ver1/Stm32f4/Bootloader/myGPIO" -I"C:/Users/Admin/Desktop/stm32f4/Upfirm_wireless_MQTT/Boot_and_WinApp/Ver1/Stm32f4/Bootloader/MyLib" -I"C:/Users/Admin/Desktop/stm32f4/Upfirm_wireless_MQTT/Boot_and_WinApp/Ver1/Stm32f4/Bootloader/myUART" -I"C:/Users/Admin/Desktop/stm32f4/Upfirm_wireless_MQTT/Boot_and_WinApp/Ver1/Stm32f4/Bootloader/queue_VHP" -I"C:/Users/Admin/Desktop/stm32f4/Upfirm_wireless_MQTT/Boot_and_WinApp/Ver1/Stm32f4/Bootloader/EventDrive" -I"C:/Users/Admin/Desktop/stm32f4/Upfirm_wireless_MQTT/Boot_and_WinApp/Ver1/Stm32f4/Bootloader/applicattion" -O0 -ffunction-sections -fdata-sections -Wall -fstack-usage -MMD -MP -MF"myUART/MyUART.d" -MT"myUART/MyUART.o" --specs=nano.specs -mfpu=fpv4-sp-d16 -mfloat-abi=hard -mthumb -o "myUART/MyUART.o"
arm-none-eabi-gcc "../myGPIO/myGPIO.c" -mcpu=cortex-m4 -std=gnu11 -g3 -DDEBUG -DUSE_HAL_DRIVER -DSTM32F407xx -c -I../Core/Inc -I../Drivers/STM32F4xx_HAL_Driver/Inc -I../Drivers/STM32F4xx_HAL_Driver/Inc/Legacy -I../Drivers/CMSIS/Device/ST/STM32F4xx/Include -I../Drivers/CMSIS/Include -I"C:/Users/Admin/Desktop/stm32f4/Upfirm_wireless_MQTT/Boot_and_WinApp/Ver1/Stm32f4/Bootloader/myFlash" -I"C:/Users/Admin/Desktop/stm32f4/Upfirm_wireless_MQTT/Boot_and_WinApp/Ver1/Stm32f4/Bootloader/myGPIO" -I"C:/Users/Admin/Desktop/stm32f4/Upfirm_wireless_MQTT/Boot_and_WinApp/Ver1/Stm32f4/Bootloader/MyLib" -I"C:/Users/Admin/Desktop/stm32f4/Upfirm_wireless_MQTT/Boot_and_WinApp/Ver1/Stm32f4/Bootloader/myUART" -I"C:/Users/Admin/Desktop/stm32f4/Upfirm_wireless_MQTT/Boot_and_WinApp/Ver1/Stm32f4/Bootloader/queue_VHP" -I"C:/Users/Admin/Desktop/stm32f4/Upfirm_wireless_MQTT/Boot_and_WinApp/Ver1/Stm32f4/Bootloader/EventDrive" -I"C:/Users/Admin/Desktop/stm32f4/Upfirm_wireless_MQTT/Boot_and_WinApp/Ver1/Stm32f4/Bootloader/applicattion" -O0 -ffunction-sections -fdata-sections -Wall -fstack-usage -MMD -MP -MF"myGPIO/myGPIO.d" -MT"myGPIO/myGPIO.o" --specs=nano.specs -mfpu=fpv4-sp-d16 -mfloat-abi=hard -mthumb -o "myGPIO/myGPIO.o"
arm-none-eabi-gcc "../applicattion/application.c" -mcpu=cortex-m4 -std=gnu11 -g3 -DDEBUG -DUSE_HAL_DRIVER -DSTM32F407xx -c -I../Core/Inc -I../Drivers/STM32F4xx_HAL_Driver/Inc -I../Drivers/STM32F4xx_HAL_Driver/Inc/Legacy -I../Drivers/CMSIS/Device/ST/STM32F4xx/Include -I../Drivers/CMSIS/Include -I"C:/Users/Admin/Desktop/stm32f4/Upfirm_wireless_MQTT/Boot_and_WinApp/Ver1/Stm32f4/Bootloader/myFlash" -I"C:/Users/Admin/Desktop/stm32f4/Upfirm_wireless_MQTT/Boot_and_WinApp/Ver1/Stm32f4/Bootloader/myGPIO" -I"C:/Users/Admin/Desktop/stm32f4/Upfirm_wireless_MQTT/Boot_and_WinApp/Ver1/Stm32f4/Bootloader/MyLib" -I"C:/Users/Admin/Desktop/stm32f4/Upfirm_wireless_MQTT/Boot_and_WinApp/Ver1/Stm32f4/Bootloader/myUART" -I"C:/Users/Admin/Desktop/stm32f4/Upfirm_wireless_MQTT/Boot_and_WinApp/Ver1/Stm32f4/Bootloader/queue_VHP" -I"C:/Users/Admin/Desktop/stm32f4/Upfirm_wireless_MQTT/Boot_and_WinApp/Ver1/Stm32f4/Bootloader/EventDrive" -I"C:/Users/Admin/Desktop/stm32f4/Upfirm_wireless_MQTT/Boot_and_WinApp/Ver1/Stm32f4/Bootloader/applicattion" -O0 -ffunction-sections -fdata-sections -Wall -fstack-usage -MMD -MP -MF"applicattion/application.d" -MT"applicattion/application.o" --specs=nano.specs -mfpu=fpv4-sp-d16 -mfloat-abi=hard -mthumb -o "applicattion/application.o"
In file included from ../applicattion/application.c:8:
../applicattion/application.h:16:10: fatal error: myFlash.h: No such file or directory
   16 | #include "myFlash.h"
      |          ^~~~~~~~~~~
compilation terminated.
arm-none-eabi-gcc "../MyLib/mylib.c" -mcpu=cortex-m4 -std=gnu11 -g3 -DDEBUG -DUSE_HAL_DRIVER -DSTM32F407xx -c -I../Core/Inc -I../Drivers/STM32F4xx_HAL_Driver/Inc -I../Drivers/STM32F4xx_HAL_Driver/Inc/Legacy -I../Drivers/CMSIS/Device/ST/STM32F4xx/Include -I../Drivers/CMSIS/Include -I"C:/Users/Admin/Desktop/stm32f4/Upfirm_wireless_MQTT/Boot_and_WinApp/Ver1/Stm32f4/Bootloader/myFlash" -I"C:/Users/Admin/Desktop/stm32f4/Upfirm_wireless_MQTT/Boot_and_WinApp/Ver1/Stm32f4/Bootloader/myGPIO" -I"C:/Users/Admin/Desktop/stm32f4/Upfirm_wireless_MQTT/Boot_and_WinApp/Ver1/Stm32f4/Bootloader/MyLib" -I"C:/Users/Admin/Desktop/stm32f4/Upfirm_wireless_MQTT/Boot_and_WinApp/Ver1/Stm32f4/Bootloader/myUART" -I"C:/Users/Admin/Desktop/stm32f4/Upfirm_wireless_MQTT/Boot_and_WinApp/Ver1/Stm32f4/Bootloader/queue_VHP" -I"C:/Users/Admin/Desktop/stm32f4/Upfirm_wireless_MQTT/Boot_and_WinApp/Ver1/Stm32f4/Bootloader/EventDrive" -I"C:/Users/Admin/Desktop/stm32f4/Upfirm_wireless_MQTT/Boot_and_WinApp/Ver1/Stm32f4/Bootloader/applicattion" -O0 -ffunction-sections -fdata-sections -Wall -fstack-usage -MMD -MP -MF"MyLib/mylib.d" -MT"MyLib/mylib.o" --specs=nano.specs -mfpu=fpv4-sp-d16 -mfloat-abi=hard -mthumb -o "MyLib/mylib.o"
make: *** [applicattion/subdir.mk:19: applicattion/application.o] Error 1
make: *** Waiting for unfinished jobs....
../MyLib/mylib.c: In function 'Convert_Hex_to_Int':
../MyLib/mylib.c:37:14: warning: implicit declaration of function 'strtol' [-Wimplicit-function-declaration]
   37 |     result = strtol ((char*)HexArray, NULL, 16);
      |              ^~~~~~
"make -j4 all" terminated with exit code 2. Build might be incomplete.
13:46:07 **** Incremental Build of configuration Debug for project Bootloader ****
make -j4 all 
arm-none-eabi-gcc "../applicattion/application.c" -mcpu=cortex-m4 -std=gnu11 -g3 -DDEBUG -DUSE_HAL_DRIVER -DSTM32F407xx -c -I../Core/Inc -I../Drivers/STM32F4xx_HAL_Driver/Inc -I../Drivers/STM32F4xx_HAL_Driver/Inc/Legacy -I../Drivers/CMSIS/Device/ST/STM32F4xx/Include -I../Drivers/CMSIS/Include -I"C:/Users/Admin/Desktop/stm32f4/Upfirm_wireless_MQTT/Boot_and_WinApp/Ver1/Stm32f4/Bootloader/myFlash" -I"C:/Users/Admin/Desktop/stm32f4/Upfirm_wireless_MQTT/Boot_and_WinApp/Ver1/Stm32f4/Bootloader/myGPIO" -I"C:/Users/Admin/Desktop/stm32f4/Upfirm_wireless_MQTT/Boot_and_WinApp/Ver1/Stm32f4/Bootloader/MyLib" -I"C:/Users/Admin/Desktop/stm32f4/Upfirm_wireless_MQTT/Boot_and_WinApp/Ver1/Stm32f4/Bootloader/myUART" -I"C:/Users/Admin/Desktop/stm32f4/Upfirm_wireless_MQTT/Boot_and_WinApp/Ver1/Stm32f4/Bootloader/queue_VHP" -I"C:/Users/Admin/Desktop/stm32f4/Upfirm_wireless_MQTT/Boot_and_WinApp/Ver1/Stm32f4/Bootloader/EventDrive" -I"C:/Users/Admin/Desktop/stm32f4/Upfirm_wireless_MQTT/Boot_and_WinApp/Ver1/Stm32f4/Bootloader/applicattion" -O0 -ffunction-sections -fdata-sections -Wall -fstack-usage -MMD -MP -MF"applicattion/application.d" -MT"applicattion/application.o" --specs=nano.specs -mfpu=fpv4-sp-d16 -mfloat-abi=hard -mthumb -o "applicattion/application.o"
arm-none-eabi-gcc "../EventDrive/EventDrive.c" -mcpu=cortex-m4 -std=gnu11 -g3 -DDEBUG -DUSE_HAL_DRIVER -DSTM32F407xx -c -I../Core/Inc -I../Drivers/STM32F4xx_HAL_Driver/Inc -I../Drivers/STM32F4xx_HAL_Driver/Inc/Legacy -I../Drivers/CMSIS/Device/ST/STM32F4xx/Include -I../Drivers/CMSIS/Include -I"C:/Users/Admin/Desktop/stm32f4/Upfirm_wireless_MQTT/Boot_and_WinApp/Ver1/Stm32f4/Bootloader/myFlash" -I"C:/Users/Admin/Desktop/stm32f4/Upfirm_wireless_MQTT/Boot_and_WinApp/Ver1/Stm32f4/Bootloader/myGPIO" -I"C:/Users/Admin/Desktop/stm32f4/Upfirm_wireless_MQTT/Boot_and_WinApp/Ver1/Stm32f4/Bootloader/MyLib" -I"C:/Users/Admin/Desktop/stm32f4/Upfirm_wireless_MQTT/Boot_and_WinApp/Ver1/Stm32f4/Bootloader/myUART" -I"C:/Users/Admin/Desktop/stm32f4/Upfirm_wireless_MQTT/Boot_and_WinApp/Ver1/Stm32f4/Bootloader/queue_VHP" -I"C:/Users/Admin/Desktop/stm32f4/Upfirm_wireless_MQTT/Boot_and_WinApp/Ver1/Stm32f4/Bootloader/EventDrive" -I"C:/Users/Admin/Desktop/stm32f4/Upfirm_wireless_MQTT/Boot_and_WinApp/Ver1/Stm32f4/Bootloader/applicattion" -O0 -ffunction-sections -fdata-sections -Wall -fstack-usage -MMD -MP -MF"EventDrive/EventDrive.d" -MT"EventDrive/EventDrive.o" --specs=nano.specs -mfpu=fpv4-sp-d16 -mfloat-abi=hard -mthumb -o "EventDrive/EventDrive.o"
arm-none-eabi-gcc "../Drivers/STM32F4xx_HAL_Driver/Src/stm32f4xx_hal.c" -mcpu=cortex-m4 -std=gnu11 -g3 -DDEBUG -DUSE_HAL_DRIVER -DSTM32F407xx -c -I../Core/Inc -I../Drivers/STM32F4xx_HAL_Driver/Inc -I../Drivers/STM32F4xx_HAL_Driver/Inc/Legacy -I../Drivers/CMSIS/Device/ST/STM32F4xx/Include -I../Drivers/CMSIS/Include -I"C:/Users/Admin/Desktop/stm32f4/Upfirm_wireless_MQTT/Boot_and_WinApp/Ver1/Stm32f4/Bootloader/myFlash" -I"C:/Users/Admin/Desktop/stm32f4/Upfirm_wireless_MQTT/Boot_and_WinApp/Ver1/Stm32f4/Bootloader/myGPIO" -I"C:/Users/Admin/Desktop/stm32f4/Upfirm_wireless_MQTT/Boot_and_WinApp/Ver1/Stm32f4/Bootloader/MyLib" -I"C:/Users/Admin/Desktop/stm32f4/Upfirm_wireless_MQTT/Boot_and_WinApp/Ver1/Stm32f4/Bootloader/myUART" -I"C:/Users/Admin/Desktop/stm32f4/Upfirm_wireless_MQTT/Boot_and_WinApp/Ver1/Stm32f4/Bootloader/queue_VHP" -I"C:/Users/Admin/Desktop/stm32f4/Upfirm_wireless_MQTT/Boot_and_WinApp/Ver1/Stm32f4/Bootloader/EventDrive" -I"C:/Users/Admin/Desktop/stm32f4/Upfirm_wireless_MQTT/Boot_and_WinApp/Ver1/Stm32f4/Bootloader/applicattion" -O0 -ffunction-sections -fdata-sections -Wall -fstack-usage -MMD -MP -MF"Drivers/STM32F4xx_HAL_Driver/Src/stm32f4xx_hal.d" -MT"Drivers/STM32F4xx_HAL_Driver/Src/stm32f4xx_hal.o" --specs=nano.specs -mfpu=fpv4-sp-d16 -mfloat-abi=hard -mthumb -o "Drivers/STM32F4xx_HAL_Driver/Src/stm32f4xx_hal.o"
arm-none-eabi-gcc "../Drivers/STM32F4xx_HAL_Driver/Src/stm32f4xx_hal_cortex.c" -mcpu=cortex-m4 -std=gnu11 -g3 -DDEBUG -DUSE_HAL_DRIVER -DSTM32F407xx -c -I../Core/Inc -I../Drivers/STM32F4xx_HAL_Driver/Inc -I../Drivers/STM32F4xx_HAL_Driver/Inc/Legacy -I../Drivers/CMSIS/Device/ST/STM32F4xx/Include -I../Drivers/CMSIS/Include -I"C:/Users/Admin/Desktop/stm32f4/Upfirm_wireless_MQTT/Boot_and_WinApp/Ver1/Stm32f4/Bootloader/myFlash" -I"C:/Users/Admin/Desktop/stm32f4/Upfirm_wireless_MQTT/Boot_and_WinApp/Ver1/Stm32f4/Bootloader/myGPIO" -I"C:/Users/Admin/Desktop/stm32f4/Upfirm_wireless_MQTT/Boot_and_WinApp/Ver1/Stm32f4/Bootloader/MyLib" -I"C:/Users/Admin/Desktop/stm32f4/Upfirm_wireless_MQTT/Boot_and_WinApp/Ver1/Stm32f4/Bootloader/myUART" -I"C:/Users/Admin/Desktop/stm32f4/Upfirm_wireless_MQTT/Boot_and_WinApp/Ver1/Stm32f4/Bootloader/queue_VHP" -I"C:/Users/Admin/Desktop/stm32f4/Upfirm_wireless_MQTT/Boot_and_WinApp/Ver1/Stm32f4/Bootloader/EventDrive" -I"C:/Users/Admin/Desktop/stm32f4/Upfirm_wireless_MQTT/Boot_and_WinApp/Ver1/Stm32f4/Bootloader/applicattion" -O0 -ffunction-sections -fdata-sections -Wall -fstack-usage -MMD -MP -MF"Drivers/STM32F4xx_HAL_Driver/Src/stm32f4xx_hal_cortex.d" -MT"Drivers/STM32F4xx_HAL_Driver/Src/stm32f4xx_hal_cortex.o" --specs=nano.specs -mfpu=fpv4-sp-d16 -mfloat-abi=hard -mthumb -o "Drivers/STM32F4xx_HAL_Driver/Src/stm32f4xx_hal_cortex.o"
../applicattion/application.c: In function 'ApplicationBoot_Hanlde_Event':
../applicattion/application.c:78:23: warning: passing argument 1 of 'UART_Reset_Data' discards 'volatile' qualifier from pointer target type [-Wdiscarded-qualifiers]
   78 |       UART_Reset_Data(&Receive);
      |                       ^~~~~~~~
In file included from ../applicattion/application.h:14,
                 from ../applicattion/application.c:8:
C:/Users/Admin/Desktop/stm32f4/Upfirm_wireless_MQTT/Boot_and_WinApp/Ver1/Stm32f4/Bootloader/myUART/MyUART.h:25:33: note: expected 'sData *' {aka 'struct <anonymous> *'} but argument is of type 'volatile sData *' {aka 'volatile struct <anonymous> *'}
   25 | void    UART_Reset_Data (sData *Data);
      |                          ~~~~~~~^~~~
arm-none-eabi-gcc "../Drivers/STM32F4xx_HAL_Driver/Src/stm32f4xx_hal_dma.c" -mcpu=cortex-m4 -std=gnu11 -g3 -DDEBUG -DUSE_HAL_DRIVER -DSTM32F407xx -c -I../Core/Inc -I../Drivers/STM32F4xx_HAL_Driver/Inc -I../Drivers/STM32F4xx_HAL_Driver/Inc/Legacy -I../Drivers/CMSIS/Device/ST/STM32F4xx/Include -I../Drivers/CMSIS/Include -I"C:/Users/Admin/Desktop/stm32f4/Upfirm_wireless_MQTT/Boot_and_WinApp/Ver1/Stm32f4/Bootloader/myFlash" -I"C:/Users/Admin/Desktop/stm32f4/Upfirm_wireless_MQTT/Boot_and_WinApp/Ver1/Stm32f4/Bootloader/myGPIO" -I"C:/Users/Admin/Desktop/stm32f4/Upfirm_wireless_MQTT/Boot_and_WinApp/Ver1/Stm32f4/Bootloader/MyLib" -I"C:/Users/Admin/Desktop/stm32f4/Upfirm_wireless_MQTT/Boot_and_WinApp/Ver1/Stm32f4/Bootloader/myUART" -I"C:/Users/Admin/Desktop/stm32f4/Upfirm_wireless_MQTT/Boot_and_WinApp/Ver1/Stm32f4/Bootloader/queue_VHP" -I"C:/Users/Admin/Desktop/stm32f4/Upfirm_wireless_MQTT/Boot_and_WinApp/Ver1/Stm32f4/Bootloader/EventDrive" -I"C:/Users/Admin/Desktop/stm32f4/Upfirm_wireless_MQTT/Boot_and_WinApp/Ver1/Stm32f4/Bootloader/applicattion" -O0 -ffunction-sections -fdata-sections -Wall -fstack-usage -MMD -MP -MF"Drivers/STM32F4xx_HAL_Driver/Src/stm32f4xx_hal_dma.d" -MT"Drivers/STM32F4xx_HAL_Driver/Src/stm32f4xx_hal_dma.o" --specs=nano.specs -mfpu=fpv4-sp-d16 -mfloat-abi=hard -mthumb -o "Drivers/STM32F4xx_HAL_Driver/Src/stm32f4xx_hal_dma.o"
[...]
arm-none-eabi-gcc "../MyLib/mylib.c" -mcpu=cortex-m4 -std=gnu11 -g3 -DDEBUG -DUSE_HAL_DRIVER -DSTM32F407xx -c -I../Core/Inc -I../Drivers/STM32F4xx_HAL_Driver/Inc -I../Drivers/STM32F4xx_HAL_Driver/Inc/Legacy -I../Drivers/CMSIS/Device/ST/STM32F4xx/Include -I../Drivers/CMSIS/Include -I"C:/Users/Admin/Desktop/stm32f4/Upfirm_wireless_MQTT/Boot_and_WinApp/Ver1/Stm32f4/Bootloader/myFlash" -I"C:/Users/Admin/Desktop/stm32f4/Upfirm_wireless_MQTT/Boot_and_WinApp/Ver1/Stm32f4/Bootloader/myGPIO" -I"C:/Users/Admin/Desktop/stm32f4/Upfirm_wireless_MQTT/Boot_and_WinApp/Ver1/Stm32f4/Bootloader/MyLib" -I"C:/Users/Admin/Desktop/stm32f4/Upfirm_wireless_MQTT/Boot_and_WinApp/Ver1/Stm32f4/Bootloader/myUART" -I"C:/Users/Admin/Desktop/stm32f4/Upfirm_wireless_MQTT/Boot_and_WinApp/Ver1/Stm32f4/Bootloader/queue_VHP" -I"C:/Users/Admin/Desktop/stm32f4/Upfirm_wireless_MQTT/Boot_and_WinApp/Ver1/Stm32f4/Bootloader/EventDrive" -I"C:/Users/Admin/Desktop/stm32f4/Upfirm_wireless_MQTT/Boot_and_WinApp/Ver1/Stm32f4/Bootloader/applicattion" -O0 -ffunction-sections -fdata-sections -Wall -fstack-usage -MMD -MP -MF"MyLib/mylib.d" -MT"MyLib/mylib.o" --specs=nano.specs -mfpu=fpv4-sp-d16 -mfloat-abi=hard -mthumb -o "MyLib/mylib.o"
arm-none-eabi-gcc -o "Bootloader.elf" @"objects.list"   -mcpu=cortex-m4 -T"C:\Users\Admin\Desktop\stm32f4\Upfirm_wireless_MQTT\Boot_and_WinApp\Ver1\Stm32f4\Bootloader\STM32F407VGTX_FLASH.ld" --specs=nosys.specs -Wl,-Map="Bootloader.map" -Wl,--gc-sections -static --specs=nano.specs -mfpu=fpv4-sp-d16 -mfloat-abi=hard -mthumb -Wl,--start-group -lc -lm -Wl,--end-group
Finished building target: Bootloader.elf
 
arm-none-eabi-objdump -h -S  Bootloader.elf  > "Bootloader.list"
arm-none-eabi-objcopy  -O ihex  Bootloader.elf  "Bootloader.hex"
arm-none-eabi-objcopy  -O binary  Bootloader.elf  "Bootloader.bin"
arm-none-eabi-size   Bootloader.elf 
   text	   data	    bss	    dec	    hex	filename
  15008	    116	   1836	  16960	   4240	Bootloader.elf
Finished building: default.size.stdout
Finished building: Bootloader.bin
 
Finished building: Bootloader.hex
 
 
Finished building: Bootloader.list
 
17:13:13 **** Incremental Build of configuration Debug for project Bootloader ****
make -j4 all 
arm-none-eabi-size   Bootloader.elf 
   text	   data	    bss	    dec	    hex	filename
  15008	    116	   1836	  16960	   4240	Bootloader.elf
Finished building: default.size.stdout
 
17:17:31 **** Incremental Build of configuration Debug for project Bootloader ****
make -j4 all 
arm-none-eabi-gcc "../MyLib/mylib.c" -mcpu=cortex-m4 -std=gnu11 -g3 -DDEBUG -DUSE_HAL_DRIVER -DSTM32F407xx -c -I../Core/Inc -I../Drivers/STM32F4xx_HAL_Driver/Inc -I../Drivers/STM32F4xx_HAL_Driver/Inc/Legacy -I../Drivers/CMSIS/Device/ST/STM32F4xx/Include -I../Drivers/CMSIS/Include -I"C:/Users/Admin/Desktop/stm32f4/Upfirm_wireless_MQTT/Boot_and_WinApp/Ver1/Stm32f4/Bootloader/myFlash" -I"C:/Users/Admin/Desktop/stm32f4/Upfirm_wireless_MQTT/Boot_and_WinApp/Ver1/Stm32f4/Bootloader/myGPIO" -I"C:/Users/Admin/Desktop/stm32f4/Upfirm_wireless_MQTT/Boot_and_WinApp/Ver1/Stm32f4/Bootloader/MyLib" -I"C:/Users/Admin/Desktop/stm32f4/Upfirm_wireless_MQTT/Boot_and_WinApp/Ver1/Stm32f4/Bootloader/myUART" -I"C:/Users/Admin/Desktop/stm32f4/Upfirm_wireless_MQTT/Boot_and_WinApp/Ver1/Stm32f4/Bootloader/queue_VHP" -I"C:/Users/Admin/Desktop/stm32f4/Upfirm_wireless_MQTT/Boot_and_WinApp/Ver1/Stm32f4/Bootloader/EventDrive" -I"C:/Users/Admin/Desktop/stm32f4/Upfirm_wireless_MQTT/Boot_and_WinApp/Ver1/Stm32f4/Bootloader/applicattion" -O0 -ffunction-sections -fdata-sections -Wall -fstack-usage -MMD -MP -MF"MyLib/mylib.d" -MT"MyLib/mylib.o" --specs=nano.specs -mfpu=fpv4-sp-d16 -mfloat-abi=hard -mthumb -o "MyLib/mylib.o"
arm-none-eabi-gcc -o "Bootloader.elf" @"objects.list"   -mcpu=cortex-m4 -T"C:\Users\Admin\Desktop\stm32f4\Upfirm_wireless_MQTT\Boot_and_WinApp\Ver1\Stm32f4\Bootloader\STM32F407VGTX_FLASH.ld" --specs=nosys.specs -Wl,-Map="Bootloader.map" -Wl,--gc-sections -static --specs=nano.specs -mfpu=fpv4-sp-d16 -mfloat-abi=hard -mthumb -Wl,--start-group -lc -lm -Wl,--end-group
Finished building target: Bootloader.elf
 
arm-none-eabi-objdump -h -S  Bootloader.elf  > "Bootloader.list"
arm-none-eabi-objcopy  -O ihex  Bootloader.elf  "Bootloader.hex"
arm-none-eabi-objcopy  -O binary  Bootloader.elf  "Bootloader.bin"
arm-none-eabi-size   Bootloader.elf 
   text	   data	    bss	    dec	    hex	filename
  15008	    116	   1836	  16960	   4240	Bootloader.elf
Finished building: default.size.stdout
 
Finished building: Bootloader.bin
Finished building: Bootloader.hex
 
 
Finished building: Bootloader.list
 
17:17:52 **** Incremental Build of configuration Debug for project Bootloader ****
make -j4 all 
arm-none-eabi-size   Bootloader.elf 
   text	   data	    bss	    dec	    hex	filename
  15008	    116	   1836	  16960	   4240	Bootloader.elf
Finished building: default.size.stdout
 
17:21:26 **** Incremental Build of configuration Debug for project Bootloader ****
make -j4 all 
arm-none-eabi-gcc "../MyLib/mylib.c" -mcpu=cortex-m4 -std=gnu11 -g3 -DDEBUG -DUSE_HAL_DRIVER -DSTM32F407xx -c -I../Core/Inc -I../Drivers/STM32F4xx_HAL_Driver/Inc -I../Drivers/STM32F4xx_HAL_Driver/Inc/Legacy -I../Drivers/CMSIS/Device/ST/STM32F4xx/Include -I../Drivers/CMSIS/Include -I"C:/Users/Admin/Desktop/stm32f4/Upfirm_wireless_MQTT/Boot_and_WinApp/Ver1/Stm32f4/Bootloader/myFlash" -I"C:/Users/Admin/Desktop/stm32f4/Upfirm_wireless_MQTT/Boot_and_WinApp/Ver1/Stm32f4/Bootloader/myGPIO" -I"C:/Users/Admin/Desktop/stm32f4/Upfirm_wireless_MQTT/Boot_and_WinApp/Ver1/Stm32f4/Bootloader/MyLib" -I"C:/Users/Admin/Desktop/stm32f4/Upfirm_wireless_MQTT/Boot_and_WinApp/Ver1/Stm32f4/Bootloader/myUART" -I"C:/Users/Admin/Desktop/stm32f4/Upfirm_wireless_MQTT/Boot_and_WinApp/Ver1/Stm32f4/Bootloader/queue_VHP" -I"C:/Users/Admin/Desktop/stm32f4/Upfirm_wireless_MQTT/Boot_and_WinApp/Ver1/Stm32f4/Bootloader/EventDrive" -I"C:/Users/Admin/Desktop/stm32f4/Upfirm_wireless_MQTT/Boot_and_WinApp/Ver1/Stm32f4/Bootloader/applicattion" -O0 -ffunction-sections -fdata-sections -Wall -fstack-usage -MMD -MP -MF"MyLib/mylib.d" -MT"MyLib/mylib.o" --specs=nano.specs -mfpu=fpv4-sp-d16 -mfloat-abi=hard -mthumb -o "MyLib/mylib.o"
arm-none-eabi-gcc -o "Bootloader.elf" @"objects.list"   -mcpu=cortex-m4 -T"C:\Users\Admin\Desktop\stm32f4\Upfirm_wireless_MQTT\Boot_and_WinApp\Ver1\Stm32f4\Bootloader\STM32F407VGTX_FLASH.ld" --specs=nosys.specs -Wl,-Map="Bootloader.map" -Wl,--gc-sections -static --specs=nano.specs -mfpu=fpv4-sp-d16 -mfloat-abi=hard -mthumb -Wl,--start-group -lc -lm -Wl,--end-group
Finished building target: Bootloader.elf
 
arm-none-eabi-objdump -h -S  Bootloader.elf  > "Bootloader.list"
arm-none-eabi-objcopy  -O ihex  Bootloader.elf  "Bootloader.hex"
arm-none-eabi-objcopy  -O binary  Bootloader.elf  "Bootloader.bin"
arm-none-eabi-size   Bootloader.elf 
   text	   data	    bss	    dec	    hex	filename
  15008	    116	   1836	  16960	   4240	Bootloader.elf
Finished building: default.size.stdout
 
Finished building: Bootloader.bin
 
Finished building: Bootloader.hex
 
Finished building: Bootloader.list
 
17:21:34 **** Incremental Build of configuration Debug for project Bootloader ****
make -j4 all 
arm-none-eabi-size   Bootloader.elf 
   text	   data	    bss	    dec	    hex	filename
  15008	    116	   1836	  16960	   4240	Bootloader.elf
Finished building: default.size.stdout
 
09:00:26 **** Incremental Build of configuration Debug for project Bootloader ****
make -j4 all 
arm-none-eabi-gcc "../applicattion/application.c" -mcpu=cortex-m4 -std=gnu11 -g3 -DDEBUG -DUSE_HAL_DRIVER -DSTM32F407xx -c -I../Core/Inc -I../Drivers/STM32F4xx_HAL_Driver/Inc -I../Drivers/STM32F4xx_HAL_Driver/Inc/Legacy -I../Drivers/CMSIS/Device/ST/STM32F4xx/Include -I../Drivers/CMSIS/Include -I"C:/Users/Admin/Desktop/stm32f4/Upfirm_wireless_MQTT/Boot_and_WinApp/Ver1/Stm32f4/Bootloader/myFlash" -I"C:/Users/Admin/Desktop/stm32f4/Upfirm_wireless_MQTT/Boot_and_WinApp/Ver1/Stm32f4/Bootloader/myGPIO" -I"C:/Users/Admin/Desktop/stm32f4/Upfirm_wireless_MQTT/Boot_and_WinApp/Ver1/Stm32f4/Bootloader/MyLib" -I"C:/Users/Admin/Desktop/stm32f4/Upfirm_wireless_MQTT/Boot_and_WinApp/Ver1/Stm32f4/Bootloader/myUART" -I"C:/Users/Admin/Desktop/stm32f4/Upfirm_wireless_MQTT/Boot_and_WinApp/Ver1/Stm32f4/Bootloader/queue_VHP" -I"C:/Users/Admin/Desktop/stm32f4/Upfirm_wireless_MQTT/Boot_and_WinApp/Ver1/Stm32f4/Bootloader/EventDrive" -I"C:/Users/Admin/Desktop/stm32f4/Upfirm_wireless_MQTT/Boot_and_WinApp/Ver1/Stm32f4/Bootloader/applicattion" -O0 -ffunction-sections -fdata-sections -Wall -fstack-usage -MMD -MP -MF"applicattion/application.d" -MT"applicattion/application.o" --specs=nano.specs -mfpu=fpv4-sp-d16 -mfloat-abi=hard -mthumb -o "applicattion/application.o"
../applicattion/application.c: In function 'ApplicationBoot_UART_CheckReceive':
../applicattion/application.c:166:24: warning: passing argument 1 of 'UART_Reset_Data' discards 'volatile' qualifier from pointer target type [-Wdiscarded-qualifiers]
  166 |        UART_Reset_Data(&Receive);
      |                        ^~~~~~~~
In file included from ../applicattion/application.h:14,
                 from ../applicattion/application.c:8:
C:/Users/Admin/Desktop/stm32f4/Upfirm_wireless_MQTT/Boot_and_WinApp/Ver1/Stm32f4/Bootloader/myUART/MyUART.h:26:33: note: expected 'sData *' {aka 'struct <anonymous> *'} but argument is of type 'volatile sData *' {aka 'volatile struct <anonymous> *'}
   26 | void    UART_Reset_Data (sData *Data);
      |                          ~~~~~~~^~~~
../applicattion/application.c:178:33: warning: passing argument 1 of 'UART_Reset_Data' discards 'volatile' qualifier from pointer target type [-Wdiscarded-qualifiers]
  178 |                 UART_Reset_Data(&Receive);
      |                                 ^~~~~~~~
In file included from ../applicattion/application.h:14,
                 from ../applicattion/application.c:8:
C:/Users/Admin/Desktop/stm32f4/Upfirm_wireless_MQTT/Boot_and_WinApp/Ver1/Stm32f4/Bootloader/myUART/MyUART.h:26:33: note: expected 'sData *' {aka 'struct <anonymous> *'} but argument is of type 'volatile sData *' {aka 'volatile struct <anonymous> *'}
   26 | void    UART_Reset_Data (sData *Data);
      |                          ~~~~~~~^~~~
../applicattion/application.c: In function 'ApplicationBoot_Jumpto_ApplicationProgram':
../applicattion/application.c:215:1: warning: multi-line comment [-Wcomment]
  215 | // SCB->SHCSR &= ~( SCB_SHCSR_USGFAULTENA_Msk |\
      | ^
../applicattion/application.c: In function 'ApplicationBoot_Check_Receive_DataLoad_Done':
../applicattion/application.c:137:1: warning: control reaches end of non-void function [-Wreturn-type]
  137 | }
      | ^
arm-none-eabi-gcc -o "Bootloader.elf" @"objects.list"   -mcpu=cortex-m4 -T"C:\Users\Admin\Desktop\stm32f4\Upfirm_wireless_MQTT\Boot_and_WinApp\Ver1\Stm32f4\Bootloader\STM32F407VGTX_FLASH.ld" --specs=nosys.specs -Wl,-Map="Bootloader.map" -Wl,--gc-sections -static --specs=nano.specs -mfpu=fpv4-sp-d16 -mfloat-abi=hard -mthumb -Wl,--start-group -lc -lm -Wl,--end-group
Finished building target: Bootloader.elf
 
arm-none-eabi-objdump -h -S  Bootloader.elf  > "Bootloader.list"
arm-none-eabi-objcopy  -O ihex  Bootloader.elf  "Bootloader.hex"
arm-none-eabi-objcopy  -O binary  Bootloader.elf  "Bootloader.bin"
arm-none-eabi-size   Bootloader.elf 
   text	   data	    bss	    dec	    hex	filename
  15020	    116	   1836	  16972	   424c	Bootloader.elf
Finished building: Bootloader.list
 
Finished building: default.size.stdout
Finished building: Bootloader.bin
 
 
Finished building: Bootloader.hex
 
09:00:41 **** Incremental Build of configuration Debug for project Bootloader ****
make -j4 all 
arm-none-eabi-size   Bootloader.elf 
   text	   data	    bss	    dec	    hex	filename
  15020	    116	   1836	  16972	   424c	Bootloader.elf
Finished building: default.size.stdout
 
09:05:02 **** Incremental Build of configuration Debug for project Bootloader ****
make -j4 all 
arm-none-eabi-size   Bootloader.elf 
   text	   data	    bss	    dec	    hex	filename
  15020	    116	   1836	  16972	   424c	Bootloader.elf
Finished building: default.size.stdout
 
13:44:36 **** Incremental Build of configuration Debug for project Bootloader ****
make -j4 all 
arm-none-eabi-gcc "../myUART/MyUART.c" -mcpu=cortex-m4 -std=gnu11 -g3 -DDEBUG -DUSE_HAL_DRIVER -DSTM32F407xx -c -I../Core/Inc -I../Drivers/STM32F4xx_HAL_Driver/Inc -I../Drivers/STM32F4xx_HAL_Driver/Inc/Legacy -I../Drivers/CMSIS/Device/ST/STM32F4xx/Include -I../Drivers/CMSIS/Include -I"C:/Users/Admin/Desktop/stm32f4/Upfirm_wireless_MQTT/Boot_and_WinApp/Ver1/Stm32f4/Bootloader/myFlash" -I"C:/Users/Admin/Desktop/stm32f4/Upfirm_wireless_MQTT/Boot_and_WinApp/Ver1/Stm32f4/Bootloader/myGPIO" -I"C:/Users/Admin/Desktop/stm32f4/Upfirm_wireless_MQTT/Boot_and_WinApp/Ver1/Stm32f4/Bootloader/MyLib" -I"C:/Users/Admin/Desktop/stm32f4/Upfirm_wireless_MQTT/Boot_and_WinApp/Ver1/Stm32f4/Bootloader/myUART" -I"C:/Users/Admin/Desktop/stm32f4/Upfirm_wireless_MQTT/Boot_and_WinApp/Ver1/Stm32f4/Bootloader/queue_VHP" -I"C:/Users/Admin/Desktop/stm32f4/Upfirm_wireless_MQTT/Boot_and_WinApp/Ver1/Stm32f4/Bootloader/EventDrive" -I"C:/Users/Admin/Desktop/stm32f4/Upfirm_wireless_MQTT/Boot_and_WinApp/Ver1/Stm32f4/Bootloader/applicattion" -O0 -ffunction-sections -fdata-sections -Wall -fstack-usage -MMD -MP -MF"myUART/MyUART.d" -MT"myUART/MyUART.o" --specs=nano.specs -mfpu=fpv4-sp-d16 -mfloat-abi=hard -mthumb -o "myUART/MyUART.o"
arm-none-eabi-gcc "../applicattion/application.c" -mcpu=cortex-m4 -std=gnu11 -g3 -DDEBUG -DUSE_HAL_DRIVER -DSTM32F407xx -c -I../Core/Inc -I../Drivers/STM32F4xx_HAL_Driver/Inc -I../Drivers/STM32F4xx_HAL_Driver/Inc/Legacy -I../Drivers/CMSIS/Device/ST/STM32F4xx/Include -I../Drivers/CMSIS/Include -I"C:/Users/Admin/Desktop/stm32f4/Upfirm_wireless_MQTT/Boot_and_WinApp/Ver1/Stm32f4/Bootloader/myFlash" -I"C:/Users/Admin/Desktop/stm32f4/Upfirm_wireless_MQTT/Boot_and_WinApp/Ver1/Stm32f4/Bootloader/myGPIO" -I"C:/Users/Admin/Desktop/stm32f4/Upfirm_wireless_MQTT/Boot_and_WinApp/Ver1/Stm32f4/Bootloader/MyLib" -I"C:/Users/Admin/Desktop/stm32f4/Upfirm_wireless_MQTT/Boot_and_WinApp/Ver1/Stm32f4/Bootloader/myUART" -I"C:/Users/Admin/Desktop/stm32f4/Upfirm_wireless_MQTT/Boot_and_WinApp/Ver1/Stm32f4/Bootloader/queue_VHP" -I"C:/Users/Admin/Desktop/stm32f4/Upfirm_wireless_MQTT/Boot_and_WinApp/Ver1/Stm32f4/Bootloader/EventDrive" -I"C:/Users/Admin/Desktop/stm32f4/Upfirm_wireless_MQTT/Boot_and_WinApp/Ver1/Stm32f4/Bootloader/applicattion" -O0 -ffunction-sections -fdata-sections -Wall -fstack-usage -MMD -MP -MF"applicattion/application.d" -MT"applicattion/application.o" --specs=nano.specs -mfpu=fpv4-sp-d16 -mfloat-abi=hard -mthumb -o "applicattion/application.o"
arm-none-eabi-gcc "../Core/Src/main.c" -mcpu=cortex-m4 -std=gnu11 -g3 -DDEBUG -DUSE_HAL_DRIVER -DSTM32F407xx -c -I../Core/Inc -I../Drivers/STM32F4xx_HAL_Driver/Inc -I../Drivers/STM32F4xx_HAL_Driver/Inc/Legacy -I../Drivers/CMSIS/Device/ST/STM32F4xx/Include -I../Drivers/CMSIS/Include -I"C:/Users/Admin/Desktop/stm32f4/Upfirm_wireless_MQTT/Boot_and_WinApp/Ver1/Stm32f4/Bootloader/myFlash" -I"C:/Users/Admin/Desktop/stm32f4/Upfirm_wireless_MQTT/Boot_and_WinApp/Ver1/Stm32f4/Bootloader/myGPIO" -I"C:/Users/Admin/Desktop/stm32f4/Upfirm_wireless_MQTT/Boot_and_WinApp/Ver1/Stm32f4/Bootloader/MyLib" -I"C:/Users/Admin/Desktop/stm32f4/Upfirm_wireless_MQTT/Boot_and_WinApp/Ver1/Stm32f4/Bootloader/myUART" -I"C:/Users/Admin/Desktop/stm32f4/Upfirm_wireless_MQTT/Boot_and_WinApp/Ver1/Stm32f4/Bootloader/queue_VHP" -I"C:/Users/Admin/Desktop/stm32f4/Upfirm_wireless_MQTT/Boot_and_WinApp/Ver1/Stm32f4/Bootloader/EventDrive" -I"C:/Users/Admin/Desktop/stm32f4/Upfirm_wireless_MQTT/Boot_and_WinApp/Ver1/Stm32f4/Bootloader/applicattion" -O0 -ffunction-sections -fdata-sections -Wall -fstack-usage -MMD -MP -MF"Core/Src/main.d" -MT"Core/Src/main.o" --specs=nano.specs -mfpu=fpv4-sp-d16 -mfloat-abi=hard -mthumb -o "Core/Src/main.o"
arm-none-eabi-gcc "../Core/Src/stm32f4xx_it.c" -mcpu=cortex-m4 -std=gnu11 -g3 -DDEBUG -DUSE_HAL_DRIVER -DSTM32F407xx -c -I../Core/Inc -I../Drivers/STM32F4xx_HAL_Driver/Inc -I../Drivers/STM32F4xx_HAL_Driver/Inc/Legacy -I../Drivers/CMSIS/Device/ST/STM32F4xx/Include -I../Drivers/CMSIS/Include -I"C:/Users/Admin/Desktop/stm32f4/Upfirm_wireless_MQTT/Boot_and_WinApp/Ver1/Stm32f4/Bootloader/myFlash" -I"C:/Users/Admin/Desktop/stm32f4/Upfirm_wireless_MQTT/Boot_and_WinApp/Ver1/Stm32f4/Bootloader/myGPIO" -I"C:/Users/Admin/Desktop/stm32f4/Upfirm_wireless_MQTT/Boot_and_WinApp/Ver1/Stm32f4/Bootloader/MyLib" -I"C:/Users/Admin/Desktop/stm32f4/Upfirm_wireless_MQTT/Boot_and_WinApp/Ver1/Stm32f4/Bootloader/myUART" -I"C:/Users/Admin/Desktop/stm32f4/Upfirm_wireless_MQTT/Boot_and_WinApp/Ver1/Stm32f4/Bootloader/queue_VHP" -I"C:/Users/Admin/Desktop/stm32f4/Upfirm_wireless_MQTT/Boot_and_WinApp/Ver1/Stm32f4/Bootloader/EventDrive" -I"C:/Users/Admin/Desktop/stm32f4/Upfirm_wireless_MQTT/Boot_and_WinApp/Ver1/Stm32f4/Bootloader/applicattion" -O0 -ffunction-sections -fdata-sections -Wall -fstack-usage -MMD -MP -MF"Core/Src/stm32f4xx_it.d" -MT"Core/Src/stm32f4xx_it.o" --specs=nano.specs -mfpu=fpv4-sp-d16 -mfloat-abi=hard -mthumb -o "Core/Src/stm32f4xx_it.o"
../applicattion/application.c: In function 'ApplicationBoot_UART_CheckReceive':
../applicattion/application.c:161:24: warning: passing argument 1 of 'UART_Reset_Data' discards 'volatile' qualifier from pointer target type [-Wdiscarded-qualifiers]
  161 |        UART_Reset_Data(&Receive);
      |                        ^~~~~~~~
In file included from ../applicattion/application.h:14,
                 from ../applicattion/application.c:8:
C:/Users/Admin/Desktop/stm32f4/Upfirm_wireless_MQTT/Boot_and_WinApp/Ver1/Stm32f4/Bootloader/myUART/MyUART.h:26:33: note: expected 'sData *' {aka 'struct <anonymous> *'} but argument is of type 'volatile sData *' {aka 'volatile struct <anonymous> *'}
   26 | void    UART_Reset_Data (sData *Data);
      |                          ~~~~~~~^~~~
../applicattion/application.c:172:33: warning: passing argument 1 of 'UART_Reset_Data' discards 'volatile' qualifier from pointer target type [-Wdiscarded-qualifiers]
  172 |                 UART_Reset_Data(&Receive);
      |                                 ^~~~~~~~
In file included from ../applicattion/application.h:14,
                 from ../applicattion/application.c:8:
C:/Users/Admin/Desktop/stm32f4/Upfirm_wireless_MQTT/Boot_and_WinApp/Ver1/Stm32f4/Bootloader/myUART/MyUART.h:26:33: note: expected 'sData *' {aka 'struct <anonymous> *'} but argument is of type 'volatile sData *' {aka 'volatile struct <anonymous> *'}
   26 | void    UART_Reset_Data (sData *Data);
      |                          ~~~~~~~^~~~
../applicattion/application.c: In function 'ApplicationBoot_Check_Receive_DataLoad_Done':
../applicattion/application.c:132:1: warning: control reaches end of non-void function [-Wreturn-type]
  132 | }
      | ^
arm-none-eabi-gcc -o "Bootloader.elf" @"objects.list"   -mcpu=cortex-m4 -T"C:\Users\Admin\Desktop\stm32f4\Upfirm_wireless_MQTT\Boot_and_WinApp\Ver1\Stm32f4\Bootloader\STM32F407VGTX_FLASH.ld" --specs=nosys.specs -Wl,-Map="Bootloader.map" -Wl,--gc-sections -static --specs=nano.specs -mfpu=fpv4-sp-d16 -mfloat-abi=hard -mthumb -Wl,--start-group -lc -lm -Wl,--end-group
Finished building target: Bootloader.elf
 
arm-none-eabi-objdump -h -S  Bootloader.elf  > "Bootloader.list"
arm-none-eabi-objcopy  -O ihex  Bootloader.elf  "Bootloader.hex"
arm-none-eabi-objcopy  -O binary  Bootloader.elf  "Bootloader.bin"
arm-none-eabi-size   Bootloader.elf 
Finished building: Bootloader.hex
Finished building: Bootloader.bin
 
   text	   data	    bss	    dec	    hex	filename
  14668	    116	   1836	  16620	   40ec	Bootloader.elf
 
Finished building: default.size.stdout
 
Finished building: Bootloader.list
 
13:45:17 **** Incremental Build of configuration Debug for project Bootloader ****
make -j4 all 
arm-none-eabi-size   Bootloader.elf 
   text	   data	    bss	    dec	    hex	filename
  14668	    116	   1836	  16620	   40ec	Bootloader.elf
Finished building: default.size.stdout
 
