###############################################################################
#
# IAR ELF Linker V8.40.2.214/W32 for ARM                  07/Jun/2022  14:58:01
# Copyright 2007-2019 IAR Systems AB.
#
#    Output file  =
#        D:\Source_Tree_data\projects\NB_IoT\Update_OTA\upfirm_NB_IoT\Updata_OTA_NBIoT\MCU\HostClientEWARM\HostVer2\EWARM\Host\Exe\Host.out
#    Map file     =
#        D:\Source_Tree_data\projects\NB_IoT\Update_OTA\upfirm_NB_IoT\Updata_OTA_NBIoT\MCU\HostClientEWARM\HostVer2\EWARM\Host\List\Host.map
#    Command line =
#        -f C:\Users\Admin\AppData\Local\Temp\EWBBF4.tmp
#        (D:\Source_Tree_data\projects\NB_IoT\Update_OTA\upfirm_NB_IoT\Updata_OTA_NBIoT\MCU\HostClientEWARM\HostVer2\EWARM\Host\Obj\bc66_cmd.o
#        D:\Source_Tree_data\projects\NB_IoT\Update_OTA\upfirm_NB_IoT\Updata_OTA_NBIoT\MCU\HostClientEWARM\HostVer2\EWARM\Host\Obj\bc66_uart.o
#        D:\Source_Tree_data\projects\NB_IoT\Update_OTA\upfirm_NB_IoT\Updata_OTA_NBIoT\MCU\HostClientEWARM\HostVer2\EWARM\Host\Obj\call_back_fnc.o
#        D:\Source_Tree_data\projects\NB_IoT\Update_OTA\upfirm_NB_IoT\Updata_OTA_NBIoT\MCU\HostClientEWARM\HostVer2\EWARM\Host\Obj\cmsis_os.o
#        D:\Source_Tree_data\projects\NB_IoT\Update_OTA\upfirm_NB_IoT\Updata_OTA_NBIoT\MCU\HostClientEWARM\HostVer2\EWARM\Host\Obj\croutine.o
#        D:\Source_Tree_data\projects\NB_IoT\Update_OTA\upfirm_NB_IoT\Updata_OTA_NBIoT\MCU\HostClientEWARM\HostVer2\EWARM\Host\Obj\event_groups.o
#        D:\Source_Tree_data\projects\NB_IoT\Update_OTA\upfirm_NB_IoT\Updata_OTA_NBIoT\MCU\HostClientEWARM\HostVer2\EWARM\Host\Obj\freertos.o
#        D:\Source_Tree_data\projects\NB_IoT\Update_OTA\upfirm_NB_IoT\Updata_OTA_NBIoT\MCU\HostClientEWARM\HostVer2\EWARM\Host\Obj\gpio.o
#        D:\Source_Tree_data\projects\NB_IoT\Update_OTA\upfirm_NB_IoT\Updata_OTA_NBIoT\MCU\HostClientEWARM\HostVer2\EWARM\Host\Obj\heap_4.o
#        D:\Source_Tree_data\projects\NB_IoT\Update_OTA\upfirm_NB_IoT\Updata_OTA_NBIoT\MCU\HostClientEWARM\HostVer2\EWARM\Host\Obj\list.o
#        D:\Source_Tree_data\projects\NB_IoT\Update_OTA\upfirm_NB_IoT\Updata_OTA_NBIoT\MCU\HostClientEWARM\HostVer2\EWARM\Host\Obj\main.o
#        D:\Source_Tree_data\projects\NB_IoT\Update_OTA\upfirm_NB_IoT\Updata_OTA_NBIoT\MCU\HostClientEWARM\HostVer2\EWARM\Host\Obj\MQTT.o
#        D:\Source_Tree_data\projects\NB_IoT\Update_OTA\upfirm_NB_IoT\Updata_OTA_NBIoT\MCU\HostClientEWARM\HostVer2\EWARM\Host\Obj\MQTTConnectClient.o
#        D:\Source_Tree_data\projects\NB_IoT\Update_OTA\upfirm_NB_IoT\Updata_OTA_NBIoT\MCU\HostClientEWARM\HostVer2\EWARM\Host\Obj\MQTTConnectServer.o
#        D:\Source_Tree_data\projects\NB_IoT\Update_OTA\upfirm_NB_IoT\Updata_OTA_NBIoT\MCU\HostClientEWARM\HostVer2\EWARM\Host\Obj\MQTTDeserializePublish.o
#        D:\Source_Tree_data\projects\NB_IoT\Update_OTA\upfirm_NB_IoT\Updata_OTA_NBIoT\MCU\HostClientEWARM\HostVer2\EWARM\Host\Obj\MQTTFormat.o
#        D:\Source_Tree_data\projects\NB_IoT\Update_OTA\upfirm_NB_IoT\Updata_OTA_NBIoT\MCU\HostClientEWARM\HostVer2\EWARM\Host\Obj\MQTTPacket.o
#        D:\Source_Tree_data\projects\NB_IoT\Update_OTA\upfirm_NB_IoT\Updata_OTA_NBIoT\MCU\HostClientEWARM\HostVer2\EWARM\Host\Obj\MQTTSerializePublish.o
#        D:\Source_Tree_data\projects\NB_IoT\Update_OTA\upfirm_NB_IoT\Updata_OTA_NBIoT\MCU\HostClientEWARM\HostVer2\EWARM\Host\Obj\MQTTSubscribeClient.o
#        D:\Source_Tree_data\projects\NB_IoT\Update_OTA\upfirm_NB_IoT\Updata_OTA_NBIoT\MCU\HostClientEWARM\HostVer2\EWARM\Host\Obj\MQTTSubscribeServer.o
#        D:\Source_Tree_data\projects\NB_IoT\Update_OTA\upfirm_NB_IoT\Updata_OTA_NBIoT\MCU\HostClientEWARM\HostVer2\EWARM\Host\Obj\MQTTUnsubscribeClient.o
#        D:\Source_Tree_data\projects\NB_IoT\Update_OTA\upfirm_NB_IoT\Updata_OTA_NBIoT\MCU\HostClientEWARM\HostVer2\EWARM\Host\Obj\MQTTUnsubscribeServer.o
#        D:\Source_Tree_data\projects\NB_IoT\Update_OTA\upfirm_NB_IoT\Updata_OTA_NBIoT\MCU\HostClientEWARM\HostVer2\EWARM\Host\Obj\my_lib.o
#        D:\Source_Tree_data\projects\NB_IoT\Update_OTA\upfirm_NB_IoT\Updata_OTA_NBIoT\MCU\HostClientEWARM\HostVer2\EWARM\Host\Obj\my_rtc.o
#        D:\Source_Tree_data\projects\NB_IoT\Update_OTA\upfirm_NB_IoT\Updata_OTA_NBIoT\MCU\HostClientEWARM\HostVer2\EWARM\Host\Obj\my_uart.o
#        D:\Source_Tree_data\projects\NB_IoT\Update_OTA\upfirm_NB_IoT\Updata_OTA_NBIoT\MCU\HostClientEWARM\HostVer2\EWARM\Host\Obj\port.o
#        D:\Source_Tree_data\projects\NB_IoT\Update_OTA\upfirm_NB_IoT\Updata_OTA_NBIoT\MCU\HostClientEWARM\HostVer2\EWARM\Host\Obj\portasm.o
#        D:\Source_Tree_data\projects\NB_IoT\Update_OTA\upfirm_NB_IoT\Updata_OTA_NBIoT\MCU\HostClientEWARM\HostVer2\EWARM\Host\Obj\queue.o
#        D:\Source_Tree_data\projects\NB_IoT\Update_OTA\upfirm_NB_IoT\Updata_OTA_NBIoT\MCU\HostClientEWARM\HostVer2\EWARM\Host\Obj\rtc.o
#        D:\Source_Tree_data\projects\NB_IoT\Update_OTA\upfirm_NB_IoT\Updata_OTA_NBIoT\MCU\HostClientEWARM\HostVer2\EWARM\Host\Obj\startup_stm32l082xx.o
#        D:\Source_Tree_data\projects\NB_IoT\Update_OTA\upfirm_NB_IoT\Updata_OTA_NBIoT\MCU\HostClientEWARM\HostVer2\EWARM\Host\Obj\stm32l0xx_hal.o
#        D:\Source_Tree_data\projects\NB_IoT\Update_OTA\upfirm_NB_IoT\Updata_OTA_NBIoT\MCU\HostClientEWARM\HostVer2\EWARM\Host\Obj\stm32l0xx_hal_cortex.o
#        D:\Source_Tree_data\projects\NB_IoT\Update_OTA\upfirm_NB_IoT\Updata_OTA_NBIoT\MCU\HostClientEWARM\HostVer2\EWARM\Host\Obj\stm32l0xx_hal_dma.o
#        D:\Source_Tree_data\projects\NB_IoT\Update_OTA\upfirm_NB_IoT\Updata_OTA_NBIoT\MCU\HostClientEWARM\HostVer2\EWARM\Host\Obj\stm32l0xx_hal_exti.o
#        D:\Source_Tree_data\projects\NB_IoT\Update_OTA\upfirm_NB_IoT\Updata_OTA_NBIoT\MCU\HostClientEWARM\HostVer2\EWARM\Host\Obj\stm32l0xx_hal_flash.o
#        D:\Source_Tree_data\projects\NB_IoT\Update_OTA\upfirm_NB_IoT\Updata_OTA_NBIoT\MCU\HostClientEWARM\HostVer2\EWARM\Host\Obj\stm32l0xx_hal_flash_ex.o
#        D:\Source_Tree_data\projects\NB_IoT\Update_OTA\upfirm_NB_IoT\Updata_OTA_NBIoT\MCU\HostClientEWARM\HostVer2\EWARM\Host\Obj\stm32l0xx_hal_flash_ramfunc.o
#        D:\Source_Tree_data\projects\NB_IoT\Update_OTA\upfirm_NB_IoT\Updata_OTA_NBIoT\MCU\HostClientEWARM\HostVer2\EWARM\Host\Obj\stm32l0xx_hal_gpio.o
#        D:\Source_Tree_data\projects\NB_IoT\Update_OTA\upfirm_NB_IoT\Updata_OTA_NBIoT\MCU\HostClientEWARM\HostVer2\EWARM\Host\Obj\stm32l0xx_hal_i2c.o
#        D:\Source_Tree_data\projects\NB_IoT\Update_OTA\upfirm_NB_IoT\Updata_OTA_NBIoT\MCU\HostClientEWARM\HostVer2\EWARM\Host\Obj\stm32l0xx_hal_i2c_ex.o
#        D:\Source_Tree_data\projects\NB_IoT\Update_OTA\upfirm_NB_IoT\Updata_OTA_NBIoT\MCU\HostClientEWARM\HostVer2\EWARM\Host\Obj\stm32l0xx_hal_msp.o
#        D:\Source_Tree_data\projects\NB_IoT\Update_OTA\upfirm_NB_IoT\Updata_OTA_NBIoT\MCU\HostClientEWARM\HostVer2\EWARM\Host\Obj\stm32l0xx_hal_pwr.o
#        D:\Source_Tree_data\projects\NB_IoT\Update_OTA\upfirm_NB_IoT\Updata_OTA_NBIoT\MCU\HostClientEWARM\HostVer2\EWARM\Host\Obj\stm32l0xx_hal_pwr_ex.o
#        D:\Source_Tree_data\projects\NB_IoT\Update_OTA\upfirm_NB_IoT\Updata_OTA_NBIoT\MCU\HostClientEWARM\HostVer2\EWARM\Host\Obj\stm32l0xx_hal_rcc.o
#        D:\Source_Tree_data\projects\NB_IoT\Update_OTA\upfirm_NB_IoT\Updata_OTA_NBIoT\MCU\HostClientEWARM\HostVer2\EWARM\Host\Obj\stm32l0xx_hal_rcc_ex.o
#        D:\Source_Tree_data\projects\NB_IoT\Update_OTA\upfirm_NB_IoT\Updata_OTA_NBIoT\MCU\HostClientEWARM\HostVer2\EWARM\Host\Obj\stm32l0xx_hal_rtc.o
#        D:\Source_Tree_data\projects\NB_IoT\Update_OTA\upfirm_NB_IoT\Updata_OTA_NBIoT\MCU\HostClientEWARM\HostVer2\EWARM\Host\Obj\stm32l0xx_hal_rtc_ex.o
#        D:\Source_Tree_data\projects\NB_IoT\Update_OTA\upfirm_NB_IoT\Updata_OTA_NBIoT\MCU\HostClientEWARM\HostVer2\EWARM\Host\Obj\stm32l0xx_hal_tim.o
#        D:\Source_Tree_data\projects\NB_IoT\Update_OTA\upfirm_NB_IoT\Updata_OTA_NBIoT\MCU\HostClientEWARM\HostVer2\EWARM\Host\Obj\stm32l0xx_hal_tim_ex.o
#        D:\Source_Tree_data\projects\NB_IoT\Update_OTA\upfirm_NB_IoT\Updata_OTA_NBIoT\MCU\HostClientEWARM\HostVer2\EWARM\Host\Obj\stm32l0xx_hal_timebase_tim.o
#        D:\Source_Tree_data\projects\NB_IoT\Update_OTA\upfirm_NB_IoT\Updata_OTA_NBIoT\MCU\HostClientEWARM\HostVer2\EWARM\Host\Obj\stm32l0xx_hal_uart.o
#        D:\Source_Tree_data\projects\NB_IoT\Update_OTA\upfirm_NB_IoT\Updata_OTA_NBIoT\MCU\HostClientEWARM\HostVer2\EWARM\Host\Obj\stm32l0xx_hal_uart_ex.o
#        D:\Source_Tree_data\projects\NB_IoT\Update_OTA\upfirm_NB_IoT\Updata_OTA_NBIoT\MCU\HostClientEWARM\HostVer2\EWARM\Host\Obj\stm32l0xx_it.o
#        D:\Source_Tree_data\projects\NB_IoT\Update_OTA\upfirm_NB_IoT\Updata_OTA_NBIoT\MCU\HostClientEWARM\HostVer2\EWARM\Host\Obj\stream_buffer.o
#        D:\Source_Tree_data\projects\NB_IoT\Update_OTA\upfirm_NB_IoT\Updata_OTA_NBIoT\MCU\HostClientEWARM\HostVer2\EWARM\Host\Obj\system_stm32l0xx.o
#        D:\Source_Tree_data\projects\NB_IoT\Update_OTA\upfirm_NB_IoT\Updata_OTA_NBIoT\MCU\HostClientEWARM\HostVer2\EWARM\Host\Obj\tasks.o
#        D:\Source_Tree_data\projects\NB_IoT\Update_OTA\upfirm_NB_IoT\Updata_OTA_NBIoT\MCU\HostClientEWARM\HostVer2\EWARM\Host\Obj\timers.o
#        D:\Source_Tree_data\projects\NB_IoT\Update_OTA\upfirm_NB_IoT\Updata_OTA_NBIoT\MCU\HostClientEWARM\HostVer2\EWARM\Host\Obj\uartWinApp.o
#        D:\Source_Tree_data\projects\NB_IoT\Update_OTA\upfirm_NB_IoT\Updata_OTA_NBIoT\MCU\HostClientEWARM\HostVer2\EWARM\Host\Obj\usart.o
#        --no_out_extension -o
#        D:\Source_Tree_data\projects\NB_IoT\Update_OTA\upfirm_NB_IoT\Updata_OTA_NBIoT\MCU\HostClientEWARM\HostVer2\EWARM\Host\Exe\Host.out
#        --redirect _Printf=_PrintfFullNoMb --redirect _Scanf=_ScanfFullNoMb
#        --map
#        D:\Source_Tree_data\projects\NB_IoT\Update_OTA\upfirm_NB_IoT\Updata_OTA_NBIoT\MCU\HostClientEWARM\HostVer2\EWARM\Host\List\Host.map
#        --config
#        D:\Source_Tree_data\projects\NB_IoT\Update_OTA\upfirm_NB_IoT\Updata_OTA_NBIoT\MCU\HostClientEWARM\HostVer2\EWARM/stm32l082xx_flash.icf
#        --semihosting --entry __iar_program_start --vfe --text_out locale)
#
###############################################################################

*******************************************************************************
*** RUNTIME MODEL ATTRIBUTES
***

CppFlavor       = *
__SystemLibrary = DLib
__dlib_version  = 6


*******************************************************************************
*** HEAP SELECTION
***

The basic heap was selected because no calls to memory allocation
functions were found in the application outside of system library
functions, and there are calls to deallocation functions in the
application.


*******************************************************************************
*** PLACEMENT SUMMARY
***

"A0":  place at address 0x800'0000 { ro section .intvec };
"P1":  place in [from 0x800'0000 to 0x802'ffff] { ro };
define block CSTACK with size = 1K, alignment = 8 { };
define block HEAP with size = 512, alignment = 8 { };
"P2":  place in [from 0x2000'0000 to 0x2000'4fff] {
          rw, block CSTACK, block HEAP };
initialize by copy { rw };

  Section            Kind         Address    Size  Object
  -------            ----         -------    ----  ------
"A0":                                        0xc0
  .intvec            ro code   0x800'0000    0xc0  startup_stm32l082xx.o [1]
                             - 0x800'00c0    0xc0

"P1":                                      0x6549
  .text              ro code   0x800'00c0   0xde8  stm32l0xx_hal_uart.o [1]
  .text              ro code   0x800'0ea8   0x13c  usart.o [1]
  .text              ro code   0x800'0fe4     0xc  stm32l0xx_hal.o [1]
  .text              ro code   0x800'0ff0    0xb2  stm32l0xx_hal_dma.o [1]
  .text              ro code   0x800'10a2     0x2  stm32l0xx_hal_uart.o [1]
  .text              ro code   0x800'10a4     0x2  stm32l0xx_hal_uart.o [1]
  .text              ro code   0x800'10a6    0x7e  lz77_init_single.o [4]
  .text              ro code   0x800'1124     0x2  stm32l0xx_hal_uart_ex.o [1]
  .rodata            const     0x800'1126     0x2  bc66_cmd.o [1]
  .text              ro code   0x800'1128   0x91c  stm32l0xx_hal_rcc.o [1]
  .text              ro code   0x800'1a44    0x32  I64Mul.o [4]
  .text              ro code   0x800'1a76    0x6a  I64DivMod.o [4]
  .text              ro code   0x800'1ae0    0xe0  I32DivModFast.o [4]
  .text              ro code   0x800'1bc0     0x2  stm32l0xx_hal_uart.o [1]
  .rodata            const     0x800'1bc2     0x2  xlocale_c.o [2]
  .text              ro code   0x800'1bc4   0x17c  bc66_uart.o [1]
  .text              ro code   0x800'1d40   0x10a  main.o [1]
  .text              ro code   0x800'1e4a    0x14  memset.o [4]
  .text              ro code   0x800'1e5e     0x2  startup_stm32l082xx.o [1]
  .text              ro code   0x800'1e60   0x260  stm32l0xx_hal_gpio.o [1]
  .text              ro code   0x800'20c0    0xd4  stm32l0xx_hal_cortex.o [1]
  .text              ro code   0x800'2194    0x78  stm32l0xx_hal_timebase_tim.o [1]
  .text              ro code   0x800'220c     0x2  I64DivZer.o [4]
  .text              ro code   0x800'220e     0x2  startup_stm32l082xx.o [1]
  .text              ro code   0x800'2210     0x2  IntDivZer.o [4]
  .text              ro code   0x800'2212     0x2  startup_stm32l082xx.o [1]
  .text              ro code   0x800'2214    0x4e  ABImemset.o [4]
  .text              ro code   0x800'2262     0x2  startup_stm32l082xx.o [1]
  .text              ro code   0x800'2264   0x25e  my_lib.o [1]
  .text              ro code   0x800'24c2     0x2  startup_stm32l082xx.o [1]
  .text              ro code   0x800'24c4   0x364  uartWinApp.o [1]
  .text              ro code   0x800'2828    0x2c  stm32l0xx_hal.o [1]
  .text              ro code   0x800'2854    0x90  gpio.o [1]
  .text              ro code   0x800'28e4   0x108  rtc.o [1]
  .text              ro code   0x800'29ec   0x170  MQTT.o [1]
  .text              ro code   0x800'2b5c   0x358  freertos.o [1]
  .text              ro code   0x800'2eb4    0xa4  cmsis_os.o [1]
  .text              ro code   0x800'2f58   0x1f8  stm32l0xx_hal_rcc_ex.o [1]
  .text              ro code   0x800'3150    0x18  stm32l0xx_hal.o [1]
  .text              ro code   0x800'3168   0x29a  stm32l0xx_hal_tim.o [1]
  .text              ro code   0x800'3402     0x2  startup_stm32l082xx.o [1]
  .text              ro code   0x800'3404    0x4e  ABImemcpy.o [4]
  .text              ro code   0x800'3452     0x2  startup_stm32l082xx.o [1]
  .text              ro code   0x800'3454     0xe  strlen.o [4]
  .text              ro code   0x800'3462     0x2  startup_stm32l082xx.o [1]
  .text              ro code   0x800'3464    0x74  strcpy.o [4]
  .text              ro code   0x800'34d8   0x4dc  queue.o [1]
  .text              ro code   0x800'39b4   0x15c  iar_Stoulx.o [2]
  .text              ro code   0x800'3b10    0x30  stm32l0xx_hal_msp.o [1]
  .text              ro code   0x800'3b40   0x626  stm32l0xx_hal_rtc.o [1]
  .text              ro code   0x800'4166     0x2  startup_stm32l082xx.o [1]
  .text              ro code   0x800'4168   0x4b8  bc66_cmd.o [1]
  .text              ro code   0x800'4620   0x870  tasks.o [1]
  .text              ro code   0x800'4e90     0x2  stm32l0xx_hal_tim.o [1]
  .text              ro code   0x800'4e92     0x2  stm32l0xx_hal_tim.o [1]
  .text              ro code   0x800'4e94     0x2  stm32l0xx_hal_tim.o [1]
  .text              ro code   0x800'4e96     0x2  stm32l0xx_hal_tim.o [1]
  .text              ro code   0x800'4e98   0x108  port.o [1]
  .text              ro code   0x800'4fa0    0x9c  list.o [1]
  .text              ro code   0x800'503c   0x21c  heap_4.o [1]
  .text              ro code   0x800'5258    0x12  isspace.o [2]
  .text              ro code   0x800'526a    0x12  tolower.o [2]
  .text              ro code   0x800'527c    0x16  memchr.o [4]
  .text              ro code   0x800'5292     0x2  stm32l0xx_hal_rtc.o [1]
  .text              ro code   0x800'5294     0x2  stm32l0xx_hal_rtc_ex.o [1]
  .text              ro code   0x800'5296     0x2  startup_stm32l082xx.o [1]
  .text              ro code   0x800'5298    0x2c  stm32l0xx_hal.o [1]
  CODE               ro code   0x800'52c4    0x7c  portasm.o [1]
  .text              ro code   0x800'5340    0x34  xlocale_c.o [2]
  .rodata            const     0x800'5374   0x400  bc66_cmd.o [1]
  .text              ro code   0x800'5774   0x28e  MQTTConnectClient.o [1]
  .text              ro code   0x800'5a02     0x2  startup_stm32l082xx.o [1]
  .text              ro code   0x800'5a04   0x128  MQTTPacket.o [1]
  .text              ro code   0x800'5b2c   0x25c  call_back_fnc.o [1]
  .text              ro code   0x800'5d88    0x1c  strcat.o [2]
  .text              ro code   0x800'5da4    0x2e  strstr.o [2]
  .text              ro code   0x800'5dd2     0x2  startup_stm32l082xx.o [1]
  .text              ro code   0x800'5dd4    0xe8  MQTTSerializePublish.o [1]
  .text              ro code   0x800'5ebc    0xe4  MQTTSubscribeClient.o [1]
  .text              ro code   0x800'5fa0    0x12  strchr.o [4]
  .text              ro code   0x800'5fb2     0x2  startup_stm32l082xx.o [1]
  .rodata            const     0x800'5fb4    0x50  iar_Stoulx.o [2]
  .text              ro code   0x800'6004    0x4c  stm32l0xx_it.o [1]
  .text              ro code   0x800'6050    0x3c  zero_init3.o [4]
  .rodata            const     0x800'608c    0x28  bc66_cmd.o [1]
  .text              ro code   0x800'60b4    0x28  data_init.o [4]
  .rodata            const     0x800'60dc    0x24  bc66_cmd.o [1]
  .iar.init_table    const     0x800'6100    0x20  - Linker created -
  .text              ro code   0x800'6120    0x1e  cmain.o [4]
  .text              ro code   0x800'613e     0x4  low_level_init.o [2]
  .text              ro code   0x800'6142     0x8  exit.o [2]
  .text              ro code   0x800'614a     0x2  startup_stm32l082xx.o [1]
  .text              ro code   0x800'614c     0xa  cexit.o [4]
  .text              ro code   0x800'6156     0x2  startup_stm32l082xx.o [1]
  .text              ro code   0x800'6158    0x14  exit.o [5]
  .rodata            const     0x800'616c    0x1c  bc66_cmd.o [1]
  .rodata            const     0x800'6188    0x1c  bc66_cmd.o [1]
  .rodata            const     0x800'61a4    0x1c  bc66_cmd.o [1]
  .rodata            const     0x800'61c0    0x1c  freertos.o [1]
  .rodata            const     0x800'61dc    0x1c  freertos.o [1]
  .rodata            const     0x800'61f8    0x1c  freertos.o [1]
  .rodata            const     0x800'6214    0x1c  freertos.o [1]
  .rodata            const     0x800'6230    0x18  bc66_cmd.o [1]
  .rodata            const     0x800'6248    0x18  bc66_cmd.o [1]
  .rodata            const     0x800'6260    0x18  bc66_cmd.o [1]
  .rodata            const     0x800'6278    0x14  bc66_cmd.o [1]
  .rodata            const     0x800'628c    0x14  freertos.o [1]
  .rodata            const     0x800'62a0    0x14  MQTT.o [1]
  .rodata            const     0x800'62b4    0x10  bc66_cmd.o [1]
  .rodata            const     0x800'62c4    0x10  bc66_cmd.o [1]
  .rodata            const     0x800'62d4    0x10  bc66_cmd.o [1]
  .rodata            const     0x800'62e4    0x10  bc66_cmd.o [1]
  .rodata            const     0x800'62f4    0x10  bc66_cmd.o [1]
  .rodata            const     0x800'6304    0x10  bc66_cmd.o [1]
  .rodata            const     0x800'6314    0x10  bc66_cmd.o [1]
  .rodata            const     0x800'6324    0x10  bc66_cmd.o [1]
  .rodata            const     0x800'6334    0x10  bc66_cmd.o [1]
  .rodata            const     0x800'6344    0x10  freertos.o [1]
  .rodata            const     0x800'6354    0x10  system_stm32l0xx.o [1]
  .text              ro code   0x800'6364    0x10  startup_stm32l082xx.o [1]
  .rodata            const     0x800'6374     0xc  bc66_cmd.o [1]
  .rodata            const     0x800'6380     0xc  bc66_cmd.o [1]
  .rodata            const     0x800'638c     0xc  bc66_cmd.o [1]
  .rodata            const     0x800'6398     0xc  bc66_cmd.o [1]
  .rodata            const     0x800'63a4     0xc  bc66_cmd.o [1]
  .rodata            const     0x800'63b0     0xc  bc66_cmd.o [1]
  .rodata            const     0x800'63bc     0xc  bc66_cmd.o [1]
  .rodata            const     0x800'63c8     0xc  bc66_cmd.o [1]
  .rodata            const     0x800'63d4     0xc  bc66_cmd.o [1]
  .rodata            const     0x800'63e0     0xc  bc66_cmd.o [1]
  .rodata            const     0x800'63ec     0xc  bc66_cmd.o [1]
  .rodata            const     0x800'63f8     0xc  bc66_cmd.o [1]
  .rodata            const     0x800'6404     0xc  bc66_cmd.o [1]
  .rodata            const     0x800'6410     0xc  call_back_fnc.o [1]
  .rodata            const     0x800'641c     0xc  call_back_fnc.o [1]
  .rodata            const     0x800'6428     0xc  freertos.o [1]
  .rodata            const     0x800'6434     0xc  freertos.o [1]
  .rodata            const     0x800'6440     0xc  freertos.o [1]
  .rodata            const     0x800'644c     0xc  MQTT.o [1]
  .rodata            const     0x800'6458     0xc  system_stm32l0xx.o [1]
  .text              ro code   0x800'6464     0xc  cstartup_M.o [4]
  .rodata            const     0x800'6470     0x8  bc66_cmd.o [1]
  .rodata            const     0x800'6478     0x8  bc66_cmd.o [1]
  .rodata            const     0x800'6480     0x8  bc66_cmd.o [1]
  .rodata            const     0x800'6488     0x8  bc66_cmd.o [1]
  .rodata            const     0x800'6490     0x8  bc66_cmd.o [1]
  .rodata            const     0x800'6498     0x8  call_back_fnc.o [1]
  .rodata            const     0x800'64a0     0x8  MQTT.o [1]
  .rodata            const     0x800'64a8     0x8  MQTTConnectClient.o [1]
  .rodata            const     0x800'64b0     0x8  system_stm32l0xx.o [1]
  .rodata            const     0x800'64b8     0x8  tasks.o [1]
  .rodata            const     0x800'64c0     0x8  uartWinApp.o [1]
  .rodata            const     0x800'64c8     0x8  uartWinApp.o [1]
  .rodata            const     0x800'64d0     0x4  bc66_cmd.o [1]
  .rodata            const     0x800'64d4     0x4  bc66_cmd.o [1]
  .rodata            const     0x800'64d8     0x4  bc66_cmd.o [1]
  .rodata            const     0x800'64dc     0x4  heap_4.o [1]
  .rodata            const     0x800'64e0     0x4  MQTTConnectClient.o [1]
  .rodata            const     0x800'64e4     0x4  MQTTConnectClient.o [1]
  .rodata            const     0x800'64e8     0x4  MQTTConnectClient.o [1]
  .rodata            const     0x800'64ec     0x4  MQTTSerializePublish.o [1]
  .rodata            const     0x800'64f0     0x4  MQTTSubscribeClient.o [1]
  .rodata            const     0x800'64f4     0x4  uartWinApp.o [1]
  .rodata            const     0x800'64f8     0x4  uartWinApp.o [1]
  .text              ro code   0x800'64fc     0x2  startup_stm32l082xx.o [1]
  .text              ro code   0x800'64fe     0x2  startup_stm32l082xx.o [1]
  .text              ro code   0x800'6500     0x2  startup_stm32l082xx.o [1]
  .text              ro code   0x800'6502     0x2  startup_stm32l082xx.o [1]
  .text              ro code   0x800'6504     0x2  startup_stm32l082xx.o [1]
  .text              ro code   0x800'6506     0x2  startup_stm32l082xx.o [1]
  .text              ro code   0x800'6508     0x2  startup_stm32l082xx.o [1]
  .text              ro code   0x800'650a     0x2  startup_stm32l082xx.o [1]
  .text              ro code   0x800'650c     0x2  startup_stm32l082xx.o [1]
  .text              ro code   0x800'650e     0x2  startup_stm32l082xx.o [1]
  .text              ro code   0x800'6510     0x2  startup_stm32l082xx.o [1]
  .rodata            const     0x800'6512     0x1  bc66_cmd.o [1]
  .text              ro code   0x800'6514     0x2  system_stm32l0xx.o [1]
  .rodata            const     0x800'6516     0x0  zero_init3.o [4]
  .rodata            const     0x800'6516     0x0  lz77_init_single.o [4]
  Initializer bytes  const     0x800'6516    0xf3  <for P2-1>
                             - 0x800'6609  0x6549

"P2", part 1 of 3:                          0x3e4
  P2-1                        0x2000'0000   0x3e4  <Init block>
    .data            inited   0x2000'0000   0x20c  bc66_cmd.o [1]
    .data            inited   0x2000'020c    0x24  bc66_cmd.o [1]
    .data            inited   0x2000'0230     0x8  bc66_uart.o [1]
    .data            inited   0x2000'0238    0x10  main.o [1]
    .data            inited   0x2000'0248    0x64  MQTT.o [1]
    .data            inited   0x2000'02ac     0x4  MQTT.o [1]
    .data            inited   0x2000'02b0     0xc  MQTT.o [1]
    .data            inited   0x2000'02bc    0x58  MQTT.o [1]
    .data            inited   0x2000'0314    0x28  my_lib.o [1]
    .data            inited   0x2000'033c     0x4  port.o [1]
    .data            inited   0x2000'0340     0x4  stm32l0xx_hal.o [1]
    .data            inited   0x2000'0344     0x4  system_stm32l0xx.o [1]
    .data            inited   0x2000'0348    0x40  uartWinApp.o [1]
    .data            inited   0x2000'0388    0x10  uartWinApp.o [1]
    .data            inited   0x2000'0398    0x48  xlocale_c.o [2]
    .data            inited   0x2000'03e0     0x2  call_back_fnc.o [1]
    .data            inited   0x2000'03e2     0x1  MQTT.o [1]
    .data            inited   0x2000'03e3     0x1  stm32l0xx_hal.o [1]
                            - 0x2000'03e4   0x3e4

"P2", part 2 of 3:                         0x1564
  .bss               zero     0x2000'03e4   0xc00  heap_4.o [1]
  .bss               zero     0x2000'0fe4   0x200  freertos.o [1]
  .bss               zero     0x2000'11e4   0x12c  call_back_fnc.o [1]
  .bss               zero     0x2000'1310   0x12c  uartWinApp.o [1]
  .bss               zero     0x2000'143c    0xc8  MQTT.o [1]
  .bss               zero     0x2000'1504    0xc8  MQTT.o [1]
  .bss               zero     0x2000'15cc    0x8c  tasks.o [1]
  .bss               zero     0x2000'1658    0x84  usart.o [1]
  .bss               zero     0x2000'16dc    0x84  usart.o [1]
  .bss               zero     0x2000'1760    0x54  freertos.o [1]
  .bss               zero     0x2000'17b4    0x40  stm32l0xx_hal_timebase_tim.o [1]
  .bss               zero     0x2000'17f4    0x28  MQTT.o [1]
  .bss               zero     0x2000'181c    0x24  rtc.o [1]
  .bss               zero     0x2000'1840    0x18  MQTT.o [1]
  .bss               zero     0x2000'1858    0x14  tasks.o [1]
  .bss               zero     0x2000'186c    0x14  tasks.o [1]
  .bss               zero     0x2000'1880    0x14  tasks.o [1]
  .bss               zero     0x2000'1894    0x14  tasks.o [1]
  .bss               zero     0x2000'18a8    0x14  tasks.o [1]
  .bss               zero     0x2000'18bc    0x10  MQTT.o [1]
  .bss               zero     0x2000'18cc     0x8  heap_4.o [1]
  .bss               zero     0x2000'18d4     0x4  bc66_cmd.o [1]
  .bss               zero     0x2000'18d8     0x4  freertos.o [1]
  .bss               zero     0x2000'18dc     0x4  freertos.o [1]
  .bss               zero     0x2000'18e0     0x4  freertos.o [1]
  .bss               zero     0x2000'18e4     0x4  freertos.o [1]
  .bss               zero     0x2000'18e8     0x4  heap_4.o [1]
  .bss               zero     0x2000'18ec     0x4  heap_4.o [1]
  .bss               zero     0x2000'18f0     0x4  heap_4.o [1]
  .bss               zero     0x2000'18f4     0x4  heap_4.o [1]
  .bss               zero     0x2000'18f8     0x4  main.o [1]
  .bss               zero     0x2000'18fc     0x4  main.o [1]
  .bss               zero     0x2000'1900     0x4  stm32l0xx_hal.o [1]
  .bss               zero     0x2000'1904     0x4  tasks.o [1]
  .bss               zero     0x2000'1908     0x4  tasks.o [1]
  .bss               zero     0x2000'190c     0x4  tasks.o [1]
  .bss               zero     0x2000'1910     0x4  tasks.o [1]
  .bss               zero     0x2000'1914     0x4  tasks.o [1]
  .bss               zero     0x2000'1918     0x4  tasks.o [1]
  .bss               zero     0x2000'191c     0x4  tasks.o [1]
  .bss               zero     0x2000'1920     0x4  tasks.o [1]
  .bss               zero     0x2000'1924     0x4  tasks.o [1]
  .bss               zero     0x2000'1928     0x4  tasks.o [1]
  .bss               zero     0x2000'192c     0x4  tasks.o [1]
  .bss               zero     0x2000'1930     0x4  tasks.o [1]
  .bss               zero     0x2000'1934     0x4  tasks.o [1]
  .bss               zero     0x2000'1938     0x4  tasks.o [1]
  .bss               zero     0x2000'193c     0x4  tasks.o [1]
  .bss               zero     0x2000'1940     0x2  bc66_uart.o [1]
  .bss               zero     0x2000'1942     0x1  call_back_fnc.o [1]
  .bss               zero     0x2000'1943     0x1  freertos.o [1]
  .bss               zero     0x2000'1944     0x1  freertos.o [1]
  .bss               zero     0x2000'1945     0x1  uartWinApp.o [1]
                            - 0x2000'1946  0x1562

"P2", part 3 of 3:                          0x400
  CSTACK                      0x2000'1948   0x400  <Block>
    CSTACK           uninit   0x2000'1948   0x400  <Block tail>
                            - 0x2000'1d48   0x400

Unused ranges:

         From           To      Size
         ----           --      ----
   0x800'6609   0x802'ffff  0x2'99f7
  0x2000'1d48  0x2000'4fff    0x32b8


*******************************************************************************
*** INIT TABLE
***

          Address      Size
          -------      ----
Zero (__iar_zero_init3)
    1 destination range, total size 0x1562:
          0x2000'03e4  0x1562

Copy/lz77 (__iar_lz77_init_single3)
    1 source range, total size 0xf3 (24% of destination):
           0x800'6516    0xf3
    1 destination range, total size 0x3e4:
          0x2000'0000   0x3e4



*******************************************************************************
*** MODULE SUMMARY
***

    Module                        ro code  ro data  rw data
    ------                        -------  -------  -------
command line/config:
    -------------------------------------------------------
    Total:

D:\Source_Tree_data\projects\NB_IoT\Update_OTA\upfirm_NB_IoT\Updata_OTA_NBIoT\MCU\HostClientEWARM\HostVer2\EWARM\Host\Obj: [1]
    MQTT.o                            368       90      685
    MQTTConnectClient.o               654       20
    MQTTPacket.o                      296
    MQTTSerializePublish.o            232        4
    MQTTSubscribeClient.o             228        4
    bc66_cmd.o                      1'208    1'767      564
    bc66_uart.o                       380        2       10
    call_back_fnc.o                   604       32      303
    cmsis_os.o                        164
    freertos.o                        856      184      614
    gpio.o                            144
    heap_4.o                          540        4    3'096
    list.o                            156
    main.o                            266        4       24
    my_lib.o                          606       10       40
    port.o                            264                 4
    portasm.o                         124
    queue.o                         1'244
    rtc.o                             264                36
    startup_stm32l082xx.o             260
    stm32l0xx_hal.o                   124        2        9
    stm32l0xx_hal_cortex.o            212
    stm32l0xx_hal_dma.o               178
    stm32l0xx_hal_gpio.o              608
    stm32l0xx_hal_msp.o                48
    stm32l0xx_hal_rcc.o             2'332
    stm32l0xx_hal_rcc_ex.o            504
    stm32l0xx_hal_rtc.o             1'576
    stm32l0xx_hal_rtc_ex.o              2
    stm32l0xx_hal_tim.o               674
    stm32l0xx_hal_timebase_tim.o      120                64
    stm32l0xx_hal_uart.o            3'566
    stm32l0xx_hal_uart_ex.o             2
    stm32l0xx_it.o                     76
    system_stm32l0xx.o                  2       37        4
    tasks.o                         2'160        8      300
    uartWinApp.o                      868       44      381
    usart.o                           316               264
    -------------------------------------------------------
    Total:                         22'226    2'212    6'398

dl6M_tlf.a: [2]
    exit.o                              8
    iar_Stoulx.o                      348       80
    isspace.o                          18
    low_level_init.o                    4
    strcat.o                           28
    strstr.o                           46
    tolower.o                          18
    xlocale_c.o                        52       20       72
    -------------------------------------------------------
    Total:                            522      100       72

m6M_tl.a: [3]
    -------------------------------------------------------
    Total:

rt6M_tl.a: [4]
    ABImemcpy.o                        78
    ABImemset.o                        78
    I32DivModFast.o                   224
    I64DivMod.o                       106
    I64DivZer.o                         2
    I64Mul.o                           50
    IntDivZer.o                         2
    cexit.o                            10
    cmain.o                            30
    cstartup_M.o                       12
    data_init.o                        40
    lz77_init_single.o                126
    memchr.o                           22
    memset.o                           20
    strchr.o                           18
    strcpy.o                          116
    strlen.o                           14
    zero_init3.o                       60
    -------------------------------------------------------
    Total:                          1'008

shb_l.a: [5]
    exit.o                             20
    -------------------------------------------------------
    Total:                             20

    Gaps                                1
    Linker created                              32    1'024
-----------------------------------------------------------
    Grand Total:                   23'777    2'344    7'494


*******************************************************************************
*** ENTRY LIST
***

Entry                       Address   Size  Type      Object
-----                       -------   ----  ----      ------
.iar.init_table$$Base    0x800'6100          --   Gb  - Linker created -
.iar.init_table$$Limit   0x800'6120          --   Gb  - Linker created -
?main                    0x800'6121         Code  Gb  cmain.o [4]
AHBPrescTable            0x800'6354   0x10  Data  Gb  system_stm32l0xx.o [1]
APBPrescTable            0x800'64b0    0x8  Data  Gb  system_stm32l0xx.o [1]
BC66_Check_AT_Response   0x800'4245   0x34  Code  Gb  bc66_cmd.o [1]
BC66_Check_MQTT_Receive
                         0x800'458d   0x70  Code  Gb  bc66_cmd.o [1]
BC66_Check_Reset         0x800'4279   0x5a  Code  Gb  bc66_cmd.o [1]
BC66_Check_Time_Out      0x800'422f   0x16  Code  Gb  bc66_cmd.o [1]
BC66_Excute_AT_Cmd       0x800'4169   0xc6  Code  Gb  bc66_cmd.o [1]
BC66_Handle_Reason_Close_TCP
                         0x800'44dd   0x18  Code  Gb  bc66_cmd.o [1]
BC66_Handler_TCP_Close_MQTT_Max_Open_Fail
                         0x800'44fd    0xe  Code  Gb  bc66_cmd.o [1]
BC66_Handler_TCP_Close_MQTT_Max_Ping_Fail
                         0x800'4525    0xe  Code  Gb  bc66_cmd.o [1]
BC66_Handler_TCP_Close_MQTT_Max_Pub_Fail
                         0x800'450b    0xe  Code  Gb  bc66_cmd.o [1]
BC66_Handler_TCP_Close_None_Err
                         0x800'44f5    0x8  Code  Gb  bc66_cmd.o [1]
BC66_Handler_TCP_Close_TCP_Max_Open_Fail
                         0x800'4519    0x8  Code  Gb  bc66_cmd.o [1]
BC66_Initialize_AT_Commands_Handler
                         0x800'4341  0x18c  Code  Gb  bc66_cmd.o [1]
BC66_Power_On            0x800'42fb   0x3c  Code  Gb  bc66_cmd.o [1]
BC66_Reset               0x800'42d3   0x28  Code  Gb  bc66_cmd.o [1]
BC66_TCP_Close_Scan_And_Handler_Error
                         0x800'4539   0x3a  Code  Gb  bc66_cmd.o [1]
BC66_TaskHandle         0x2000'18d8    0x4  Data  Gb  freertos.o [1]
BC66_UART_Check_Receive_Process_Status
                         0x800'1cc7   0x3c  Code  Gb  bc66_uart.o [1]
BC66_UART_Clear_BC66_Data
                         0x800'1d03   0x24  Code  Gb  bc66_uart.o [1]
BC66_UART_Receive_Init   0x800'1c39   0x2e  Code  Gb  bc66_uart.o [1]
BC66_UART_Send_Data_To_BC66
                         0x800'1c67   0x18  Code  Gb  bc66_uart.o [1]
BC66_UART_Send_Data_To_Terminal
                         0x800'1c7f   0x48  Code  Gb  bc66_uart.o [1]
BC66_con_opt            0x2000'020c   0x24  Data  Gb  bc66_cmd.o [1]
CSTACK$$Base            0x2000'1948          --   Gb  - Linker created -
CSTACK$$Limit           0x2000'1d48          --   Gb  - Linker created -
Convert_Char_To_Hex      0x800'242b   0x98  Code  Gb  my_lib.o [1]
Convert_length_to_array
                         0x800'265d   0x80  Code  Gb  uartWinApp.o [1]
CountReceive_u16        0x2000'1940    0x2  Data  Gb  bc66_uart.o [1]
Error_Handler            0x800'1e45    0x6  Code  Gb  main.o [1]
FncCallback_MQTT_Open_1
                         0x800'5bdd   0x28  Code  Gb  call_back_fnc.o [1]
FncCallback_MQTT_Ping_1
                         0x800'5c83   0x2e  Code  Gb  call_back_fnc.o [1]
FncCallback_MQTT_Pub_1   0x800'5c05   0x5a  Code  Gb  call_back_fnc.o [1]
FncCallback_MQTT_Pub_2   0x800'5c5f   0x24  Code  Gb  call_back_fnc.o [1]
FncCallback_MQTT_Sub_1   0x800'5cb1   0x42  Code  Gb  call_back_fnc.o [1]
FncCallback_MQTT_Sub_2   0x800'5cf9   0x56  Code  Gb  call_back_fnc.o [1]
FncCallback_TCP_Open_1   0x800'5b2d   0x64  Code  Gb  call_back_fnc.o [1]
FncCallback_TCP_Open_2   0x800'5b91   0x4c  Code  Gb  call_back_fnc.o [1]
GateKeeperHandle        0x2000'18e4    0x4  Data  Gb  freertos.o [1]
HAL_DMA_Abort            0x800'0ff1   0x54  Code  Gb  stm32l0xx_hal_dma.o [1]
HAL_DMA_Abort_IT         0x800'1045   0x5e  Code  Gb  stm32l0xx_hal_dma.o [1]
HAL_Delay                0x800'5299   0x2c  Code  Wk  stm32l0xx_hal.o [1]
HAL_GPIO_Init            0x800'1e61  0x218  Code  Gb  stm32l0xx_hal_gpio.o [1]
HAL_GPIO_WritePin        0x800'2081   0x1a  Code  Gb  stm32l0xx_hal_gpio.o [1]
HAL_GetTick              0x800'0fe5    0xc  Code  Wk  stm32l0xx_hal.o [1]
HAL_IncTick              0x800'3151   0x18  Code  Wk  stm32l0xx_hal.o [1]
HAL_Init                 0x800'2829   0x28  Code  Gb  stm32l0xx_hal.o [1]
HAL_InitTick             0x800'2195   0x68  Code  Gb  stm32l0xx_hal_timebase_tim.o [1]
HAL_MspInit              0x800'3b11   0x30  Code  Gb  stm32l0xx_hal_msp.o [1]
HAL_NVIC_EnableIRQ       0x800'2179    0xe  Code  Gb  stm32l0xx_hal_cortex.o [1]
HAL_NVIC_SetPriority     0x800'2165   0x14  Code  Gb  stm32l0xx_hal_cortex.o [1]
HAL_RCCEx_PeriphCLKConfig
                         0x800'2f59  0x1c0  Code  Gb  stm32l0xx_hal_rcc_ex.o [1]
HAL_RCC_ClockConfig      0x800'16fd  0x1cc  Code  Gb  stm32l0xx_hal_rcc.o [1]
HAL_RCC_GetClockConfig   0x800'19e1   0x3a  Code  Gb  stm32l0xx_hal_rcc.o [1]
HAL_RCC_GetHCLKFreq      0x800'1997    0x6  Code  Gb  stm32l0xx_hal_rcc.o [1]
HAL_RCC_GetPCLK1Freq     0x800'19a1   0x18  Code  Gb  stm32l0xx_hal_rcc.o [1]
HAL_RCC_GetPCLK2Freq     0x800'19b9   0x18  Code  Gb  stm32l0xx_hal_rcc.o [1]
HAL_RCC_GetSysClockFreq
                         0x800'18e1   0xb6  Code  Gb  stm32l0xx_hal_rcc.o [1]
HAL_RCC_OscConfig        0x800'1129  0x5a8  Code  Gb  stm32l0xx_hal_rcc.o [1]
HAL_RTCEx_AlarmBEventCallback
                         0x800'5295    0x2  Code  Wk  stm32l0xx_hal_rtc_ex.o [1]
HAL_RTC_AlarmIRQHandler
                         0x800'405d   0x60  Code  Gb  stm32l0xx_hal_rtc.o [1]
HAL_RTC_Init             0x800'3b41   0xe0  Code  Gb  stm32l0xx_hal_rtc.o [1]
HAL_RTC_MspInit          0x800'29b5   0x2a  Code  Gb  rtc.o [1]
HAL_RTC_SetAlarm_IT      0x800'3e69  0x1e2  Code  Gb  stm32l0xx_hal_rtc.o [1]
HAL_RTC_SetDate          0x800'3d51  0x10c  Code  Gb  stm32l0xx_hal_rtc.o [1]
HAL_RTC_SetTime          0x800'3c21  0x12c  Code  Gb  stm32l0xx_hal_rtc.o [1]
HAL_RTC_WaitForSynchro   0x800'40c1   0x32  Code  Gb  stm32l0xx_hal_rtc.o [1]
HAL_TIM_Base_Init        0x800'3169   0x4c  Code  Gb  stm32l0xx_hal_tim.o [1]
HAL_TIM_Base_Start_IT    0x800'31b5   0x6c  Code  Gb  stm32l0xx_hal_tim.o [1]
HAL_TIM_IRQHandler       0x800'322d  0x164  Code  Gb  stm32l0xx_hal_tim.o [1]
HAL_TIM_PeriodElapsedCallback
                         0x800'1e31   0x14  Code  Gb  main.o [1]
HAL_UARTEx_WakeupCallback
                         0x800'1125    0x2  Code  Wk  stm32l0xx_hal_uart_ex.o [1]
HAL_UART_IRQHandler      0x800'02c1  0x320  Code  Gb  stm32l0xx_hal_uart.o [1]
HAL_UART_Init            0x800'00c1   0x7a  Code  Gb  stm32l0xx_hal_uart.o [1]
HAL_UART_MspInit         0x800'0f09   0xc0  Code  Gb  usart.o [1]
HAL_UART_Receive_IT      0x800'0231   0x8c  Code  Gb  stm32l0xx_hal_uart.o [1]
HAL_UART_RxCpltCallback
                         0x800'1bc5   0x74  Code  Gb  bc66_uart.o [1]
HAL_UART_Transmit        0x800'0141   0xf0  Code  Gb  stm32l0xx_hal_uart.o [1]
HardFault_Handler        0x800'6009    0x4  Code  Gb  stm32l0xx_it.o [1]
Interger_To_Hex          0x800'23c5   0x66  Code  Gb  my_lib.o [1]
MQTTPacket_encode        0x800'5a05   0x34  Code  Gb  MQTTPacket.o [1]
MQTTPacket_len           0x800'5a39   0x26  Code  Gb  MQTTPacket.o [1]
MQTTSerialize_connect    0x800'57ff  0x18a  Code  Gb  MQTTConnectClient.o [1]
MQTTSerialize_connectLength
                         0x800'5775   0x8a  Code  Gb  MQTTConnectClient.o [1]
MQTTSerialize_pingreq    0x800'59f1   0x12  Code  Gb  MQTTConnectClient.o [1]
MQTTSerialize_publish    0x800'5df5   0xc2  Code  Gb  MQTTSerializePublish.o [1]
MQTTSerialize_publishLength
                         0x800'5dd5   0x20  Code  Gb  MQTTSerializePublish.o [1]
MQTTSerialize_subscribe
                         0x800'5ee5   0xb6  Code  Gb  MQTTSubscribeClient.o [1]
MQTTSerialize_subscribeLength
                         0x800'5ebd   0x28  Code  Gb  MQTTSubscribeClient.o [1]
MQTTSerialize_zero       0x800'5989   0x56  Code  Gb  MQTTConnectClient.o [1]
MQTT_Check_Keepalive_Time
                         0x800'2a45   0x32  Code  Gb  MQTT.o [1]
MQTT_Create_Message_To_Pub
                         0x800'2acd   0x54  Code  Gb  MQTT.o [1]
MQTT_Create_Topic_To_Sub
                         0x800'2a77   0x56  Code  Gb  MQTT.o [1]
MQTT_Init_Connect        0x800'29ed   0x10  Code  Gb  MQTT.o [1]
MQTT_Init_Pub_Opts       0x800'29fd   0x28  Code  Gb  MQTT.o [1]
MQTT_Init_Sub_Opts       0x800'2a25   0x20  Code  Gb  MQTT.o [1]
MQTTstrlen               0x800'5b0f   0x1a  Code  Gb  MQTTPacket.o [1]
MX_FREERTOS_Init         0x800'2b6b   0x7c  Code  Gb  freertos.o [1]
MX_GPIO_Init             0x800'2855   0x90  Code  Gb  gpio.o [1]
MX_RTC_Init              0x800'28e5   0xd0  Code  Gb  rtc.o [1]
MX_USART1_UART_Init      0x800'0ea9   0x30  Code  Gb  usart.o [1]
MX_USART2_UART_Init      0x800'0ed9   0x30  Code  Gb  usart.o [1]
NMI_Handler              0x800'6005    0x4  Code  Gb  stm32l0xx_it.o [1]
PLLMulTable              0x800'6458    0xc  Data  Gb  system_stm32l0xx.o [1]
PendSV_Handler           0x800'52cb         Code  Gb  portasm.o [1]
Push_BC66_Message_to_Queue
                         0x800'26dd   0x1a  Code  Gb  uartWinApp.o [1]
RTC_ByteToBcd2           0x800'4149   0x1e  Code  Gb  stm32l0xx_hal_rtc.o [1]
RTC_EnterInitMode        0x800'40f9   0x3c  Code  Gb  stm32l0xx_hal_rtc.o [1]
RTC_IRQHandler           0x800'600d    0xa  Code  Gb  stm32l0xx_it.o [1]
Region$$Table$$Base      0x800'6100          --   Gb  - Linker created -
Region$$Table$$Limit     0x800'6120          --   Gb  - Linker created -
Reset_Buffer             0x800'23a1   0x20  Code  Gb  my_lib.o [1]
SVC_Handler              0x800'5309         Code  Gb  portasm.o [1]
Search_String_In_Buffer
                         0x800'22dd   0x66  Code  Gb  my_lib.o [1]
Search_String_Location_In_Buffer_2
                         0x800'2343   0x5e  Code  Gb  my_lib.o [1]
StartGateKeeper          0x800'2e65   0x20  Code  Gb  freertos.o [1]
StartUART_WinApp_Task    0x800'2e1d   0x3a  Code  Gb  freertos.o [1]
Start_BC66_Task          0x800'2be7  0x1ae  Code  Gb  freertos.o [1]
SysTick_Handler          0x800'4f3b   0x20  Code  Gb  port.o [1]
SystemClock_Config       0x800'1d87   0x94  Code  Gb  main.o [1]
SystemCoreClock         0x2000'0344    0x4  Data  Gb  system_stm32l0xx.o [1]
SystemInit               0x800'6515    0x2  Code  Gb  system_stm32l0xx.o [1]
TIM2_IRQHandler          0x800'6017   0x12  Code  Gb  stm32l0xx_it.o [1]
TIM_Base_SetConfig       0x800'3391   0x5e  Code  Lc  stm32l0xx_hal_tim.o [1]
UART_AdvFeatureConfig    0x800'092d   0xde  Code  Gb  stm32l0xx_hal_uart.o [1]
UART_BC66Handle         0x2000'18dc    0x4  Data  Gb  freertos.o [1]
UART_BC66_Task           0x800'2d9d   0x66  Code  Gb  freertos.o [1]
UART_CheckIdleState      0x800'0a15   0x64  Code  Gb  stm32l0xx_hal_uart.o [1]
UART_DMAAbortOnError     0x800'0cd1   0x18  Code  Lc  stm32l0xx_hal_uart.o [1]
UART_EndRxTransfer       0x800'0c59   0x62  Code  Lc  stm32l0xx_hal_uart.o [1]
UART_EndTransmit_IT      0x800'0ce9   0x2e  Code  Lc  stm32l0xx_hal_uart.o [1]
UART_REC_WIN            0x2000'0348   0x40  Data  Gb  uartWinApp.o [1]
UART_RxISR_16BIT         0x800'0ddd   0xc6  Code  Lc  stm32l0xx_hal_uart.o [1]
UART_RxISR_8BIT          0x800'0d17   0xc6  Code  Lc  stm32l0xx_hal_uart.o [1]
UART_Send_Data_To_Terminal
                         0x800'26f7   0x42  Code  Gb  uartWinApp.o [1]
UART_SetConfig           0x800'05f5  0x328  Code  Gb  stm32l0xx_hal_uart.o [1]
UART_Start_Receive_IT    0x800'0b65   0xd0  Code  Gb  stm32l0xx_hal_uart.o [1]
UART_WaitOnFlagUntilTimeout
                         0x800'0a7d   0xe2  Code  Gb  stm32l0xx_hal_uart.o [1]
UART_WinApp_TasHandle   0x2000'18e0    0x4  Data  Gb  freertos.o [1]
USART1_IRQHandler        0x800'6029    0xa  Code  Gb  stm32l0xx_it.o [1]
USART2_IRQHandler        0x800'6033    0xa  Code  Gb  stm32l0xx_it.o [1]
WinApp_Check_Time_Out    0x800'24c5   0x18  Code  Gb  uartWinApp.o [1]
WinApp_Find_Extract_Data_Signal_To_An_Array
                         0x800'27a1   0x68  Code  Gb  uartWinApp.o [1]
WinApp_Find_Extract_Signal_To_An_Array
                         0x800'2739   0x60  Code  Gb  uartWinApp.o [1]
WinApp_Handle_UART_Receive
                         0x800'2613   0x4a  Code  Gb  uartWinApp.o [1]
WinApp_RecBuff          0x2000'1310  0x12c  Data  Gb  uartWinApp.o [1]
WinApp_Reset             0x800'25fd   0x16  Code  Gb  uartWinApp.o [1]
WinApp_UART_Check_Receive_Process_Status
                         0x800'25cb   0x32  Code  Gb  uartWinApp.o [1]
WinUart                 0x2000'0388   0x10  Data  Gb  uartWinApp.o [1]
_LocaleC_isspace         0x800'534d   0x14  Code  Gb  xlocale_c.o [2]
_LocaleC_isupper         0x800'5341    0x2  Code  Gb  xlocale_c.o [2]
_LocaleC_tolower         0x800'5361    0xc  Code  Gb  xlocale_c.o [2]
__NVIC_EnableIRQ         0x800'20c1   0x18  Code  Lc  stm32l0xx_hal_cortex.o [1]
__NVIC_SetPriority       0x800'20d9   0x8c  Code  Lc  stm32l0xx_hal_cortex.o [1]
__aeabi_idiv             0x800'1b0d         Code  Gb  I32DivModFast.o [4]
__aeabi_idiv0            0x800'2211         Code  Gb  IntDivZer.o [4]
__aeabi_idivmod          0x800'1b0d         Code  Gb  I32DivModFast.o [4]
__aeabi_ldiv0            0x800'220d         Code  Gb  I64DivZer.o [4]
__aeabi_lmul             0x800'1a45         Code  Gb  I64Mul.o [4]
__aeabi_memcpy           0x800'3439         Code  Gb  ABImemcpy.o [4]
__aeabi_memcpy4          0x800'3405         Code  Gb  ABImemcpy.o [4]
__aeabi_memcpy8          0x800'3405         Code  Gb  ABImemcpy.o [4]
__aeabi_memset           0x800'2215         Code  Gb  ABImemset.o [4]
__aeabi_uidiv            0x800'1b13         Code  Gb  I32DivModFast.o [4]
__aeabi_uidivmod         0x800'1b13         Code  Gb  I32DivModFast.o [4]
__aeabi_uldivmod         0x800'1a77         Code  Gb  I64DivMod.o [4]
__cmain                  0x800'6121         Code  Gb  cmain.o [4]
__exit                   0x800'6159   0x14  Code  Gb  exit.o [5]
__iar_Memchr             0x800'527d         Code  Gb  memchr.o [4]
__iar_Memcpy             0x800'3445         Code  Gb  ABImemcpy.o [4]
__iar_Memset4_word       0x800'2235         Code  Gb  ABImemset.o [4]
__iar_Memset_word        0x800'2221         Code  Gb  ABImemset.o [4]
__iar_Stoulx             0x800'39b5  0x14c  Code  Gb  iar_Stoulx.o [2]
__iar_Strchr             0x800'5fa1         Code  Gb  strchr.o [4]
__iar_data_init3         0x800'60b5   0x28  Code  Gb  data_init.o [4]
__iar_globLocale        0x2000'0398   0x48  Data  Lc  xlocale_c.o [2]
__iar_global_Locale      0x800'536d    0x4  Code  Gb  xlocale_c.o [2]
__iar_lz77_init_single3
                         0x800'10a7   0x7e  Code  Gb  lz77_init_single.o [4]
__iar_program_start      0x800'6465         Code  Gb  cstartup_M.o [4]
__iar_zero_init3         0x800'6051   0x3c  Code  Gb  zero_init3.o [4]
__low_level_init         0x800'613f    0x4  Code  Gb  low_level_init.o [2]
__vector_table           0x800'0000         Data  Gb  startup_stm32l082xx.o [1]
_call_main               0x800'612d         Code  Gb  cmain.o [4]
_exit                    0x800'614d         Code  Gb  cexit.o [4]
_main                    0x800'613b         Code  Gb  cmain.o [4]
atoi                     0x800'3b01    0x4  Code  Gb  iar_Stoulx.o [2]
bc66_rec_UART           0x2000'0230    0x8  Data  Gb  bc66_uart.o [1]
dTypeArr_set_AT          0x800'5374  0x400  Data  Gb  bc66_cmd.o [1]
dType_MQTT_watermetter  0x2000'18bc   0x10  Data  Gb  MQTT.o [1]
dType_TCP_close_reason   0x800'608c   0x28  Data  Gb  bc66_cmd.o [1]
dType_water_NB_IoT      0x2000'0000  0x20c  Data  Gb  bc66_cmd.o [1]
deba                     0x800'6512    0x1  Data  Gb  bc66_cmd.o [1]
digits                   0x800'5fdc   0x28  Data  Lc  iar_Stoulx.o [2]
event                   0x2000'1944    0x1  Data  Gb  freertos.o [1]
exit                     0x800'6143    0x8  Code  Gb  exit.o [2]
fncAppZoneHandle         0x800'24dd   0x4c  Code  Gb  uartWinApp.o [1]
fncDataHandle            0x800'2571   0x56  Code  Gb  uartWinApp.o [1]
fncEndHandle             0x800'25c7    0x4  Code  Gb  uartWinApp.o [1]
fncIdHandle              0x800'2529   0x48  Code  Gb  uartWinApp.o [1]
hrtc                    0x2000'181c   0x24  Data  Gb  rtc.o [1]
htim2                   0x2000'17b4   0x40  Data  Gb  stm32l0xx_hal_timebase_tim.o [1]
huart1                  0x2000'1658   0x84  Data  Gb  usart.o [1]
huart2                  0x2000'16dc   0x84  Data  Gb  usart.o [1]
isspace                  0x800'5259   0x12  Code  Gb  isspace.o [2]
itoa                     0x800'2265   0x60  Code  Gb  my_lib.o [1]
itoa::num               0x2000'0314   0x28  Data  Lc  my_lib.o [1]
main                     0x800'1d41   0x46  Code  Gb  main.o [1]
makeFreeRtosPriority     0x800'2eb5   0x18  Code  Lc  cmsis_os.o [1]
memchr                   0x800'527d         Code  Gb  memchr.o [4]
memset                   0x800'1e4b   0x14  Code  Gb  memset.o [4]
ndigs                    0x800'5fb4   0x28  Data  Lc  iar_Stoulx.o [2]
osDelay                  0x800'2f37   0x22  Code  Gb  cmsis_os.o [1]
osKernelStart            0x800'2ecd    0xa  Code  Gb  cmsis_os.o [1]
osThreadCreate           0x800'2ed7   0x60  Code  Gb  cmsis_os.o [1]
ping_flag               0x2000'1943    0x1  Data  Gb  freertos.o [1]
prvAddCurrentTaskToDelayedList
                         0x800'4e11   0x66  Code  Lc  tasks.o [1]
prvAddNewTaskToReadyList
                         0x800'4799   0x7c  Code  Lc  tasks.o [1]
prvCheckTasksWaitingTermination
                         0x800'4c9d   0x38  Code  Lc  tasks.o [1]
prvCopyDataFromQueue     0x800'38d7   0x34  Code  Lc  queue.o [1]
prvCopyDataToQueue       0x800'383d   0x9a  Code  Lc  queue.o [1]
prvDeleteTCB             0x800'4cd5   0x38  Code  Lc  tasks.o [1]
prvHeapInit              0x800'5181   0x5e  Code  Lc  heap_4.o [1]
prvIdleTask              0x800'4c3f   0x16  Code  Lc  tasks.o [1]
prvInitialiseNewQueue    0x800'3599   0x22  Code  Lc  queue.o [1]
prvInitialiseNewTask     0x800'46fd   0x9c  Code  Lc  tasks.o [1]
prvInitialiseTaskLists   0x800'4c59   0x44  Code  Lc  tasks.o [1]
prvInsertBlockIntoFreeList
                         0x800'51df   0x5c  Code  Lc  heap_4.o [1]
prvIsQueueEmpty          0x800'3979   0x1c  Code  Lc  queue.o [1]
prvIsQueueFull           0x800'3995   0x1e  Code  Lc  queue.o [1]
prvResetNextTaskUnblockTime
                         0x800'4d0d   0x26  Code  Lc  tasks.o [1]
prvSetupTimerInterrupt   0x800'4f5b   0x24  Code  Lc  port.o [1]
prvTaskExitError         0x800'4eb5   0x16  Code  Lc  port.o [1]
prvUnlockQueue           0x800'390b   0x6e  Code  Lc  queue.o [1]
pvPortMalloc             0x800'503d   0xe2  Code  Gb  heap_4.o [1]
pxCurrentTCB            0x2000'1904    0x4  Data  Gb  tasks.o [1]
pxDelayedTaskList       0x2000'1908    0x4  Data  Lc  tasks.o [1]
pxEnd                   0x2000'18e8    0x4  Data  Lc  heap_4.o [1]
pxOverflowDelayedTaskList
                        0x2000'190c    0x4  Data  Lc  tasks.o [1]
pxPortInitialiseStack    0x800'4e99   0x1a  Code  Gb  port.o [1]
pxReadyTasksLists       0x2000'15cc   0x8c  Data  Lc  tasks.o [1]
qBC66step               0x2000'18fc    0x4  Data  Gb  main.o [1]
qPrintQueue             0x2000'18f8    0x4  Data  Gb  main.o [1]
start_string            0x2000'0238   0x10  Data  Gb  main.o [1]
strcat                   0x800'5d89   0x1c  Code  Gb  strcat.o [2]
strchr                   0x800'5fa1         Code  Gb  strchr.o [4]
strcpy                   0x800'3465         Code  Gb  strcpy.o [4]
strlen                   0x800'3455         Code  Gb  strlen.o [4]
strreverse               0x800'22c5   0x18  Code  Gb  my_lib.o [1]
strstr                   0x800'5da5   0x2e  Code  Gb  strstr.o [2]
sub_flag                0x2000'1945    0x1  Data  Gb  uartWinApp.o [1]
test_MQTT_sub           0x2000'1840   0x18  Data  Gb  MQTT.o [1]
test_TopicFiltes        0x2000'02b0    0xc  Data  Gb  MQTT.o [1]
test_conect             0x2000'02bc   0x58  Data  Gb  MQTT.o [1]
test_pub_array          0x2000'143c   0xc8  Data  Gb  MQTT.o [1]
test_pub_len_payload    0x2000'03e2    0x1  Data  Gb  MQTT.o [1]
test_pub_mes            0x2000'17f4   0x28  Data  Gb  MQTT.o [1]
test_pub_payload        0x2000'0248   0x64  Data  Gb  MQTT.o [1]
test_pub_topic           0x800'62a0   0x14  Data  Gb  MQTT.o [1]
test_requestedQoS       0x2000'02ac    0x4  Data  Gb  MQTT.o [1]
test_sub_array          0x2000'1504   0xc8  Data  Gb  MQTT.o [1]
tolower                  0x800'526b   0x12  Code  Gb  tolower.o [2]
ucHeap                  0x2000'03e4  0xc00  Data  Lc  heap_4.o [1]
ui16_Buflen             0x2000'03e0    0x2  Data  Gb  call_back_fnc.o [1]
ui32_tick_count         0x2000'18d4    0x4  Data  Gb  bc66_cmd.o [1]
ui8_Buf                 0x2000'11e4  0x12c  Data  Gb  call_back_fnc.o [1]
ui8_sub_dup             0x2000'1942    0x1  Data  Gb  call_back_fnc.o [1]
ulSetInterruptMaskFromISR
                         0x800'532d         Code  Gb  portasm.o [1]
uwTick                  0x2000'1900    0x4  Data  Gb  stm32l0xx_hal.o [1]
uwTickFreq              0x2000'03e3    0x1  Data  Gb  stm32l0xx_hal.o [1]
uwTickPrio              0x2000'0340    0x4  Data  Gb  stm32l0xx_hal.o [1]
uxCriticalNesting       0x2000'033c    0x4  Data  Lc  port.o [1]
uxCurrentNumberOfTasks  0x2000'1914    0x4  Data  Lc  tasks.o [1]
uxDeletedTasksWaitingCleanUp
                        0x2000'1910    0x4  Data  Lc  tasks.o [1]
uxListRemove             0x800'5013   0x2a  Code  Gb  list.o [1]
uxPendedTicks           0x2000'1924    0x4  Data  Lc  tasks.o [1]
uxSchedulerSuspended    0x2000'193c    0x4  Data  Lc  tasks.o [1]
uxTaskNumber            0x2000'1930    0x4  Data  Lc  tasks.o [1]
uxTopReadyPriority      0x2000'191c    0x4  Data  Lc  tasks.o [1]
vApplicationGetIdleTaskMemory
                         0x800'2b5d    0xe  Code  Gb  freertos.o [1]
vClearInterruptMaskFromISR
                         0x800'5335         Code  Gb  portasm.o [1]
vListInitialise          0x800'4fa1   0x1e  Code  Gb  list.o [1]
vListInitialiseItem      0x800'4fbf    0x6  Code  Gb  list.o [1]
vListInsert              0x800'4fdd   0x36  Code  Gb  list.o [1]
vListInsertEnd           0x800'4fc5   0x18  Code  Gb  list.o [1]
vPortEnterCritical       0x800'4f09   0x14  Code  Gb  port.o [1]
vPortExitCritical        0x800'4f1d   0x1e  Code  Gb  port.o [1]
vPortFree                0x800'5121   0x60  Code  Gb  heap_4.o [1]
vPortStartFirstTask      0x800'530b         Code  Gb  portasm.o [1]
vPortYield               0x800'4ef5   0x12  Code  Gb  port.o [1]
vSetMSP                  0x800'52c5         Code  Gb  portasm.o [1]
vTaskDelay               0x800'4815   0x32  Code  Gb  tasks.o [1]
vTaskInternalSetTimeOutState
                         0x800'4bb1    0xe  Code  Gb  tasks.o [1]
vTaskMissedYield         0x800'4c37    0x8  Code  Gb  tasks.o [1]
vTaskPlaceOnEventList    0x800'4afd   0x26  Code  Gb  tasks.o [1]
vTaskStartScheduler      0x800'4865   0x6a  Code  Gb  tasks.o [1]
vTaskSuspendAll          0x800'48d1    0xa  Code  Gb  tasks.o [1]
vTaskSwitchContext       0x800'4aa1   0x5c  Code  Gb  tasks.o [1]
writeCString             0x800'5a9b   0x2e  Code  Gb  MQTTPacket.o [1]
writeChar                0x800'5a5f    0xc  Code  Gb  MQTTPacket.o [1]
writeInt                 0x800'5a6b   0x30  Code  Gb  MQTTPacket.o [1]
writeMQTTString          0x800'5ac9   0x46  Code  Gb  MQTTPacket.o [1]
xBlockAllocatedBit      0x2000'18f4    0x4  Data  Lc  heap_4.o [1]
xDelayedTaskList1       0x2000'1858   0x14  Data  Lc  tasks.o [1]
xDelayedTaskList2       0x2000'186c   0x14  Data  Lc  tasks.o [1]
xFreeBytesRemaining     0x2000'18ec    0x4  Data  Lc  heap_4.o [1]
xHeapStructSize          0x800'64dc    0x4  Data  Lc  heap_4.o [1]
xIdleStack              0x2000'0fe4  0x200  Data  Lc  freertos.o [1]
xIdleTaskHandle         0x2000'1938    0x4  Data  Lc  tasks.o [1]
xIdleTaskTCBBuffer      0x2000'1760   0x54  Data  Lc  freertos.o [1]
xMinimumEverFreeBytesRemaining
                        0x2000'18f0    0x4  Data  Lc  heap_4.o [1]
xNextTaskUnblockTime    0x2000'1934    0x4  Data  Lc  tasks.o [1]
xNumOfOverflows         0x2000'192c    0x4  Data  Lc  tasks.o [1]
xPendingReadyList       0x2000'1880   0x14  Data  Lc  tasks.o [1]
xPortStartScheduler      0x800'4ecb   0x2a  Code  Gb  port.o [1]
xQueueGenericCreate      0x800'3551   0x48  Code  Gb  queue.o [1]
xQueueGenericReset       0x800'34d9   0x76  Code  Gb  queue.o [1]
xQueueGenericSend        0x800'35bd  0x14e  Code  Gb  queue.o [1]
xQueueReceive            0x800'370d  0x130  Code  Gb  queue.o [1]
xSchedulerRunning       0x2000'1920    0x4  Data  Lc  tasks.o [1]
xStart                  0x2000'18cc    0x8  Data  Lc  heap_4.o [1]
xSuspendedTaskList      0x2000'18a8   0x14  Data  Lc  tasks.o [1]
xTaskCheckForTimeOut     0x800'4bc9   0x6e  Code  Gb  tasks.o [1]
xTaskCreate              0x800'4691   0x6c  Code  Gb  tasks.o [1]
xTaskCreateStatic        0x800'4621   0x70  Code  Gb  tasks.o [1]
xTaskGetSchedulerState   0x800'4d33   0x1e  Code  Gb  tasks.o [1]
xTaskIncrementTick       0x800'49a9   0xe2  Code  Gb  tasks.o [1]
xTaskPriorityDisinherit
                         0x800'4d65   0x6e  Code  Gb  tasks.o [1]
xTaskRemoveFromEventList
                         0x800'4b31   0x6a  Code  Gb  tasks.o [1]
xTaskResumeAll           0x800'48dd   0xb8  Code  Gb  tasks.o [1]
xTasksWaitingTermination
                        0x2000'1894   0x14  Data  Lc  tasks.o [1]
xTickCount              0x2000'1918    0x4  Data  Lc  tasks.o [1]
xYieldPending           0x2000'1928    0x4  Data  Lc  tasks.o [1]


[1] = D:\Source_Tree_data\projects\NB_IoT\Update_OTA\upfirm_NB_IoT\Updata_OTA_NBIoT\MCU\HostClientEWARM\HostVer2\EWARM\Host\Obj
[2] = dl6M_tlf.a
[3] = m6M_tl.a
[4] = rt6M_tl.a
[5] = shb_l.a

  23'777 bytes of readonly  code memory
   2'344 bytes of readonly  data memory
   7'494 bytes of readwrite data memory

Errors: none
Warnings: none
