15:03:45 **** Incremental Build of configuration Debug for project Host ****
make -j4 all 
arm-none-eabi-size   Host.elf 
   text	   data	    bss	    dec	    hex	filename
  37596	   1016	   7056	  45668	   b264	Host.elf
Finished building: default.size.stdout
 
15:04:28 **** Incremental Build of configuration Debug for project Host ****
make -j4 all 
arm-none-eabi-gcc "../connect/MQTT.c" -mcpu=cortex-m0plus -std=gnu11 -g3 -DDEBUG -DUSE_HAL_DRIVER -DSTM32L082xx -c -I../Core/Inc -I../Drivers/STM32L0xx_HAL_Driver/Inc -I../Drivers/STM32L0xx_HAL_Driver/Inc/Legacy -I../Drivers/CMSIS/Device/ST/STM32L0xx/Include -I../Drivers/CMSIS/Include -I../Middlewares/Third_Party/FreeRTOS/Source/include -I../Middlewares/Third_Party/FreeRTOS/Source/CMSIS_RTOS -I../Middlewares/Third_Party/FreeRTOS/Source/portable/GCC/ARM_CM0 -I"D:/Source_Tree_data/projects/NB_IoT/Update_OTA/upfirm_NB_IoT/Updata_OTA_NBIoT/MCU/HostClient/Host/LibMQTT/inc" -I"D:/Source_Tree_data/projects/NB_IoT/Update_OTA/upfirm_NB_IoT/Updata_OTA_NBIoT/MCU/HostClient/Host/own_lib/inc" -I"D:/Source_Tree_data/projects/NB_IoT/Update_OTA/upfirm_NB_IoT/Updata_OTA_NBIoT/MCU/HostClient/Host/BC66/Inc" -I"D:/Source_Tree_data/projects/NB_IoT/Update_OTA/upfirm_NB_IoT/Updata_OTA_NBIoT/MCU/HostClient/Host/connect" -I"D:/Source_Tree_data/projects/NB_IoT/Update_OTA/upfirm_NB_IoT/Updata_OTA_NBIoT/MCU/HostClient/Host/uartWinApp" -O0 -ffunction-sections -fdata-sections -Wall -fstack-usage -MMD -MP -MF"connect/MQTT.d" -MT"connect/MQTT.o" --specs=nano.specs -mfloat-abi=soft -mthumb -o "connect/MQTT.o"
arm-none-eabi-gcc -o "Host.elf" @"objects.list"   -mcpu=cortex-m0plus -T"D:\Source_Tree_data\projects\NB_IoT\Update_OTA\upfirm_NB_IoT\Updata_OTA_NBIoT\MCU\HostClient\Host\STM32L082KZTX_FLASH.ld" --specs=nosys.specs -Wl,-Map="Host.map" -Wl,--gc-sections -static --specs=nano.specs -mfloat-abi=soft -mthumb -Wl,--start-group -lc -lm -Wl,--end-group
Finished building target: Host.elf
 
arm-none-eabi-objdump -h -S  Host.elf  > "Host.list"
arm-none-eabi-objcopy  -O binary  Host.elf  "Host.bin"
arm-none-eabi-size   Host.elf 
   text	   data	    bss	    dec	    hex	filename
  37636	   1016	   7056	  45708	   b28c	Host.elf
Finished building: default.size.stdout
 
Finished building: Host.bin
 
Finished building: Host.list
 
15:04:38 **** Incremental Build of configuration Debug for project Host ****
make -j4 all 
arm-none-eabi-size   Host.elf 
   text	   data	    bss	    dec	    hex	filename
  37636	   1016	   7056	  45708	   b28c	Host.elf
Finished building: default.size.stdout
 
15:05:39 **** Incremental Build of configuration Debug for project Host ****
make -j4 all 
arm-none-eabi-size   Host.elf 
   text	   data	    bss	    dec	    hex	filename
  37636	   1016	   7056	  45708	   b28c	Host.elf
Finished building: default.size.stdout
 
15:05:49 **** Incremental Build of configuration Debug for project Host ****
make -j4 all 
arm-none-eabi-size   Host.elf 
   text	   data	    bss	    dec	    hex	filename
  37636	   1016	   7056	  45708	   b28c	Host.elf
Finished building: default.size.stdout
 
15:06:27 **** Incremental Build of configuration Debug for project Host ****
make -j4 all 
arm-none-eabi-size   Host.elf 
   text	   data	    bss	    dec	    hex	filename
  37636	   1016	   7056	  45708	   b28c	Host.elf
Finished building: default.size.stdout
 
15:09:55 **** Incremental Build of configuration Debug for project Host ****
make -j4 all 
arm-none-eabi-gcc "../connect/MQTT.c" -mcpu=cortex-m0plus -std=gnu11 -g3 -DDEBUG -DUSE_HAL_DRIVER -DSTM32L082xx -c -I../Core/Inc -I../Drivers/STM32L0xx_HAL_Driver/Inc -I../Drivers/STM32L0xx_HAL_Driver/Inc/Legacy -I../Drivers/CMSIS/Device/ST/STM32L0xx/Include -I../Drivers/CMSIS/Include -I../Middlewares/Third_Party/FreeRTOS/Source/include -I../Middlewares/Third_Party/FreeRTOS/Source/CMSIS_RTOS -I../Middlewares/Third_Party/FreeRTOS/Source/portable/GCC/ARM_CM0 -I"D:/Source_Tree_data/projects/NB_IoT/Update_OTA/upfirm_NB_IoT/Updata_OTA_NBIoT/MCU/HostClient/Host/LibMQTT/inc" -I"D:/Source_Tree_data/projects/NB_IoT/Update_OTA/upfirm_NB_IoT/Updata_OTA_NBIoT/MCU/HostClient/Host/own_lib/inc" -I"D:/Source_Tree_data/projects/NB_IoT/Update_OTA/upfirm_NB_IoT/Updata_OTA_NBIoT/MCU/HostClient/Host/BC66/Inc" -I"D:/Source_Tree_data/projects/NB_IoT/Update_OTA/upfirm_NB_IoT/Updata_OTA_NBIoT/MCU/HostClient/Host/connect" -I"D:/Source_Tree_data/projects/NB_IoT/Update_OTA/upfirm_NB_IoT/Updata_OTA_NBIoT/MCU/HostClient/Host/uartWinApp" -O0 -ffunction-sections -fdata-sections -Wall -fstack-usage -MMD -MP -MF"connect/MQTT.d" -MT"connect/MQTT.o" --specs=nano.specs -mfloat-abi=soft -mthumb -o "connect/MQTT.o"
../connect/MQTT.c:38:6: error: conflicting types for 'test_sub_array'
   38 | char test_sub_array[50] = {0x00};
      |      ^~~~~~~~~~~~~~
In file included from ../connect/MQTT.c:7:
../connect/MQTT.h:86:16: note: previous declaration of 'test_sub_array' was here
   86 | extern uint8_t test_sub_array[200];
      |                ^~~~~~~~~~~~~~
../connect/MQTT.c: In function 'MQTT_Init_Sub_Opts':
../connect/MQTT.c:127:20: warning: pointer targets in assignment from 'char *' to 'unsigned char *' differ in signedness [-Wpointer-sign]
  127 |  test_MQTT_sub.buf = test_sub_array;
      |                    ^
../connect/MQTT.c: In function 'MQTT_Create_Topic_To_Sub':
../connect/MQTT.c:175:20: warning: pointer targets in assignment from 'char *' to 'unsigned char *' differ in signedness [-Wpointer-sign]
  175 |  test_MQTT_sub.buf = test_sub_array;
      |                    ^
make: *** [connect/subdir.mk:19: connect/MQTT.o] Error 1
"make -j4 all" terminated with exit code 2. Build might be incomplete.
15:11:05 **** Incremental Build of configuration Debug for project Host ****
make -j4 all 
arm-none-eabi-gcc "../connect/MQTT.c" -mcpu=cortex-m0plus -std=gnu11 -g3 -DDEBUG -DUSE_HAL_DRIVER -DSTM32L082xx -c -I../Core/Inc -I../Drivers/STM32L0xx_HAL_Driver/Inc -I../Drivers/STM32L0xx_HAL_Driver/Inc/Legacy -I../Drivers/CMSIS/Device/ST/STM32L0xx/Include -I../Drivers/CMSIS/Include -I../Middlewares/Third_Party/FreeRTOS/Source/include -I../Middlewares/Third_Party/FreeRTOS/Source/CMSIS_RTOS -I../Middlewares/Third_Party/FreeRTOS/Source/portable/GCC/ARM_CM0 -I"D:/Source_Tree_data/projects/NB_IoT/Update_OTA/upfirm_NB_IoT/Updata_OTA_NBIoT/MCU/HostClient/Host/LibMQTT/inc" -I"D:/Source_Tree_data/projects/NB_IoT/Update_OTA/upfirm_NB_IoT/Updata_OTA_NBIoT/MCU/HostClient/Host/own_lib/inc" -I"D:/Source_Tree_data/projects/NB_IoT/Update_OTA/upfirm_NB_IoT/Updata_OTA_NBIoT/MCU/HostClient/Host/BC66/Inc" -I"D:/Source_Tree_data/projects/NB_IoT/Update_OTA/upfirm_NB_IoT/Updata_OTA_NBIoT/MCU/HostClient/Host/connect" -I"D:/Source_Tree_data/projects/NB_IoT/Update_OTA/upfirm_NB_IoT/Updata_OTA_NBIoT/MCU/HostClient/Host/uartWinApp" -O0 -ffunction-sections -fdata-sections -Wall -fstack-usage -MMD -MP -MF"connect/MQTT.d" -MT"connect/MQTT.o" --specs=nano.specs -mfloat-abi=soft -mthumb -o "connect/MQTT.o"
../connect/MQTT.c: In function 'MQTT_Create_Topic_To_Sub':
../connect/MQTT.c:178:38: warning: pointer targets in assignment from 'uint8_t *' {aka 'unsigned char *'} to 'char *' differ in signedness [-Wpointer-sign]
  178 |  test_MQTT_sub.topicFilters->cstring = test_sub_array;
      |                                      ^
arm-none-eabi-gcc -o "Host.elf" @"objects.list"   -mcpu=cortex-m0plus -T"D:\Source_Tree_data\projects\NB_IoT\Update_OTA\upfirm_NB_IoT\Updata_OTA_NBIoT\MCU\HostClient\Host\STM32L082KZTX_FLASH.ld" --specs=nosys.specs -Wl,-Map="Host.map" -Wl,--gc-sections -static --specs=nano.specs -mfloat-abi=soft -mthumb -Wl,--start-group -lc -lm -Wl,--end-group
Finished building target: Host.elf
 
arm-none-eabi-objdump -h -S  Host.elf  > "Host.list"
arm-none-eabi-objcopy  -O binary  Host.elf  "Host.bin"
arm-none-eabi-size   Host.elf 
   text	   data	    bss	    dec	    hex	filename
  37652	   1016	   7056	  45724	   b29c	Host.elf
Finished building: default.size.stdout
 
Finished building: Host.bin
 
Finished building: Host.list
 
15:11:24 **** Incremental Build of configuration Debug for project Host ****
make -j4 all 
arm-none-eabi-gcc "../connect/MQTT.c" -mcpu=cortex-m0plus -std=gnu11 -g3 -DDEBUG -DUSE_HAL_DRIVER -DSTM32L082xx -c -I../Core/Inc -I../Drivers/STM32L0xx_HAL_Driver/Inc -I../Drivers/STM32L0xx_HAL_Driver/Inc/Legacy -I../Drivers/CMSIS/Device/ST/STM32L0xx/Include -I../Drivers/CMSIS/Include -I../Middlewares/Third_Party/FreeRTOS/Source/include -I../Middlewares/Third_Party/FreeRTOS/Source/CMSIS_RTOS -I../Middlewares/Third_Party/FreeRTOS/Source/portable/GCC/ARM_CM0 -I"D:/Source_Tree_data/projects/NB_IoT/Update_OTA/upfirm_NB_IoT/Updata_OTA_NBIoT/MCU/HostClient/Host/LibMQTT/inc" -I"D:/Source_Tree_data/projects/NB_IoT/Update_OTA/upfirm_NB_IoT/Updata_OTA_NBIoT/MCU/HostClient/Host/own_lib/inc" -I"D:/Source_Tree_data/projects/NB_IoT/Update_OTA/upfirm_NB_IoT/Updata_OTA_NBIoT/MCU/HostClient/Host/BC66/Inc" -I"D:/Source_Tree_data/projects/NB_IoT/Update_OTA/upfirm_NB_IoT/Updata_OTA_NBIoT/MCU/HostClient/Host/connect" -I"D:/Source_Tree_data/projects/NB_IoT/Update_OTA/upfirm_NB_IoT/Updata_OTA_NBIoT/MCU/HostClient/Host/uartWinApp" -O0 -ffunction-sections -fdata-sections -Wall -fstack-usage -MMD -MP -MF"connect/MQTT.d" -MT"connect/MQTT.o" --specs=nano.specs -mfloat-abi=soft -mthumb -o "connect/MQTT.o"
arm-none-eabi-gcc -o "Host.elf" @"objects.list"   -mcpu=cortex-m0plus -T"D:\Source_Tree_data\projects\NB_IoT\Update_OTA\upfirm_NB_IoT\Updata_OTA_NBIoT\MCU\HostClient\Host\STM32L082KZTX_FLASH.ld" --specs=nosys.specs -Wl,-Map="Host.map" -Wl,--gc-sections -static --specs=nano.specs -mfloat-abi=soft -mthumb -Wl,--start-group -lc -lm -Wl,--end-group
Finished building target: Host.elf
 
arm-none-eabi-objdump -h -S  Host.elf  > "Host.list"
arm-none-eabi-objcopy  -O binary  Host.elf  "Host.bin"
arm-none-eabi-size   Host.elf 
   text	   data	    bss	    dec	    hex	filename
  37652	   1016	   7056	  45724	   b29c	Host.elf
Finished building: default.size.stdout
 
Finished building: Host.bin
 
Finished building: Host.list
 
15:12:56 **** Incremental Build of configuration Debug for project Host ****
make -j4 all 
arm-none-eabi-size   Host.elf 
   text	   data	    bss	    dec	    hex	filename
  37652	   1016	   7056	  45724	   b29c	Host.elf
Finished building: default.size.stdout
 
15:13:03 **** Incremental Build of configuration Debug for project Host ****
make -j4 all 
arm-none-eabi-size   Host.elf 
   text	   data	    bss	    dec	    hex	filename
  37652	   1016	   7056	  45724	   b29c	Host.elf
Finished building: default.size.stdout
 
15:14:52 **** Incremental Build of configuration Debug for project Host ****
make -j4 all 
arm-none-eabi-gcc "../connect/MQTT.c" -mcpu=cortex-m0plus -std=gnu11 -g3 -DDEBUG -DUSE_HAL_DRIVER -DSTM32L082xx -c -I../Core/Inc -I../Drivers/STM32L0xx_HAL_Driver/Inc -I../Drivers/STM32L0xx_HAL_Driver/Inc/Legacy -I../Drivers/CMSIS/Device/ST/STM32L0xx/Include -I../Drivers/CMSIS/Include -I../Middlewares/Third_Party/FreeRTOS/Source/include -I../Middlewares/Third_Party/FreeRTOS/Source/CMSIS_RTOS -I../Middlewares/Third_Party/FreeRTOS/Source/portable/GCC/ARM_CM0 -I"D:/Source_Tree_data/projects/NB_IoT/Update_OTA/upfirm_NB_IoT/Updata_OTA_NBIoT/MCU/HostClient/Host/LibMQTT/inc" -I"D:/Source_Tree_data/projects/NB_IoT/Update_OTA/upfirm_NB_IoT/Updata_OTA_NBIoT/MCU/HostClient/Host/own_lib/inc" -I"D:/Source_Tree_data/projects/NB_IoT/Update_OTA/upfirm_NB_IoT/Updata_OTA_NBIoT/MCU/HostClient/Host/BC66/Inc" -I"D:/Source_Tree_data/projects/NB_IoT/Update_OTA/upfirm_NB_IoT/Updata_OTA_NBIoT/MCU/HostClient/Host/connect" -I"D:/Source_Tree_data/projects/NB_IoT/Update_OTA/upfirm_NB_IoT/Updata_OTA_NBIoT/MCU/HostClient/Host/uartWinApp" -O0 -ffunction-sections -fdata-sections -Wall -fstack-usage -MMD -MP -MF"connect/MQTT.d" -MT"connect/MQTT.o" --specs=nano.specs -mfloat-abi=soft -mthumb -o "connect/MQTT.o"
arm-none-eabi-gcc -o "Host.elf" @"objects.list"   -mcpu=cortex-m0plus -T"D:\Source_Tree_data\projects\NB_IoT\Update_OTA\upfirm_NB_IoT\Updata_OTA_NBIoT\MCU\HostClient\Host\STM32L082KZTX_FLASH.ld" --specs=nosys.specs -Wl,-Map="Host.map" -Wl,--gc-sections -static --specs=nano.specs -mfloat-abi=soft -mthumb -Wl,--start-group -lc -lm -Wl,--end-group
Finished building target: Host.elf
 
arm-none-eabi-objdump -h -S  Host.elf  > "Host.list"
arm-none-eabi-objcopy  -O binary  Host.elf  "Host.bin"
arm-none-eabi-size   Host.elf 
   text	   data	    bss	    dec	    hex	filename
  37664	   1016	   7056	  45736	   b2a8	Host.elf
Finished building: default.size.stdout
 
Finished building: Host.bin
 
Finished building: Host.list
 
15:15:03 **** Incremental Build of configuration Debug for project Host ****
make -j4 all 
arm-none-eabi-gcc "../connect/MQTT.c" -mcpu=cortex-m0plus -std=gnu11 -g3 -DDEBUG -DUSE_HAL_DRIVER -DSTM32L082xx -c -I../Core/Inc -I../Drivers/STM32L0xx_HAL_Driver/Inc -I../Drivers/STM32L0xx_HAL_Driver/Inc/Legacy -I../Drivers/CMSIS/Device/ST/STM32L0xx/Include -I../Drivers/CMSIS/Include -I../Middlewares/Third_Party/FreeRTOS/Source/include -I../Middlewares/Third_Party/FreeRTOS/Source/CMSIS_RTOS -I../Middlewares/Third_Party/FreeRTOS/Source/portable/GCC/ARM_CM0 -I"D:/Source_Tree_data/projects/NB_IoT/Update_OTA/upfirm_NB_IoT/Updata_OTA_NBIoT/MCU/HostClient/Host/LibMQTT/inc" -I"D:/Source_Tree_data/projects/NB_IoT/Update_OTA/upfirm_NB_IoT/Updata_OTA_NBIoT/MCU/HostClient/Host/own_lib/inc" -I"D:/Source_Tree_data/projects/NB_IoT/Update_OTA/upfirm_NB_IoT/Updata_OTA_NBIoT/MCU/HostClient/Host/BC66/Inc" -I"D:/Source_Tree_data/projects/NB_IoT/Update_OTA/upfirm_NB_IoT/Updata_OTA_NBIoT/MCU/HostClient/Host/connect" -I"D:/Source_Tree_data/projects/NB_IoT/Update_OTA/upfirm_NB_IoT/Updata_OTA_NBIoT/MCU/HostClient/Host/uartWinApp" -O0 -ffunction-sections -fdata-sections -Wall -fstack-usage -MMD -MP -MF"connect/MQTT.d" -MT"connect/MQTT.o" --specs=nano.specs -mfloat-abi=soft -mthumb -o "connect/MQTT.o"
arm-none-eabi-gcc -o "Host.elf" @"objects.list"   -mcpu=cortex-m0plus -T"D:\Source_Tree_data\projects\NB_IoT\Update_OTA\upfirm_NB_IoT\Updata_OTA_NBIoT\MCU\HostClient\Host\STM32L082KZTX_FLASH.ld" --specs=nosys.specs -Wl,-Map="Host.map" -Wl,--gc-sections -static --specs=nano.specs -mfloat-abi=soft -mthumb -Wl,--start-group -lc -lm -Wl,--end-group
Finished building target: Host.elf
 
arm-none-eabi-objdump -h -S  Host.elf  > "Host.list"
arm-none-eabi-objcopy  -O binary  Host.elf  "Host.bin"
arm-none-eabi-size   Host.elf 
   text	   data	    bss	    dec	    hex	filename
  37664	   1016	   7056	  45736	   b2a8	Host.elf
Finished building: default.size.stdout
 
Finished building: Host.bin
 
Finished building: Host.list
 
15:15:22 **** Incremental Build of configuration Debug for project Host ****
make -j4 all 
arm-none-eabi-size   Host.elf 
   text	   data	    bss	    dec	    hex	filename
  37664	   1016	   7056	  45736	   b2a8	Host.elf
Finished building: default.size.stdout
 
15:18:05 **** Incremental Build of configuration Debug for project Host ****
make -j4 all 
arm-none-eabi-gcc "../connect/MQTT.c" -mcpu=cortex-m0plus -std=gnu11 -g3 -DDEBUG -DUSE_HAL_DRIVER -DSTM32L082xx -c -I../Core/Inc -I../Drivers/STM32L0xx_HAL_Driver/Inc -I../Drivers/STM32L0xx_HAL_Driver/Inc/Legacy -I../Drivers/CMSIS/Device/ST/STM32L0xx/Include -I../Drivers/CMSIS/Include -I../Middlewares/Third_Party/FreeRTOS/Source/include -I../Middlewares/Third_Party/FreeRTOS/Source/CMSIS_RTOS -I../Middlewares/Third_Party/FreeRTOS/Source/portable/GCC/ARM_CM0 -I"D:/Source_Tree_data/projects/NB_IoT/Update_OTA/upfirm_NB_IoT/Updata_OTA_NBIoT/MCU/HostClient/Host/LibMQTT/inc" -I"D:/Source_Tree_data/projects/NB_IoT/Update_OTA/upfirm_NB_IoT/Updata_OTA_NBIoT/MCU/HostClient/Host/own_lib/inc" -I"D:/Source_Tree_data/projects/NB_IoT/Update_OTA/upfirm_NB_IoT/Updata_OTA_NBIoT/MCU/HostClient/Host/BC66/Inc" -I"D:/Source_Tree_data/projects/NB_IoT/Update_OTA/upfirm_NB_IoT/Updata_OTA_NBIoT/MCU/HostClient/Host/connect" -I"D:/Source_Tree_data/projects/NB_IoT/Update_OTA/upfirm_NB_IoT/Updata_OTA_NBIoT/MCU/HostClient/Host/uartWinApp" -O0 -ffunction-sections -fdata-sections -Wall -fstack-usage -MMD -MP -MF"connect/MQTT.d" -MT"connect/MQTT.o" --specs=nano.specs -mfloat-abi=soft -mthumb -o "connect/MQTT.o"
arm-none-eabi-gcc -o "Host.elf" @"objects.list"   -mcpu=cortex-m0plus -T"D:\Source_Tree_data\projects\NB_IoT\Update_OTA\upfirm_NB_IoT\Updata_OTA_NBIoT\MCU\HostClient\Host\STM32L082KZTX_FLASH.ld" --specs=nosys.specs -Wl,-Map="Host.map" -Wl,--gc-sections -static --specs=nano.specs -mfloat-abi=soft -mthumb -Wl,--start-group -lc -lm -Wl,--end-group
Finished building target: Host.elf
 
arm-none-eabi-objdump -h -S  Host.elf  > "Host.list"
arm-none-eabi-objcopy  -O binary  Host.elf  "Host.bin"
arm-none-eabi-size   Host.elf 
   text	   data	    bss	    dec	    hex	filename
  37652	   1016	   7056	  45724	   b29c	Host.elf
Finished building: default.size.stdout
 
Finished building: Host.bin
 
Finished building: Host.list
 
15:18:54 **** Incremental Build of configuration Debug for project Host ****
make -j4 all 
arm-none-eabi-size   Host.elf 
   text	   data	    bss	    dec	    hex	filename
  37652	   1016	   7056	  45724	   b29c	Host.elf
Finished building: default.size.stdout
 
15:21:19 **** Incremental Build of configuration Debug for project Host ****
make -j4 all 
arm-none-eabi-size   Host.elf 
   text	   data	    bss	    dec	    hex	filename
  37652	   1016	   7056	  45724	   b29c	Host.elf
Finished building: default.size.stdout
 
15:22:53 **** Incremental Build of configuration Debug for project Host ****
make -j4 all 
arm-none-eabi-size   Host.elf 
   text	   data	    bss	    dec	    hex	filename
  37652	   1016	   7056	  45724	   b29c	Host.elf
Finished building: default.size.stdout
 
15:22:59 **** Incremental Build of configuration Debug for project Host ****
make -j4 all 
arm-none-eabi-size   Host.elf 
   text	   data	    bss	    dec	    hex	filename
  37652	   1016	   7056	  45724	   b29c	Host.elf
Finished building: default.size.stdout
 
15:24:35 **** Incremental Build of configuration Debug for project Host ****
make -j4 all 
arm-none-eabi-size   Host.elf 
   text	   data	    bss	    dec	    hex	filename
  37652	   1016	   7056	  45724	   b29c	Host.elf
Finished building: default.size.stdout
 
15:24:44 **** Incremental Build of configuration Debug for project Host ****
make -j4 all 
arm-none-eabi-size   Host.elf 
   text	   data	    bss	    dec	    hex	filename
  37652	   1016	   7056	  45724	   b29c	Host.elf
Finished building: default.size.stdout
 
15:31:41 **** Incremental Build of configuration Debug for project Host ****
make -j4 all 
arm-none-eabi-gcc "../Core/Src/freertos.c" -mcpu=cortex-m0plus -std=gnu11 -g3 -DDEBUG -DUSE_HAL_DRIVER -DSTM32L082xx -c -I../Core/Inc -I../Drivers/STM32L0xx_HAL_Driver/Inc -I../Drivers/STM32L0xx_HAL_Driver/Inc/Legacy -I../Drivers/CMSIS/Device/ST/STM32L0xx/Include -I../Drivers/CMSIS/Include -I../Middlewares/Third_Party/FreeRTOS/Source/include -I../Middlewares/Third_Party/FreeRTOS/Source/CMSIS_RTOS -I../Middlewares/Third_Party/FreeRTOS/Source/portable/GCC/ARM_CM0 -I"D:/Source_Tree_data/projects/NB_IoT/Update_OTA/upfirm_NB_IoT/Updata_OTA_NBIoT/MCU/HostClient/Host/LibMQTT/inc" -I"D:/Source_Tree_data/projects/NB_IoT/Update_OTA/upfirm_NB_IoT/Updata_OTA_NBIoT/MCU/HostClient/Host/own_lib/inc" -I"D:/Source_Tree_data/projects/NB_IoT/Update_OTA/upfirm_NB_IoT/Updata_OTA_NBIoT/MCU/HostClient/Host/BC66/Inc" -I"D:/Source_Tree_data/projects/NB_IoT/Update_OTA/upfirm_NB_IoT/Updata_OTA_NBIoT/MCU/HostClient/Host/connect" -I"D:/Source_Tree_data/projects/NB_IoT/Update_OTA/upfirm_NB_IoT/Updata_OTA_NBIoT/MCU/HostClient/Host/uartWinApp" -O0 -ffunction-sections -fdata-sections -Wall -fstack-usage -MMD -MP -MF"Core/Src/freertos.d" -MT"Core/Src/freertos.o" --specs=nano.specs -mfloat-abi=soft -mthumb -o "Core/Src/freertos.o"
arm-none-eabi-gcc -o "Host.elf" @"objects.list"   -mcpu=cortex-m0plus -T"D:\Source_Tree_data\projects\NB_IoT\Update_OTA\upfirm_NB_IoT\Updata_OTA_NBIoT\MCU\HostClient\Host\STM32L082KZTX_FLASH.ld" --specs=nosys.specs -Wl,-Map="Host.map" -Wl,--gc-sections -static --specs=nano.specs -mfloat-abi=soft -mthumb -Wl,--start-group -lc -lm -Wl,--end-group
Finished building target: Host.elf
 
arm-none-eabi-objdump -h -S  Host.elf  > "Host.list"
arm-none-eabi-objcopy  -O binary  Host.elf  "Host.bin"
arm-none-eabi-size   Host.elf 
   text	   data	    bss	    dec	    hex	filename
  37652	   1016	   7056	  45724	   b29c	Host.elf
Finished building: default.size.stdout
 
Finished building: Host.bin
 
Finished building: Host.list
 
15:32:27 **** Incremental Build of configuration Debug for project Host ****
make -j4 all 
arm-none-eabi-gcc "../Core/Src/freertos.c" -mcpu=cortex-m0plus -std=gnu11 -g3 -DDEBUG -DUSE_HAL_DRIVER -DSTM32L082xx -c -I../Core/Inc -I../Drivers/STM32L0xx_HAL_Driver/Inc -I../Drivers/STM32L0xx_HAL_Driver/Inc/Legacy -I../Drivers/CMSIS/Device/ST/STM32L0xx/Include -I../Drivers/CMSIS/Include -I../Middlewares/Third_Party/FreeRTOS/Source/include -I../Middlewares/Third_Party/FreeRTOS/Source/CMSIS_RTOS -I../Middlewares/Third_Party/FreeRTOS/Source/portable/GCC/ARM_CM0 -I"D:/Source_Tree_data/projects/NB_IoT/Update_OTA/upfirm_NB_IoT/Updata_OTA_NBIoT/MCU/HostClient/Host/LibMQTT/inc" -I"D:/Source_Tree_data/projects/NB_IoT/Update_OTA/upfirm_NB_IoT/Updata_OTA_NBIoT/MCU/HostClient/Host/own_lib/inc" -I"D:/Source_Tree_data/projects/NB_IoT/Update_OTA/upfirm_NB_IoT/Updata_OTA_NBIoT/MCU/HostClient/Host/BC66/Inc" -I"D:/Source_Tree_data/projects/NB_IoT/Update_OTA/upfirm_NB_IoT/Updata_OTA_NBIoT/MCU/HostClient/Host/connect" -I"D:/Source_Tree_data/projects/NB_IoT/Update_OTA/upfirm_NB_IoT/Updata_OTA_NBIoT/MCU/HostClient/Host/uartWinApp" -O0 -ffunction-sections -fdata-sections -Wall -fstack-usage -MMD -MP -MF"Core/Src/freertos.d" -MT"Core/Src/freertos.o" --specs=nano.specs -mfloat-abi=soft -mthumb -o "Core/Src/freertos.o"
arm-none-eabi-gcc -o "Host.elf" @"objects.list"   -mcpu=cortex-m0plus -T"D:\Source_Tree_data\projects\NB_IoT\Update_OTA\upfirm_NB_IoT\Updata_OTA_NBIoT\MCU\HostClient\Host\STM32L082KZTX_FLASH.ld" --specs=nosys.specs -Wl,-Map="Host.map" -Wl,--gc-sections -static --specs=nano.specs -mfloat-abi=soft -mthumb -Wl,--start-group -lc -lm -Wl,--end-group
Finished building target: Host.elf
 
arm-none-eabi-objdump -h -S  Host.elf  > "Host.list"
arm-none-eabi-objcopy  -O binary  Host.elf  "Host.bin"
arm-none-eabi-size   Host.elf 
   text	   data	    bss	    dec	    hex	filename
  37636	   1016	   7056	  45708	   b28c	Host.elf
Finished building: default.size.stdout
 
Finished building: Host.bin
 
Finished building: Host.list
 
15:33:31 **** Incremental Build of configuration Debug for project Host ****
make -j4 all 
arm-none-eabi-gcc "../Core/Src/freertos.c" -mcpu=cortex-m0plus -std=gnu11 -g3 -DDEBUG -DUSE_HAL_DRIVER -DSTM32L082xx -c -I../Core/Inc -I../Drivers/STM32L0xx_HAL_Driver/Inc -I../Drivers/STM32L0xx_HAL_Driver/Inc/Legacy -I../Drivers/CMSIS/Device/ST/STM32L0xx/Include -I../Drivers/CMSIS/Include -I../Middlewares/Third_Party/FreeRTOS/Source/include -I../Middlewares/Third_Party/FreeRTOS/Source/CMSIS_RTOS -I../Middlewares/Third_Party/FreeRTOS/Source/portable/GCC/ARM_CM0 -I"D:/Source_Tree_data/projects/NB_IoT/Update_OTA/upfirm_NB_IoT/Updata_OTA_NBIoT/MCU/HostClient/Host/LibMQTT/inc" -I"D:/Source_Tree_data/projects/NB_IoT/Update_OTA/upfirm_NB_IoT/Updata_OTA_NBIoT/MCU/HostClient/Host/own_lib/inc" -I"D:/Source_Tree_data/projects/NB_IoT/Update_OTA/upfirm_NB_IoT/Updata_OTA_NBIoT/MCU/HostClient/Host/BC66/Inc" -I"D:/Source_Tree_data/projects/NB_IoT/Update_OTA/upfirm_NB_IoT/Updata_OTA_NBIoT/MCU/HostClient/Host/connect" -I"D:/Source_Tree_data/projects/NB_IoT/Update_OTA/upfirm_NB_IoT/Updata_OTA_NBIoT/MCU/HostClient/Host/uartWinApp" -O0 -ffunction-sections -fdata-sections -Wall -fstack-usage -MMD -MP -MF"Core/Src/freertos.d" -MT"Core/Src/freertos.o" --specs=nano.specs -mfloat-abi=soft -mthumb -o "Core/Src/freertos.o"
arm-none-eabi-gcc "D:/Source_Tree_data/projects/NB_IoT/Update_OTA/upfirm_NB_IoT/Updata_OTA_NBIoT/MCU/HostClient/Host/BC66/Src/bc66_cmd.c" -mcpu=cortex-m0plus -std=gnu11 -g3 -DDEBUG -DUSE_HAL_DRIVER -DSTM32L082xx -c -I../Core/Inc -I../Drivers/STM32L0xx_HAL_Driver/Inc -I../Drivers/STM32L0xx_HAL_Driver/Inc/Legacy -I../Drivers/CMSIS/Device/ST/STM32L0xx/Include -I../Drivers/CMSIS/Include -I../Middlewares/Third_Party/FreeRTOS/Source/include -I../Middlewares/Third_Party/FreeRTOS/Source/CMSIS_RTOS -I../Middlewares/Third_Party/FreeRTOS/Source/portable/GCC/ARM_CM0 -I"D:/Source_Tree_data/projects/NB_IoT/Update_OTA/upfirm_NB_IoT/Updata_OTA_NBIoT/MCU/HostClient/Host/LibMQTT/inc" -I"D:/Source_Tree_data/projects/NB_IoT/Update_OTA/upfirm_NB_IoT/Updata_OTA_NBIoT/MCU/HostClient/Host/own_lib/inc" -I"D:/Source_Tree_data/projects/NB_IoT/Update_OTA/upfirm_NB_IoT/Updata_OTA_NBIoT/MCU/HostClient/Host/BC66/Inc" -I"D:/Source_Tree_data/projects/NB_IoT/Update_OTA/upfirm_NB_IoT/Updata_OTA_NBIoT/MCU/HostClient/Host/connect" -I"D:/Source_Tree_data/projects/NB_IoT/Update_OTA/upfirm_NB_IoT/Updata_OTA_NBIoT/MCU/HostClient/Host/uartWinApp" -O0 -ffunction-sections -fdata-sections -Wall -fstack-usage -MMD -MP -MF"BC66/Src/bc66_cmd.d" -MT"BC66/Src/bc66_cmd.o" --specs=nano.specs -mfloat-abi=soft -mthumb -o "BC66/Src/bc66_cmd.o"
arm-none-eabi-gcc -o "Host.elf" @"objects.list"   -mcpu=cortex-m0plus -T"D:\Source_Tree_data\projects\NB_IoT\Update_OTA\upfirm_NB_IoT\Updata_OTA_NBIoT\MCU\HostClient\Host\STM32L082KZTX_FLASH.ld" --specs=nosys.specs -Wl,-Map="Host.map" -Wl,--gc-sections -static --specs=nano.specs -mfloat-abi=soft -mthumb -Wl,--start-group -lc -lm -Wl,--end-group
Finished building target: Host.elf
 
arm-none-eabi-objdump -h -S  Host.elf  > "Host.list"
arm-none-eabi-objcopy  -O binary  Host.elf  "Host.bin"
arm-none-eabi-size   Host.elf 
   text	   data	    bss	    dec	    hex	filename
  37636	   1016	   7056	  45708	   b28c	Host.elf
Finished building: default.size.stdout
 
Finished building: Host.bin
 
Finished building: Host.list
 
15:34:29 **** Incremental Build of configuration Debug for project Host ****
make -j4 all 
arm-none-eabi-gcc "../Core/Src/freertos.c" -mcpu=cortex-m0plus -std=gnu11 -g3 -DDEBUG -DUSE_HAL_DRIVER -DSTM32L082xx -c -I../Core/Inc -I../Drivers/STM32L0xx_HAL_Driver/Inc -I../Drivers/STM32L0xx_HAL_Driver/Inc/Legacy -I../Drivers/CMSIS/Device/ST/STM32L0xx/Include -I../Drivers/CMSIS/Include -I../Middlewares/Third_Party/FreeRTOS/Source/include -I../Middlewares/Third_Party/FreeRTOS/Source/CMSIS_RTOS -I../Middlewares/Third_Party/FreeRTOS/Source/portable/GCC/ARM_CM0 -I"D:/Source_Tree_data/projects/NB_IoT/Update_OTA/upfirm_NB_IoT/Updata_OTA_NBIoT/MCU/HostClient/Host/LibMQTT/inc" -I"D:/Source_Tree_data/projects/NB_IoT/Update_OTA/upfirm_NB_IoT/Updata_OTA_NBIoT/MCU/HostClient/Host/own_lib/inc" -I"D:/Source_Tree_data/projects/NB_IoT/Update_OTA/upfirm_NB_IoT/Updata_OTA_NBIoT/MCU/HostClient/Host/BC66/Inc" -I"D:/Source_Tree_data/projects/NB_IoT/Update_OTA/upfirm_NB_IoT/Updata_OTA_NBIoT/MCU/HostClient/Host/connect" -I"D:/Source_Tree_data/projects/NB_IoT/Update_OTA/upfirm_NB_IoT/Updata_OTA_NBIoT/MCU/HostClient/Host/uartWinApp" -O0 -ffunction-sections -fdata-sections -Wall -fstack-usage -MMD -MP -MF"Core/Src/freertos.d" -MT"Core/Src/freertos.o" --specs=nano.specs -mfloat-abi=soft -mthumb -o "Core/Src/freertos.o"
arm-none-eabi-gcc -o "Host.elf" @"objects.list"   -mcpu=cortex-m0plus -T"D:\Source_Tree_data\projects\NB_IoT\Update_OTA\upfirm_NB_IoT\Updata_OTA_NBIoT\MCU\HostClient\Host\STM32L082KZTX_FLASH.ld" --specs=nosys.specs -Wl,-Map="Host.map" -Wl,--gc-sections -static --specs=nano.specs -mfloat-abi=soft -mthumb -Wl,--start-group -lc -lm -Wl,--end-group
Finished building target: Host.elf
 
arm-none-eabi-objdump -h -S  Host.elf  > "Host.list"
arm-none-eabi-objcopy  -O binary  Host.elf  "Host.bin"
arm-none-eabi-size   Host.elf 
   text	   data	    bss	    dec	    hex	filename
  37636	   1016	   7056	  45708	   b28c	Host.elf
Finished building: default.size.stdout
 
Finished building: Host.bin
 
Finished building: Host.list
 
15:36:14 **** Incremental Build of configuration Debug for project Host ****
make -j4 all 
arm-none-eabi-size   Host.elf 
   text	   data	    bss	    dec	    hex	filename
  37636	   1016	   7056	  45708	   b28c	Host.elf
Finished building: default.size.stdout
 
15:39:03 **** Incremental Build of configuration Debug for project Host ****
make -j4 all 
arm-none-eabi-gcc "../Core/Src/freertos.c" -mcpu=cortex-m0plus -std=gnu11 -g3 -DDEBUG -DUSE_HAL_DRIVER -DSTM32L082xx -c -I../Core/Inc -I../Drivers/STM32L0xx_HAL_Driver/Inc -I../Drivers/STM32L0xx_HAL_Driver/Inc/Legacy -I../Drivers/CMSIS/Device/ST/STM32L0xx/Include -I../Drivers/CMSIS/Include -I../Middlewares/Third_Party/FreeRTOS/Source/include -I../Middlewares/Third_Party/FreeRTOS/Source/CMSIS_RTOS -I../Middlewares/Third_Party/FreeRTOS/Source/portable/GCC/ARM_CM0 -I"D:/Source_Tree_data/projects/NB_IoT/Update_OTA/upfirm_NB_IoT/Updata_OTA_NBIoT/MCU/HostClient/Host/LibMQTT/inc" -I"D:/Source_Tree_data/projects/NB_IoT/Update_OTA/upfirm_NB_IoT/Updata_OTA_NBIoT/MCU/HostClient/Host/own_lib/inc" -I"D:/Source_Tree_data/projects/NB_IoT/Update_OTA/upfirm_NB_IoT/Updata_OTA_NBIoT/MCU/HostClient/Host/BC66/Inc" -I"D:/Source_Tree_data/projects/NB_IoT/Update_OTA/upfirm_NB_IoT/Updata_OTA_NBIoT/MCU/HostClient/Host/connect" -I"D:/Source_Tree_data/projects/NB_IoT/Update_OTA/upfirm_NB_IoT/Updata_OTA_NBIoT/MCU/HostClient/Host/uartWinApp" -O0 -ffunction-sections -fdata-sections -Wall -fstack-usage -MMD -MP -MF"Core/Src/freertos.d" -MT"Core/Src/freertos.o" --specs=nano.specs -mfloat-abi=soft -mthumb -o "Core/Src/freertos.o"
../Core/Src/freertos.c: In function 'Start_BC66_Task':
../Core/Src/freertos.c:189:35: warning: pointer targets in passing argument 2 of 'HAL_UART_Transmit' differ in signedness [-Wpointer-sign]
  189 |     HAL_UART_Transmit(&uart_bc66, "AT\r", 3, 500);
      |                                   ^~~~~~
      |                                   |
      |                                   char *
In file included from ../Core/Inc/stm32l0xx_hal_conf.h:280,
                 from ../Drivers/STM32L0xx_HAL_Driver/Inc/stm32l0xx_hal.h:30,
                 from ../Core/Inc/main.h:31,
                 from ../Core/Src/freertos.c:24:
../Drivers/STM32L0xx_HAL_Driver/Inc/stm32l0xx_hal_uart.h:1488:73: note: expected 'uint8_t *' {aka 'unsigned char *'} but argument is of type 'char *'
 1488 | HAL_StatusTypeDef HAL_UART_Transmit(UART_HandleTypeDef *huart, uint8_t *pData, uint16_t Size, uint32_t Timeout);
      |                                                                ~~~~~~~~~^~~~~
arm-none-eabi-gcc -o "Host.elf" @"objects.list"   -mcpu=cortex-m0plus -T"D:\Source_Tree_data\projects\NB_IoT\Update_OTA\upfirm_NB_IoT\Updata_OTA_NBIoT\MCU\HostClient\Host\STM32L082KZTX_FLASH.ld" --specs=nosys.specs -Wl,-Map="Host.map" -Wl,--gc-sections -static --specs=nano.specs -mfloat-abi=soft -mthumb -Wl,--start-group -lc -lm -Wl,--end-group
Finished building target: Host.elf
 
arm-none-eabi-objdump -h -S  Host.elf  > "Host.list"
arm-none-eabi-objcopy  -O binary  Host.elf  "Host.bin"
arm-none-eabi-size   Host.elf 
   text	   data	    bss	    dec	    hex	filename
  37656	   1016	   7056	  45728	   b2a0	Host.elf
Finished building: default.size.stdout
 
Finished building: Host.bin
 
Finished building: Host.list
 
15:39:33 **** Incremental Build of configuration Debug for project Host ****
make -j4 all 
arm-none-eabi-gcc "../Core/Src/freertos.c" -mcpu=cortex-m0plus -std=gnu11 -g3 -DDEBUG -DUSE_HAL_DRIVER -DSTM32L082xx -c -I../Core/Inc -I../Drivers/STM32L0xx_HAL_Driver/Inc -I../Drivers/STM32L0xx_HAL_Driver/Inc/Legacy -I../Drivers/CMSIS/Device/ST/STM32L0xx/Include -I../Drivers/CMSIS/Include -I../Middlewares/Third_Party/FreeRTOS/Source/include -I../Middlewares/Third_Party/FreeRTOS/Source/CMSIS_RTOS -I../Middlewares/Third_Party/FreeRTOS/Source/portable/GCC/ARM_CM0 -I"D:/Source_Tree_data/projects/NB_IoT/Update_OTA/upfirm_NB_IoT/Updata_OTA_NBIoT/MCU/HostClient/Host/LibMQTT/inc" -I"D:/Source_Tree_data/projects/NB_IoT/Update_OTA/upfirm_NB_IoT/Updata_OTA_NBIoT/MCU/HostClient/Host/own_lib/inc" -I"D:/Source_Tree_data/projects/NB_IoT/Update_OTA/upfirm_NB_IoT/Updata_OTA_NBIoT/MCU/HostClient/Host/BC66/Inc" -I"D:/Source_Tree_data/projects/NB_IoT/Update_OTA/upfirm_NB_IoT/Updata_OTA_NBIoT/MCU/HostClient/Host/connect" -I"D:/Source_Tree_data/projects/NB_IoT/Update_OTA/upfirm_NB_IoT/Updata_OTA_NBIoT/MCU/HostClient/Host/uartWinApp" -O0 -ffunction-sections -fdata-sections -Wall -fstack-usage -MMD -MP -MF"Core/Src/freertos.d" -MT"Core/Src/freertos.o" --specs=nano.specs -mfloat-abi=soft -mthumb -o "Core/Src/freertos.o"
arm-none-eabi-gcc -o "Host.elf" @"objects.list"   -mcpu=cortex-m0plus -T"D:\Source_Tree_data\projects\NB_IoT\Update_OTA\upfirm_NB_IoT\Updata_OTA_NBIoT\MCU\HostClient\Host\STM32L082KZTX_FLASH.ld" --specs=nosys.specs -Wl,-Map="Host.map" -Wl,--gc-sections -static --specs=nano.specs -mfloat-abi=soft -mthumb -Wl,--start-group -lc -lm -Wl,--end-group
Finished building target: Host.elf
 
arm-none-eabi-objdump -h -S  Host.elf  > "Host.list"
arm-none-eabi-objcopy  -O binary  Host.elf  "Host.bin"
arm-none-eabi-size   Host.elf 
   text	   data	    bss	    dec	    hex	filename
  37656	   1016	   7056	  45728	   b2a0	Host.elf
Finished building: default.size.stdout
 
Finished building: Host.bin
 
Finished building: Host.list
 
15:40:55 **** Incremental Build of configuration Debug for project Host ****
make -j4 all 
arm-none-eabi-gcc "../Core/Src/freertos.c" -mcpu=cortex-m0plus -std=gnu11 -g3 -DDEBUG -DUSE_HAL_DRIVER -DSTM32L082xx -c -I../Core/Inc -I../Drivers/STM32L0xx_HAL_Driver/Inc -I../Drivers/STM32L0xx_HAL_Driver/Inc/Legacy -I../Drivers/CMSIS/Device/ST/STM32L0xx/Include -I../Drivers/CMSIS/Include -I../Middlewares/Third_Party/FreeRTOS/Source/include -I../Middlewares/Third_Party/FreeRTOS/Source/CMSIS_RTOS -I../Middlewares/Third_Party/FreeRTOS/Source/portable/GCC/ARM_CM0 -I"D:/Source_Tree_data/projects/NB_IoT/Update_OTA/upfirm_NB_IoT/Updata_OTA_NBIoT/MCU/HostClient/Host/LibMQTT/inc" -I"D:/Source_Tree_data/projects/NB_IoT/Update_OTA/upfirm_NB_IoT/Updata_OTA_NBIoT/MCU/HostClient/Host/own_lib/inc" -I"D:/Source_Tree_data/projects/NB_IoT/Update_OTA/upfirm_NB_IoT/Updata_OTA_NBIoT/MCU/HostClient/Host/BC66/Inc" -I"D:/Source_Tree_data/projects/NB_IoT/Update_OTA/upfirm_NB_IoT/Updata_OTA_NBIoT/MCU/HostClient/Host/connect" -I"D:/Source_Tree_data/projects/NB_IoT/Update_OTA/upfirm_NB_IoT/Updata_OTA_NBIoT/MCU/HostClient/Host/uartWinApp" -O0 -ffunction-sections -fdata-sections -Wall -fstack-usage -MMD -MP -MF"Core/Src/freertos.d" -MT"Core/Src/freertos.o" --specs=nano.specs -mfloat-abi=soft -mthumb -o "Core/Src/freertos.o"
arm-none-eabi-gcc -o "Host.elf" @"objects.list"   -mcpu=cortex-m0plus -T"D:\Source_Tree_data\projects\NB_IoT\Update_OTA\upfirm_NB_IoT\Updata_OTA_NBIoT\MCU\HostClient\Host\STM32L082KZTX_FLASH.ld" --specs=nosys.specs -Wl,-Map="Host.map" -Wl,--gc-sections -static --specs=nano.specs -mfloat-abi=soft -mthumb -Wl,--start-group -lc -lm -Wl,--end-group
Finished building target: Host.elf
 
arm-none-eabi-objdump -h -S  Host.elf  > "Host.list"
arm-none-eabi-objcopy  -O binary  Host.elf  "Host.bin"
arm-none-eabi-size   Host.elf 
   text	   data	    bss	    dec	    hex	filename
  37672	   1016	   7056	  45744	   b2b0	Host.elf
Finished building: default.size.stdout
 
Finished building: Host.bin
 
Finished building: Host.list
 
15:42:48 **** Incremental Build of configuration Debug for project Host ****
make -j4 all 
arm-none-eabi-gcc "../Core/Src/freertos.c" -mcpu=cortex-m0plus -std=gnu11 -g3 -DDEBUG -DUSE_HAL_DRIVER -DSTM32L082xx -c -I../Core/Inc -I../Drivers/STM32L0xx_HAL_Driver/Inc -I../Drivers/STM32L0xx_HAL_Driver/Inc/Legacy -I../Drivers/CMSIS/Device/ST/STM32L0xx/Include -I../Drivers/CMSIS/Include -I../Middlewares/Third_Party/FreeRTOS/Source/include -I../Middlewares/Third_Party/FreeRTOS/Source/CMSIS_RTOS -I../Middlewares/Third_Party/FreeRTOS/Source/portable/GCC/ARM_CM0 -I"D:/Source_Tree_data/projects/NB_IoT/Update_OTA/upfirm_NB_IoT/Updata_OTA_NBIoT/MCU/HostClient/Host/LibMQTT/inc" -I"D:/Source_Tree_data/projects/NB_IoT/Update_OTA/upfirm_NB_IoT/Updata_OTA_NBIoT/MCU/HostClient/Host/own_lib/inc" -I"D:/Source_Tree_data/projects/NB_IoT/Update_OTA/upfirm_NB_IoT/Updata_OTA_NBIoT/MCU/HostClient/Host/BC66/Inc" -I"D:/Source_Tree_data/projects/NB_IoT/Update_OTA/upfirm_NB_IoT/Updata_OTA_NBIoT/MCU/HostClient/Host/connect" -I"D:/Source_Tree_data/projects/NB_IoT/Update_OTA/upfirm_NB_IoT/Updata_OTA_NBIoT/MCU/HostClient/Host/uartWinApp" -O0 -ffunction-sections -fdata-sections -Wall -fstack-usage -MMD -MP -MF"Core/Src/freertos.d" -MT"Core/Src/freertos.o" --specs=nano.specs -mfloat-abi=soft -mthumb -o "Core/Src/freertos.o"
arm-none-eabi-gcc -o "Host.elf" @"objects.list"   -mcpu=cortex-m0plus -T"D:\Source_Tree_data\projects\NB_IoT\Update_OTA\upfirm_NB_IoT\Updata_OTA_NBIoT\MCU\HostClient\Host\STM32L082KZTX_FLASH.ld" --specs=nosys.specs -Wl,-Map="Host.map" -Wl,--gc-sections -static --specs=nano.specs -mfloat-abi=soft -mthumb -Wl,--start-group -lc -lm -Wl,--end-group
Finished building target: Host.elf
 
arm-none-eabi-objdump -h -S  Host.elf  > "Host.list"
arm-none-eabi-objcopy  -O binary  Host.elf  "Host.bin"
arm-none-eabi-size   Host.elf 
   text	   data	    bss	    dec	    hex	filename
  37732	   1016	   7056	  45804	   b2ec	Host.elf
Finished building: default.size.stdout
 
Finished building: Host.bin
 
Finished building: Host.list
 
15:43:57 **** Incremental Build of configuration Debug for project Host ****
make -j4 all 
arm-none-eabi-size   Host.elf 
   text	   data	    bss	    dec	    hex	filename
  37732	   1016	   7056	  45804	   b2ec	Host.elf
Finished building: default.size.stdout
 
15:45:30 **** Incremental Build of configuration Debug for project Host ****
make -j4 all 
arm-none-eabi-gcc "../Core/Src/freertos.c" -mcpu=cortex-m0plus -std=gnu11 -g3 -DDEBUG -DUSE_HAL_DRIVER -DSTM32L082xx -c -I../Core/Inc -I../Drivers/STM32L0xx_HAL_Driver/Inc -I../Drivers/STM32L0xx_HAL_Driver/Inc/Legacy -I../Drivers/CMSIS/Device/ST/STM32L0xx/Include -I../Drivers/CMSIS/Include -I../Middlewares/Third_Party/FreeRTOS/Source/include -I../Middlewares/Third_Party/FreeRTOS/Source/CMSIS_RTOS -I../Middlewares/Third_Party/FreeRTOS/Source/portable/GCC/ARM_CM0 -I"D:/Source_Tree_data/projects/NB_IoT/Update_OTA/upfirm_NB_IoT/Updata_OTA_NBIoT/MCU/HostClient/Host/LibMQTT/inc" -I"D:/Source_Tree_data/projects/NB_IoT/Update_OTA/upfirm_NB_IoT/Updata_OTA_NBIoT/MCU/HostClient/Host/own_lib/inc" -I"D:/Source_Tree_data/projects/NB_IoT/Update_OTA/upfirm_NB_IoT/Updata_OTA_NBIoT/MCU/HostClient/Host/BC66/Inc" -I"D:/Source_Tree_data/projects/NB_IoT/Update_OTA/upfirm_NB_IoT/Updata_OTA_NBIoT/MCU/HostClient/Host/connect" -I"D:/Source_Tree_data/projects/NB_IoT/Update_OTA/upfirm_NB_IoT/Updata_OTA_NBIoT/MCU/HostClient/Host/uartWinApp" -O0 -ffunction-sections -fdata-sections -Wall -fstack-usage -MMD -MP -MF"Core/Src/freertos.d" -MT"Core/Src/freertos.o" --specs=nano.specs -mfloat-abi=soft -mthumb -o "Core/Src/freertos.o"
arm-none-eabi-gcc -o "Host.elf" @"objects.list"   -mcpu=cortex-m0plus -T"D:\Source_Tree_data\projects\NB_IoT\Update_OTA\upfirm_NB_IoT\Updata_OTA_NBIoT\MCU\HostClient\Host\STM32L082KZTX_FLASH.ld" --specs=nosys.specs -Wl,-Map="Host.map" -Wl,--gc-sections -static --specs=nano.specs -mfloat-abi=soft -mthumb -Wl,--start-group -lc -lm -Wl,--end-group
Finished building target: Host.elf
 
arm-none-eabi-objdump -h -S  Host.elf  > "Host.list"
arm-none-eabi-objcopy  -O binary  Host.elf  "Host.bin"
arm-none-eabi-size   Host.elf 
   text	   data	    bss	    dec	    hex	filename
  37776	   1016	   7056	  45848	   b318	Host.elf
Finished building: default.size.stdout
 
Finished building: Host.bin
 
Finished building: Host.list
 
15:47:09 **** Incremental Build of configuration Debug for project Host ****
make -j4 all 
arm-none-eabi-size   Host.elf 
   text	   data	    bss	    dec	    hex	filename
  37776	   1016	   7056	  45848	   b318	Host.elf
Finished building: default.size.stdout
 
16:10:29 **** Incremental Build of configuration Debug for project Host ****
make -j4 all 
arm-none-eabi-gcc "../Core/Src/freertos.c" -mcpu=cortex-m0plus -std=gnu11 -g3 -DDEBUG -DUSE_HAL_DRIVER -DSTM32L082xx -c -I../Core/Inc -I../Drivers/STM32L0xx_HAL_Driver/Inc -I../Drivers/STM32L0xx_HAL_Driver/Inc/Legacy -I../Drivers/CMSIS/Device/ST/STM32L0xx/Include -I../Drivers/CMSIS/Include -I../Middlewares/Third_Party/FreeRTOS/Source/include -I../Middlewares/Third_Party/FreeRTOS/Source/CMSIS_RTOS -I../Middlewares/Third_Party/FreeRTOS/Source/portable/GCC/ARM_CM0 -I"D:/Source_Tree_data/projects/NB_IoT/Update_OTA/upfirm_NB_IoT/Updata_OTA_NBIoT/MCU/HostClient/Host/LibMQTT/inc" -I"D:/Source_Tree_data/projects/NB_IoT/Update_OTA/upfirm_NB_IoT/Updata_OTA_NBIoT/MCU/HostClient/Host/own_lib/inc" -I"D:/Source_Tree_data/projects/NB_IoT/Update_OTA/upfirm_NB_IoT/Updata_OTA_NBIoT/MCU/HostClient/Host/BC66/Inc" -I"D:/Source_Tree_data/projects/NB_IoT/Update_OTA/upfirm_NB_IoT/Updata_OTA_NBIoT/MCU/HostClient/Host/connect" -I"D:/Source_Tree_data/projects/NB_IoT/Update_OTA/upfirm_NB_IoT/Updata_OTA_NBIoT/MCU/HostClient/Host/uartWinApp" -O0 -ffunction-sections -fdata-sections -Wall -fstack-usage -MMD -MP -MF"Core/Src/freertos.d" -MT"Core/Src/freertos.o" --specs=nano.specs -mfloat-abi=soft -mthumb -o "Core/Src/freertos.o"
arm-none-eabi-gcc -o "Host.elf" @"objects.list"   -mcpu=cortex-m0plus -T"D:\Source_Tree_data\projects\NB_IoT\Update_OTA\upfirm_NB_IoT\Updata_OTA_NBIoT\MCU\HostClient\Host\STM32L082KZTX_FLASH.ld" --specs=nosys.specs -Wl,-Map="Host.map" -Wl,--gc-sections -static --specs=nano.specs -mfloat-abi=soft -mthumb -Wl,--start-group -lc -lm -Wl,--end-group
Finished building target: Host.elf
 
arm-none-eabi-objdump -h -S  Host.elf  > "Host.list"
arm-none-eabi-objcopy  -O binary  Host.elf  "Host.bin"
arm-none-eabi-size   Host.elf 
   text	   data	    bss	    dec	    hex	filename
  37652	   1016	   7056	  45724	   b29c	Host.elf
Finished building: default.size.stdout
 
Finished building: Host.bin
 
Finished building: Host.list
 
16:10:34 **** Incremental Build of configuration Debug for project Host ****
make -j4 all 
arm-none-eabi-size   Host.elf 
   text	   data	    bss	    dec	    hex	filename
  37652	   1016	   7056	  45724	   b29c	Host.elf
Finished building: default.size.stdout
 
16:10:54 **** Incremental Build of configuration Debug for project Host ****
make -j4 all 
arm-none-eabi-size   Host.elf 
   text	   data	    bss	    dec	    hex	filename
  37652	   1016	   7056	  45724	   b29c	Host.elf
Finished building: default.size.stdout
 
16:11:59 **** Incremental Build of configuration Debug for project Host ****
make -j4 all 
arm-none-eabi-gcc "../Core/Src/freertos.c" -mcpu=cortex-m0plus -std=gnu11 -g3 -DDEBUG -DUSE_HAL_DRIVER -DSTM32L082xx -c -I../Core/Inc -I../Drivers/STM32L0xx_HAL_Driver/Inc -I../Drivers/STM32L0xx_HAL_Driver/Inc/Legacy -I../Drivers/CMSIS/Device/ST/STM32L0xx/Include -I../Drivers/CMSIS/Include -I../Middlewares/Third_Party/FreeRTOS/Source/include -I../Middlewares/Third_Party/FreeRTOS/Source/CMSIS_RTOS -I../Middlewares/Third_Party/FreeRTOS/Source/portable/GCC/ARM_CM0 -I"D:/Source_Tree_data/projects/NB_IoT/Update_OTA/upfirm_NB_IoT/Updata_OTA_NBIoT/MCU/HostClient/Host/LibMQTT/inc" -I"D:/Source_Tree_data/projects/NB_IoT/Update_OTA/upfirm_NB_IoT/Updata_OTA_NBIoT/MCU/HostClient/Host/own_lib/inc" -I"D:/Source_Tree_data/projects/NB_IoT/Update_OTA/upfirm_NB_IoT/Updata_OTA_NBIoT/MCU/HostClient/Host/BC66/Inc" -I"D:/Source_Tree_data/projects/NB_IoT/Update_OTA/upfirm_NB_IoT/Updata_OTA_NBIoT/MCU/HostClient/Host/connect" -I"D:/Source_Tree_data/projects/NB_IoT/Update_OTA/upfirm_NB_IoT/Updata_OTA_NBIoT/MCU/HostClient/Host/uartWinApp" -O0 -ffunction-sections -fdata-sections -Wall -fstack-usage -MMD -MP -MF"Core/Src/freertos.d" -MT"Core/Src/freertos.o" --specs=nano.specs -mfloat-abi=soft -mthumb -o "Core/Src/freertos.o"
arm-none-eabi-gcc -o "Host.elf" @"objects.list"   -mcpu=cortex-m0plus -T"D:\Source_Tree_data\projects\NB_IoT\Update_OTA\upfirm_NB_IoT\Updata_OTA_NBIoT\MCU\HostClient\Host\STM32L082KZTX_FLASH.ld" --specs=nosys.specs -Wl,-Map="Host.map" -Wl,--gc-sections -static --specs=nano.specs -mfloat-abi=soft -mthumb -Wl,--start-group -lc -lm -Wl,--end-group
Finished building target: Host.elf
 
arm-none-eabi-objdump -h -S  Host.elf  > "Host.list"
arm-none-eabi-objcopy  -O binary  Host.elf  "Host.bin"
arm-none-eabi-size   Host.elf 
   text	   data	    bss	    dec	    hex	filename
  37636	   1016	   7056	  45708	   b28c	Host.elf
Finished building: default.size.stdout
 
Finished building: Host.bin
 
Finished building: Host.list
 
16:28:14 **** Incremental Build of configuration Debug for project Host ****
make -j4 all 
arm-none-eabi-gcc "../uartWinApp/uartWinApp.c" -mcpu=cortex-m0plus -std=gnu11 -g3 -DDEBUG -DUSE_HAL_DRIVER -DSTM32L082xx -c -I../Core/Inc -I../Drivers/STM32L0xx_HAL_Driver/Inc -I../Drivers/STM32L0xx_HAL_Driver/Inc/Legacy -I../Drivers/CMSIS/Device/ST/STM32L0xx/Include -I../Drivers/CMSIS/Include -I../Middlewares/Third_Party/FreeRTOS/Source/include -I../Middlewares/Third_Party/FreeRTOS/Source/CMSIS_RTOS -I../Middlewares/Third_Party/FreeRTOS/Source/portable/GCC/ARM_CM0 -I"D:/Source_Tree_data/projects/NB_IoT/Update_OTA/upfirm_NB_IoT/Updata_OTA_NBIoT/MCU/HostClient/Host/LibMQTT/inc" -I"D:/Source_Tree_data/projects/NB_IoT/Update_OTA/upfirm_NB_IoT/Updata_OTA_NBIoT/MCU/HostClient/Host/own_lib/inc" -I"D:/Source_Tree_data/projects/NB_IoT/Update_OTA/upfirm_NB_IoT/Updata_OTA_NBIoT/MCU/HostClient/Host/BC66/Inc" -I"D:/Source_Tree_data/projects/NB_IoT/Update_OTA/upfirm_NB_IoT/Updata_OTA_NBIoT/MCU/HostClient/Host/connect" -I"D:/Source_Tree_data/projects/NB_IoT/Update_OTA/upfirm_NB_IoT/Updata_OTA_NBIoT/MCU/HostClient/Host/uartWinApp" -O0 -ffunction-sections -fdata-sections -Wall -fstack-usage -MMD -MP -MF"uartWinApp/uartWinApp.d" -MT"uartWinApp/uartWinApp.o" --specs=nano.specs -mfloat-abi=soft -mthumb -o "uartWinApp/uartWinApp.o"
arm-none-eabi-gcc "../Core/Src/freertos.c" -mcpu=cortex-m0plus -std=gnu11 -g3 -DDEBUG -DUSE_HAL_DRIVER -DSTM32L082xx -c -I../Core/Inc -I../Drivers/STM32L0xx_HAL_Driver/Inc -I../Drivers/STM32L0xx_HAL_Driver/Inc/Legacy -I../Drivers/CMSIS/Device/ST/STM32L0xx/Include -I../Drivers/CMSIS/Include -I../Middlewares/Third_Party/FreeRTOS/Source/include -I../Middlewares/Third_Party/FreeRTOS/Source/CMSIS_RTOS -I../Middlewares/Third_Party/FreeRTOS/Source/portable/GCC/ARM_CM0 -I"D:/Source_Tree_data/projects/NB_IoT/Update_OTA/upfirm_NB_IoT/Updata_OTA_NBIoT/MCU/HostClient/Host/LibMQTT/inc" -I"D:/Source_Tree_data/projects/NB_IoT/Update_OTA/upfirm_NB_IoT/Updata_OTA_NBIoT/MCU/HostClient/Host/own_lib/inc" -I"D:/Source_Tree_data/projects/NB_IoT/Update_OTA/upfirm_NB_IoT/Updata_OTA_NBIoT/MCU/HostClient/Host/BC66/Inc" -I"D:/Source_Tree_data/projects/NB_IoT/Update_OTA/upfirm_NB_IoT/Updata_OTA_NBIoT/MCU/HostClient/Host/connect" -I"D:/Source_Tree_data/projects/NB_IoT/Update_OTA/upfirm_NB_IoT/Updata_OTA_NBIoT/MCU/HostClient/Host/uartWinApp" -O0 -ffunction-sections -fdata-sections -Wall -fstack-usage -MMD -MP -MF"Core/Src/freertos.d" -MT"Core/Src/freertos.o" --specs=nano.specs -mfloat-abi=soft -mthumb -o "Core/Src/freertos.o"
arm-none-eabi-gcc "../Core/Src/main.c" -mcpu=cortex-m0plus -std=gnu11 -g3 -DDEBUG -DUSE_HAL_DRIVER -DSTM32L082xx -c -I../Core/Inc -I../Drivers/STM32L0xx_HAL_Driver/Inc -I../Drivers/STM32L0xx_HAL_Driver/Inc/Legacy -I../Drivers/CMSIS/Device/ST/STM32L0xx/Include -I../Drivers/CMSIS/Include -I../Middlewares/Third_Party/FreeRTOS/Source/include -I../Middlewares/Third_Party/FreeRTOS/Source/CMSIS_RTOS -I../Middlewares/Third_Party/FreeRTOS/Source/portable/GCC/ARM_CM0 -I"D:/Source_Tree_data/projects/NB_IoT/Update_OTA/upfirm_NB_IoT/Updata_OTA_NBIoT/MCU/HostClient/Host/LibMQTT/inc" -I"D:/Source_Tree_data/projects/NB_IoT/Update_OTA/upfirm_NB_IoT/Updata_OTA_NBIoT/MCU/HostClient/Host/own_lib/inc" -I"D:/Source_Tree_data/projects/NB_IoT/Update_OTA/upfirm_NB_IoT/Updata_OTA_NBIoT/MCU/HostClient/Host/BC66/Inc" -I"D:/Source_Tree_data/projects/NB_IoT/Update_OTA/upfirm_NB_IoT/Updata_OTA_NBIoT/MCU/HostClient/Host/connect" -I"D:/Source_Tree_data/projects/NB_IoT/Update_OTA/upfirm_NB_IoT/Updata_OTA_NBIoT/MCU/HostClient/Host/uartWinApp" -O0 -ffunction-sections -fdata-sections -Wall -fstack-usage -MMD -MP -MF"Core/Src/main.d" -MT"Core/Src/main.o" --specs=nano.specs -mfloat-abi=soft -mthumb -o "Core/Src/main.o"
arm-none-eabi-gcc "D:/Source_Tree_data/projects/NB_IoT/Update_OTA/upfirm_NB_IoT/Updata_OTA_NBIoT/MCU/HostClient/Host/BC66/Src/bc66_uart.c" -mcpu=cortex-m0plus -std=gnu11 -g3 -DDEBUG -DUSE_HAL_DRIVER -DSTM32L082xx -c -I../Core/Inc -I../Drivers/STM32L0xx_HAL_Driver/Inc -I../Drivers/STM32L0xx_HAL_Driver/Inc/Legacy -I../Drivers/CMSIS/Device/ST/STM32L0xx/Include -I../Drivers/CMSIS/Include -I../Middlewares/Third_Party/FreeRTOS/Source/include -I../Middlewares/Third_Party/FreeRTOS/Source/CMSIS_RTOS -I../Middlewares/Third_Party/FreeRTOS/Source/portable/GCC/ARM_CM0 -I"D:/Source_Tree_data/projects/NB_IoT/Update_OTA/upfirm_NB_IoT/Updata_OTA_NBIoT/MCU/HostClient/Host/LibMQTT/inc" -I"D:/Source_Tree_data/projects/NB_IoT/Update_OTA/upfirm_NB_IoT/Updata_OTA_NBIoT/MCU/HostClient/Host/own_lib/inc" -I"D:/Source_Tree_data/projects/NB_IoT/Update_OTA/upfirm_NB_IoT/Updata_OTA_NBIoT/MCU/HostClient/Host/BC66/Inc" -I"D:/Source_Tree_data/projects/NB_IoT/Update_OTA/upfirm_NB_IoT/Updata_OTA_NBIoT/MCU/HostClient/Host/connect" -I"D:/Source_Tree_data/projects/NB_IoT/Update_OTA/upfirm_NB_IoT/Updata_OTA_NBIoT/MCU/HostClient/Host/uartWinApp" -O0 -ffunction-sections -fdata-sections -Wall -fstack-usage -MMD -MP -MF"BC66/Src/bc66_uart.d" -MT"BC66/Src/bc66_uart.o" --specs=nano.specs -mfloat-abi=soft -mthumb -o "BC66/Src/bc66_uart.o"
D:/Source_Tree_data/projects/NB_IoT/Update_OTA/upfirm_NB_IoT/Updata_OTA_NBIoT/MCU/HostClient/Host/BC66/Src/bc66_uart.c:25:12: warning: initialization discards 'volatile' qualifier from pointer target type [-Wdiscarded-qualifiers]
   25 |   .pData = dType_water_NB_IoT.dType_bc66_receive.ui8buf_rx,
      |            ^~~~~~~~~~~~~~~~~~
../Core/Src/main.c: In function 'main':
D:/Source_Tree_data/projects/NB_IoT/Update_OTA/upfirm_NB_IoT/Updata_OTA_NBIoT/MCU/HostClient/Host/BC66/Src/bc66_uart.c: In function 'HAL_UART_RxCpltCallback':
D:/Source_Tree_data/projects/NB_IoT/Update_OTA/upfirm_NB_IoT/Updata_OTA_NBIoT/MCU/HostClient/Host/BC66/Src/bc66_uart.c:64:41: warning: passing argument 2 of 'HAL_UART_Receive_IT' discards 'volatile' qualifier from pointer target type [-Wdiscarded-qualifiers]
   64 |      HAL_UART_Receive_IT ( &uart_bc66 , &( dType_water_NB_IoT.dType_bc66_receive.ui8_rx_data ) , 1 ); //enable receive interrupt
      |                                         ^~~~~~~~~~~~~~~~~~~~~~~~~~~~~~~~~~~~~~~~~~~~~~~~~~~~~~
In file included from ../Core/Inc/stm32l0xx_hal_conf.h:280,
                 from ../Drivers/STM32L0xx_HAL_Driver/Inc/stm32l0xx_hal.h:30,
                 from ../Core/Inc/main.h:31,
                 from D:/Source_Tree_data/projects/NB_IoT/Update_OTA/upfirm_NB_IoT/Updata_OTA_NBIoT/MCU/HostClient/Host/BC66/Inc/bc66_uart.h:7,
                 from D:/Source_Tree_data/projects/NB_IoT/Update_OTA/upfirm_NB_IoT/Updata_OTA_NBIoT/MCU/HostClient/Host/BC66/Src/bc66_uart.c:9:
../Drivers/STM32L0xx_HAL_Driver/Inc/stm32l0xx_hal_uart.h:1491:75: note: expected 'uint8_t *' {aka 'unsigned char *'} but argument is of type 'volatile uint8_t *' {aka 'volatile unsigned char *'}
 1491 | HAL_StatusTypeDef HAL_UART_Receive_IT(UART_HandleTypeDef *huart, uint8_t *pData, uint16_t Size);
      |                                                                  ~~~~~~~~~^~~~~
../Core/Src/main.c:112:37: warning: passing argument 2 of 'HAL_UART_Receive_IT' discards 'volatile' qualifier from pointer target type [-Wdiscarded-qualifiers]
  112 |   HAL_UART_Receive_IT (&uart_debug, &WinUart.data, 1); //enable receive interrupt
      |                                     ^~~~~~~~~~~~~
In file included from ../Core/Inc/stm32l0xx_hal_conf.h:280,
                 from ../Drivers/STM32L0xx_HAL_Driver/Inc/stm32l0xx_hal.h:30,
                 from ../Core/Inc/main.h:31,
                 from ../Core/Src/main.c:21:
../Drivers/STM32L0xx_HAL_Driver/Inc/stm32l0xx_hal_uart.h:1491:75: note: expected 'uint8_t *' {aka 'unsigned char *'} but argument is of type 'volatile uint8_t *' {aka 'volatile unsigned char *'}
 1491 | HAL_StatusTypeDef HAL_UART_Receive_IT(UART_HandleTypeDef *huart, uint8_t *pData, uint16_t Size);
      |                                                                  ~~~~~~~~~^~~~~
D:/Source_Tree_data/projects/NB_IoT/Update_OTA/upfirm_NB_IoT/Updata_OTA_NBIoT/MCU/HostClient/Host/BC66/Src/bc66_uart.c:74:44: warning: passing argument 2 of 'HAL_UART_Receive_IT' discards 'volatile' qualifier from pointer target type [-Wdiscarded-qualifiers]
   74 |         HAL_UART_Receive_IT ( &uart_debug, &WinUart.data, 1 ); //enable receive interrupt
      |                                            ^~~~~~~~~~~~~
In file included from ../Core/Inc/stm32l0xx_hal_conf.h:280,
                 from ../Drivers/STM32L0xx_HAL_Driver/Inc/stm32l0xx_hal.h:30,
                 from ../Core/Inc/main.h:31,
                 from D:/Source_Tree_data/projects/NB_IoT/Update_OTA/upfirm_NB_IoT/Updata_OTA_NBIoT/MCU/HostClient/Host/BC66/Inc/bc66_uart.h:7,
                 from D:/Source_Tree_data/projects/NB_IoT/Update_OTA/upfirm_NB_IoT/Updata_OTA_NBIoT/MCU/HostClient/Host/BC66/Src/bc66_uart.c:9:
../Drivers/STM32L0xx_HAL_Driver/Inc/stm32l0xx_hal_uart.h:1491:75: note: expected 'uint8_t *' {aka 'unsigned char *'} but argument is of type 'volatile uint8_t *' {aka 'volatile unsigned char *'}
 1491 | HAL_StatusTypeDef HAL_UART_Receive_IT(UART_HandleTypeDef *huart, uint8_t *pData, uint16_t Size);
      |                                                                  ~~~~~~~~~^~~~~
D:/Source_Tree_data/projects/NB_IoT/Update_OTA/upfirm_NB_IoT/Updata_OTA_NBIoT/MCU/HostClient/Host/BC66/Src/bc66_uart.c: In function 'BC66_UART_Receive_Init':
D:/Source_Tree_data/projects/NB_IoT/Update_OTA/upfirm_NB_IoT/Updata_OTA_NBIoT/MCU/HostClient/Host/BC66/Src/bc66_uart.c:85:55: warning: assignment discards 'volatile' qualifier from pointer target type [-Wdiscarded-qualifiers]
   85 |  dType_water_NB_IoT.dType_bc66_receive.u8p_rx_pointer = dType_water_NB_IoT.dType_bc66_receive.ui8buf_rx;// pointer of dType_water_NB_IoT.dType_bc66_receive point to dType_bc66_receive buffer
      |                                                       ^
D:/Source_Tree_data/projects/NB_IoT/Update_OTA/upfirm_NB_IoT/Updata_OTA_NBIoT/MCU/HostClient/Host/BC66/Src/bc66_uart.c:90:37: warning: passing argument 2 of 'HAL_UART_Receive_IT' discards 'volatile' qualifier from pointer target type [-Wdiscarded-qualifiers]
   90 |  HAL_UART_Receive_IT ( &uart_bc66 , &(dType_water_NB_IoT.dType_bc66_receive.ui8_rx_data) , 1 ); //enable receive interrupt
      |                                     ^~~~~~~~~~~~~~~~~~~~~~~~~~~~~~~~~~~~~~~~~~~~~~~~~~~~
In file included from ../Core/Inc/stm32l0xx_hal_conf.h:280,
                 from ../Drivers/STM32L0xx_HAL_Driver/Inc/stm32l0xx_hal.h:30,
                 from ../Core/Inc/main.h:31,
                 from D:/Source_Tree_data/projects/NB_IoT/Update_OTA/upfirm_NB_IoT/Updata_OTA_NBIoT/MCU/HostClient/Host/BC66/Inc/bc66_uart.h:7,
                 from D:/Source_Tree_data/projects/NB_IoT/Update_OTA/upfirm_NB_IoT/Updata_OTA_NBIoT/MCU/HostClient/Host/BC66/Src/bc66_uart.c:9:
../Drivers/STM32L0xx_HAL_Driver/Inc/stm32l0xx_hal_uart.h:1491:75: note: expected 'uint8_t *' {aka 'unsigned char *'} but argument is of type 'volatile uint8_t *' {aka 'volatile unsigned char *'}
 1491 | HAL_StatusTypeDef HAL_UART_Receive_IT(UART_HandleTypeDef *huart, uint8_t *pData, uint16_t Size);
      |                                                                  ~~~~~~~~~^~~~~
D:/Source_Tree_data/projects/NB_IoT/Update_OTA/upfirm_NB_IoT/Updata_OTA_NBIoT/MCU/HostClient/Host/BC66/Src/bc66_uart.c: In function 'BC66_UART_Clear_BC66_Data':
D:/Source_Tree_data/projects/NB_IoT/Update_OTA/upfirm_NB_IoT/Updata_OTA_NBIoT/MCU/HostClient/Host/BC66/Src/bc66_uart.c:151:55: warning: assignment discards 'volatile' qualifier from pointer target type [-Wdiscarded-qualifiers]
  151 |  dType_water_NB_IoT.dType_bc66_receive.u8p_rx_pointer = dType_water_NB_IoT.dType_bc66_receive.ui8buf_rx;
      |                                                       ^
../uartWinApp/uartWinApp.c: In function 'WinApp_UART_Check_Receive_Process_Status':
../uartWinApp/uartWinApp.c:113:1: warning: control reaches end of non-void function [-Wreturn-type]
  113 | }
      | ^
D:/Source_Tree_data/projects/NB_IoT/Update_OTA/upfirm_NB_IoT/Updata_OTA_NBIoT/MCU/HostClient/Host/BC66/Src/bc66_uart.c: In function 'BC66_UART_Check_Receive_Process_Status':
D:/Source_Tree_data/projects/NB_IoT/Update_OTA/upfirm_NB_IoT/Updata_OTA_NBIoT/MCU/HostClient/Host/BC66/Src/bc66_uart.c:139:1: warning: control reaches end of non-void function [-Wreturn-type]
  139 | }
      | ^
arm-none-eabi-gcc -o "Host.elf" @"objects.list"   -mcpu=cortex-m0plus -T"D:\Source_Tree_data\projects\NB_IoT\Update_OTA\upfirm_NB_IoT\Updata_OTA_NBIoT\MCU\HostClient\Host\STM32L082KZTX_FLASH.ld" --specs=nosys.specs -Wl,-Map="Host.map" -Wl,--gc-sections -static --specs=nano.specs -mfloat-abi=soft -mthumb -Wl,--start-group -lc -lm -Wl,--end-group
Finished building target: Host.elf
 
arm-none-eabi-objdump -h -S  Host.elf  > "Host.list"
arm-none-eabi-objcopy  -O binary  Host.elf  "Host.bin"
arm-none-eabi-size   Host.elf 
   text	   data	    bss	    dec	    hex	filename
  37652	   1016	   7056	  45724	   b29c	Host.elf
Finished building: default.size.stdout
 
Finished building: Host.bin
 
Finished building: Host.list
 
16:29:46 **** Incremental Build of configuration Debug for project Host ****
make -j4 all 
arm-none-eabi-gcc "../Core/Src/freertos.c" -mcpu=cortex-m0plus -std=gnu11 -g3 -DDEBUG -DUSE_HAL_DRIVER -DSTM32L082xx -c -I../Core/Inc -I../Drivers/STM32L0xx_HAL_Driver/Inc -I../Drivers/STM32L0xx_HAL_Driver/Inc/Legacy -I../Drivers/CMSIS/Device/ST/STM32L0xx/Include -I../Drivers/CMSIS/Include -I../Middlewares/Third_Party/FreeRTOS/Source/include -I../Middlewares/Third_Party/FreeRTOS/Source/CMSIS_RTOS -I../Middlewares/Third_Party/FreeRTOS/Source/portable/GCC/ARM_CM0 -I"D:/Source_Tree_data/projects/NB_IoT/Update_OTA/upfirm_NB_IoT/Updata_OTA_NBIoT/MCU/HostClient/Host/LibMQTT/inc" -I"D:/Source_Tree_data/projects/NB_IoT/Update_OTA/upfirm_NB_IoT/Updata_OTA_NBIoT/MCU/HostClient/Host/own_lib/inc" -I"D:/Source_Tree_data/projects/NB_IoT/Update_OTA/upfirm_NB_IoT/Updata_OTA_NBIoT/MCU/HostClient/Host/BC66/Inc" -I"D:/Source_Tree_data/projects/NB_IoT/Update_OTA/upfirm_NB_IoT/Updata_OTA_NBIoT/MCU/HostClient/Host/connect" -I"D:/Source_Tree_data/projects/NB_IoT/Update_OTA/upfirm_NB_IoT/Updata_OTA_NBIoT/MCU/HostClient/Host/uartWinApp" -O0 -ffunction-sections -fdata-sections -Wall -fstack-usage -MMD -MP -MF"Core/Src/freertos.d" -MT"Core/Src/freertos.o" --specs=nano.specs -mfloat-abi=soft -mthumb -o "Core/Src/freertos.o"
arm-none-eabi-gcc -o "Host.elf" @"objects.list"   -mcpu=cortex-m0plus -T"D:\Source_Tree_data\projects\NB_IoT\Update_OTA\upfirm_NB_IoT\Updata_OTA_NBIoT\MCU\HostClient\Host\STM32L082KZTX_FLASH.ld" --specs=nosys.specs -Wl,-Map="Host.map" -Wl,--gc-sections -static --specs=nano.specs -mfloat-abi=soft -mthumb -Wl,--start-group -lc -lm -Wl,--end-group
Finished building target: Host.elf
 
arm-none-eabi-objdump -h -S  Host.elf  > "Host.list"
arm-none-eabi-objcopy  -O binary  Host.elf  "Host.bin"
arm-none-eabi-size   Host.elf 
   text	   data	    bss	    dec	    hex	filename
  37668	   1024	   7056	  45748	   b2b4	Host.elf
Finished building: default.size.stdout
 
Finished building: Host.bin
 
Finished building: Host.list
 
17:04:16 **** Incremental Build of configuration Debug for project Host ****
make -j4 all 
arm-none-eabi-gcc "../uartWinApp/uartWinApp.c" -mcpu=cortex-m0plus -std=gnu11 -g3 -DDEBUG -DUSE_HAL_DRIVER -DSTM32L082xx -c -I../Core/Inc -I../Drivers/STM32L0xx_HAL_Driver/Inc -I../Drivers/STM32L0xx_HAL_Driver/Inc/Legacy -I../Drivers/CMSIS/Device/ST/STM32L0xx/Include -I../Drivers/CMSIS/Include -I../Middlewares/Third_Party/FreeRTOS/Source/include -I../Middlewares/Third_Party/FreeRTOS/Source/CMSIS_RTOS -I../Middlewares/Third_Party/FreeRTOS/Source/portable/GCC/ARM_CM0 -I"D:/Source_Tree_data/projects/NB_IoT/Update_OTA/upfirm_NB_IoT/Updata_OTA_NBIoT/MCU/HostClient/Host/LibMQTT/inc" -I"D:/Source_Tree_data/projects/NB_IoT/Update_OTA/upfirm_NB_IoT/Updata_OTA_NBIoT/MCU/HostClient/Host/own_lib/inc" -I"D:/Source_Tree_data/projects/NB_IoT/Update_OTA/upfirm_NB_IoT/Updata_OTA_NBIoT/MCU/HostClient/Host/BC66/Inc" -I"D:/Source_Tree_data/projects/NB_IoT/Update_OTA/upfirm_NB_IoT/Updata_OTA_NBIoT/MCU/HostClient/Host/connect" -I"D:/Source_Tree_data/projects/NB_IoT/Update_OTA/upfirm_NB_IoT/Updata_OTA_NBIoT/MCU/HostClient/Host/uartWinApp" -O0 -ffunction-sections -fdata-sections -Wall -fstack-usage -MMD -MP -MF"uartWinApp/uartWinApp.d" -MT"uartWinApp/uartWinApp.o" --specs=nano.specs -mfloat-abi=soft -mthumb -o "uartWinApp/uartWinApp.o"
arm-none-eabi-gcc "../Core/Src/freertos.c" -mcpu=cortex-m0plus -std=gnu11 -g3 -DDEBUG -DUSE_HAL_DRIVER -DSTM32L082xx -c -I../Core/Inc -I../Drivers/STM32L0xx_HAL_Driver/Inc -I../Drivers/STM32L0xx_HAL_Driver/Inc/Legacy -I../Drivers/CMSIS/Device/ST/STM32L0xx/Include -I../Drivers/CMSIS/Include -I../Middlewares/Third_Party/FreeRTOS/Source/include -I../Middlewares/Third_Party/FreeRTOS/Source/CMSIS_RTOS -I../Middlewares/Third_Party/FreeRTOS/Source/portable/GCC/ARM_CM0 -I"D:/Source_Tree_data/projects/NB_IoT/Update_OTA/upfirm_NB_IoT/Updata_OTA_NBIoT/MCU/HostClient/Host/LibMQTT/inc" -I"D:/Source_Tree_data/projects/NB_IoT/Update_OTA/upfirm_NB_IoT/Updata_OTA_NBIoT/MCU/HostClient/Host/own_lib/inc" -I"D:/Source_Tree_data/projects/NB_IoT/Update_OTA/upfirm_NB_IoT/Updata_OTA_NBIoT/MCU/HostClient/Host/BC66/Inc" -I"D:/Source_Tree_data/projects/NB_IoT/Update_OTA/upfirm_NB_IoT/Updata_OTA_NBIoT/MCU/HostClient/Host/connect" -I"D:/Source_Tree_data/projects/NB_IoT/Update_OTA/upfirm_NB_IoT/Updata_OTA_NBIoT/MCU/HostClient/Host/uartWinApp" -O0 -ffunction-sections -fdata-sections -Wall -fstack-usage -MMD -MP -MF"Core/Src/freertos.d" -MT"Core/Src/freertos.o" --specs=nano.specs -mfloat-abi=soft -mthumb -o "Core/Src/freertos.o"
arm-none-eabi-gcc "../Core/Src/main.c" -mcpu=cortex-m0plus -std=gnu11 -g3 -DDEBUG -DUSE_HAL_DRIVER -DSTM32L082xx -c -I../Core/Inc -I../Drivers/STM32L0xx_HAL_Driver/Inc -I../Drivers/STM32L0xx_HAL_Driver/Inc/Legacy -I../Drivers/CMSIS/Device/ST/STM32L0xx/Include -I../Drivers/CMSIS/Include -I../Middlewares/Third_Party/FreeRTOS/Source/include -I../Middlewares/Third_Party/FreeRTOS/Source/CMSIS_RTOS -I../Middlewares/Third_Party/FreeRTOS/Source/portable/GCC/ARM_CM0 -I"D:/Source_Tree_data/projects/NB_IoT/Update_OTA/upfirm_NB_IoT/Updata_OTA_NBIoT/MCU/HostClient/Host/LibMQTT/inc" -I"D:/Source_Tree_data/projects/NB_IoT/Update_OTA/upfirm_NB_IoT/Updata_OTA_NBIoT/MCU/HostClient/Host/own_lib/inc" -I"D:/Source_Tree_data/projects/NB_IoT/Update_OTA/upfirm_NB_IoT/Updata_OTA_NBIoT/MCU/HostClient/Host/BC66/Inc" -I"D:/Source_Tree_data/projects/NB_IoT/Update_OTA/upfirm_NB_IoT/Updata_OTA_NBIoT/MCU/HostClient/Host/connect" -I"D:/Source_Tree_data/projects/NB_IoT/Update_OTA/upfirm_NB_IoT/Updata_OTA_NBIoT/MCU/HostClient/Host/uartWinApp" -O0 -ffunction-sections -fdata-sections -Wall -fstack-usage -MMD -MP -MF"Core/Src/main.d" -MT"Core/Src/main.o" --specs=nano.specs -mfloat-abi=soft -mthumb -o "Core/Src/main.o"
arm-none-eabi-gcc "D:/Source_Tree_data/projects/NB_IoT/Update_OTA/upfirm_NB_IoT/Updata_OTA_NBIoT/MCU/HostClient/Host/BC66/Src/bc66_uart.c" -mcpu=cortex-m0plus -std=gnu11 -g3 -DDEBUG -DUSE_HAL_DRIVER -DSTM32L082xx -c -I../Core/Inc -I../Drivers/STM32L0xx_HAL_Driver/Inc -I../Drivers/STM32L0xx_HAL_Driver/Inc/Legacy -I../Drivers/CMSIS/Device/ST/STM32L0xx/Include -I../Drivers/CMSIS/Include -I../Middlewares/Third_Party/FreeRTOS/Source/include -I../Middlewares/Third_Party/FreeRTOS/Source/CMSIS_RTOS -I../Middlewares/Third_Party/FreeRTOS/Source/portable/GCC/ARM_CM0 -I"D:/Source_Tree_data/projects/NB_IoT/Update_OTA/upfirm_NB_IoT/Updata_OTA_NBIoT/MCU/HostClient/Host/LibMQTT/inc" -I"D:/Source_Tree_data/projects/NB_IoT/Update_OTA/upfirm_NB_IoT/Updata_OTA_NBIoT/MCU/HostClient/Host/own_lib/inc" -I"D:/Source_Tree_data/projects/NB_IoT/Update_OTA/upfirm_NB_IoT/Updata_OTA_NBIoT/MCU/HostClient/Host/BC66/Inc" -I"D:/Source_Tree_data/projects/NB_IoT/Update_OTA/upfirm_NB_IoT/Updata_OTA_NBIoT/MCU/HostClient/Host/connect" -I"D:/Source_Tree_data/projects/NB_IoT/Update_OTA/upfirm_NB_IoT/Updata_OTA_NBIoT/MCU/HostClient/Host/uartWinApp" -O0 -ffunction-sections -fdata-sections -Wall -fstack-usage -MMD -MP -MF"BC66/Src/bc66_uart.d" -MT"BC66/Src/bc66_uart.o" --specs=nano.specs -mfloat-abi=soft -mthumb -o "BC66/Src/bc66_uart.o"
D:/Source_Tree_data/projects/NB_IoT/Update_OTA/upfirm_NB_IoT/Updata_OTA_NBIoT/MCU/HostClient/Host/BC66/Src/bc66_uart.c:25:12: warning: initialization discards 'volatile' qualifier from pointer target type [-Wdiscarded-qualifiers]
   25 |   .pData = dType_water_NB_IoT.dType_bc66_receive.ui8buf_rx,
      |            ^~~~~~~~~~~~~~~~~~
D:/Source_Tree_data/projects/NB_IoT/Update_OTA/upfirm_NB_IoT/Updata_OTA_NBIoT/MCU/HostClient/Host/BC66/Src/bc66_uart.c: In function 'HAL_UART_RxCpltCallback':
D:/Source_Tree_data/projects/NB_IoT/Update_OTA/upfirm_NB_IoT/Updata_OTA_NBIoT/MCU/HostClient/Host/BC66/Src/bc66_uart.c:64:41: warning: passing argument 2 of 'HAL_UART_Receive_IT' discards 'volatile' qualifier from pointer target type [-Wdiscarded-qualifiers]
   64 |      HAL_UART_Receive_IT ( &uart_bc66 , &( dType_water_NB_IoT.dType_bc66_receive.ui8_rx_data ) , 1 ); //enable receive interrupt
      |                                         ^~~~~~~~~~~~~~~~~~~~~~~~~~~~~~~~~~~~~~~~~~~~~~~~~~~~~~
In file included from ../Core/Inc/stm32l0xx_hal_conf.h:280,
                 from ../Drivers/STM32L0xx_HAL_Driver/Inc/stm32l0xx_hal.h:30,
                 from ../Core/Inc/main.h:31,
                 from D:/Source_Tree_data/projects/NB_IoT/Update_OTA/upfirm_NB_IoT/Updata_OTA_NBIoT/MCU/HostClient/Host/BC66/Inc/bc66_uart.h:7,
                 from D:/Source_Tree_data/projects/NB_IoT/Update_OTA/upfirm_NB_IoT/Updata_OTA_NBIoT/MCU/HostClient/Host/BC66/Src/bc66_uart.c:9:
../Drivers/STM32L0xx_HAL_Driver/Inc/stm32l0xx_hal_uart.h:1491:75: note: expected 'uint8_t *' {aka 'unsigned char *'} but argument is of type 'volatile uint8_t *' {aka 'volatile unsigned char *'}
 1491 | HAL_StatusTypeDef HAL_UART_Receive_IT(UART_HandleTypeDef *huart, uint8_t *pData, uint16_t Size);
      |                                                                  ~~~~~~~~~^~~~~
D:/Source_Tree_data/projects/NB_IoT/Update_OTA/upfirm_NB_IoT/Updata_OTA_NBIoT/MCU/HostClient/Host/BC66/Src/bc66_uart.c:74:44: warning: passing argument 2 of 'HAL_UART_Receive_IT' discards 'volatile' qualifier from pointer target type [-Wdiscarded-qualifiers]
   74 |         HAL_UART_Receive_IT ( &uart_debug, &WinUart.data, 1 ); //enable receive interrupt
      |                                            ^~~~~~~~~~~~~
In file included from ../Core/Inc/stm32l0xx_hal_conf.h:280,
                 from ../Drivers/STM32L0xx_HAL_Driver/Inc/stm32l0xx_hal.h:30,
                 from ../Core/Inc/main.h:31,
                 from D:/Source_Tree_data/projects/NB_IoT/Update_OTA/upfirm_NB_IoT/Updata_OTA_NBIoT/MCU/HostClient/Host/BC66/Inc/bc66_uart.h:7,
                 from D:/Source_Tree_data/projects/NB_IoT/Update_OTA/upfirm_NB_IoT/Updata_OTA_NBIoT/MCU/HostClient/Host/BC66/Src/bc66_uart.c:9:
../Drivers/STM32L0xx_HAL_Driver/Inc/stm32l0xx_hal_uart.h:1491:75: note: expected 'uint8_t *' {aka 'unsigned char *'} but argument is of type 'volatile uint8_t *' {aka 'volatile unsigned char *'}
 1491 | HAL_StatusTypeDef HAL_UART_Receive_IT(UART_HandleTypeDef *huart, uint8_t *pData, uint16_t Size);
      |                                                                  ~~~~~~~~~^~~~~
D:/Source_Tree_data/projects/NB_IoT/Update_OTA/upfirm_NB_IoT/Updata_OTA_NBIoT/MCU/HostClient/Host/BC66/Src/bc66_uart.c: In function 'BC66_UART_Receive_Init':
D:/Source_Tree_data/projects/NB_IoT/Update_OTA/upfirm_NB_IoT/Updata_OTA_NBIoT/MCU/HostClient/Host/BC66/Src/bc66_uart.c:85:55: warning: assignment discards 'volatile' qualifier from pointer target type [-Wdiscarded-qualifiers]
   85 |  dType_water_NB_IoT.dType_bc66_receive.u8p_rx_pointer = dType_water_NB_IoT.dType_bc66_receive.ui8buf_rx;// pointer of dType_water_NB_IoT.dType_bc66_receive point to dType_bc66_receive buffer
      |                                                       ^
../Core/Src/main.c: In function 'main':
D:/Source_Tree_data/projects/NB_IoT/Update_OTA/upfirm_NB_IoT/Updata_OTA_NBIoT/MCU/HostClient/Host/BC66/Src/bc66_uart.c:90:37: warning: passing argument 2 of 'HAL_UART_Receive_IT' discards 'volatile' qualifier from pointer target type [-Wdiscarded-qualifiers]
   90 |  HAL_UART_Receive_IT ( &uart_bc66 , &(dType_water_NB_IoT.dType_bc66_receive.ui8_rx_data) , 1 ); //enable receive interrupt
      |                                     ^~~~~~~~~~~~~~~~~~~~~~~~~~~~~~~~~~~~~~~~~~~~~~~~~~~~
In file included from ../Core/Inc/stm32l0xx_hal_conf.h:280,
                 from ../Drivers/STM32L0xx_HAL_Driver/Inc/stm32l0xx_hal.h:30,
                 from ../Core/Inc/main.h:31,
                 from D:/Source_Tree_data/projects/NB_IoT/Update_OTA/upfirm_NB_IoT/Updata_OTA_NBIoT/MCU/HostClient/Host/BC66/Inc/bc66_uart.h:7,
                 from D:/Source_Tree_data/projects/NB_IoT/Update_OTA/upfirm_NB_IoT/Updata_OTA_NBIoT/MCU/HostClient/Host/BC66/Src/bc66_uart.c:9:
../Drivers/STM32L0xx_HAL_Driver/Inc/stm32l0xx_hal_uart.h:1491:75: note: expected 'uint8_t *' {aka 'unsigned char *'} but argument is of type 'volatile uint8_t *' {aka 'volatile unsigned char *'}
 1491 | HAL_StatusTypeDef HAL_UART_Receive_IT(UART_HandleTypeDef *huart, uint8_t *pData, uint16_t Size);
      |                                                                  ~~~~~~~~~^~~~~
../Core/Src/main.c:112:37: warning: passing argument 2 of 'HAL_UART_Receive_IT' discards 'volatile' qualifier from pointer target type [-Wdiscarded-qualifiers]
  112 |   HAL_UART_Receive_IT (&uart_debug, &WinUart.data, 1); //enable receive interrupt
      |                                     ^~~~~~~~~~~~~
D:/Source_Tree_data/projects/NB_IoT/Update_OTA/upfirm_NB_IoT/Updata_OTA_NBIoT/MCU/HostClient/Host/BC66/Src/bc66_uart.c: In function 'BC66_UART_Clear_BC66_Data':
D:/Source_Tree_data/projects/NB_IoT/Update_OTA/upfirm_NB_IoT/Updata_OTA_NBIoT/MCU/HostClient/Host/BC66/Src/bc66_uart.c:151:55: warning: assignment discards 'volatile' qualifier from pointer target type [-Wdiscarded-qualifiers]
  151 |  dType_water_NB_IoT.dType_bc66_receive.u8p_rx_pointer = dType_water_NB_IoT.dType_bc66_receive.ui8buf_rx;
      |                                                       ^
In file included from ../Core/Inc/stm32l0xx_hal_conf.h:280,
                 from ../Drivers/STM32L0xx_HAL_Driver/Inc/stm32l0xx_hal.h:30,
                 from ../Core/Inc/main.h:31,
                 from ../Core/Src/main.c:21:
../Drivers/STM32L0xx_HAL_Driver/Inc/stm32l0xx_hal_uart.h:1491:75: note: expected 'uint8_t *' {aka 'unsigned char *'} but argument is of type 'volatile uint8_t *' {aka 'volatile unsigned char *'}
 1491 | HAL_StatusTypeDef HAL_UART_Receive_IT(UART_HandleTypeDef *huart, uint8_t *pData, uint16_t Size);
      |                                                                  ~~~~~~~~~^~~~~
D:/Source_Tree_data/projects/NB_IoT/Update_OTA/upfirm_NB_IoT/Updata_OTA_NBIoT/MCU/HostClient/Host/BC66/Src/bc66_uart.c: In function 'BC66_UART_Check_Receive_Process_Status':
D:/Source_Tree_data/projects/NB_IoT/Update_OTA/upfirm_NB_IoT/Updata_OTA_NBIoT/MCU/HostClient/Host/BC66/Src/bc66_uart.c:139:1: warning: control reaches end of non-void function [-Wreturn-type]
  139 | }
      | ^
../uartWinApp/uartWinApp.c: In function 'WinApp_UART_Check_Receive_Process_Status':
../uartWinApp/uartWinApp.c:113:1: warning: control reaches end of non-void function [-Wreturn-type]
  113 | }
      | ^
arm-none-eabi-gcc -o "Host.elf" @"objects.list"   -mcpu=cortex-m0plus -T"D:\Source_Tree_data\projects\NB_IoT\Update_OTA\upfirm_NB_IoT\Updata_OTA_NBIoT\MCU\HostClient\Host\STM32L082KZTX_FLASH.ld" --specs=nosys.specs -Wl,-Map="Host.map" -Wl,--gc-sections -static --specs=nano.specs -mfloat-abi=soft -mthumb -Wl,--start-group -lc -lm -Wl,--end-group
Finished building target: Host.elf
 
arm-none-eabi-objdump -h -S  Host.elf  > "Host.list"
arm-none-eabi-objcopy  -O binary  Host.elf  "Host.bin"
arm-none-eabi-size   Host.elf 
Finished building: Host.bin
 
   text	   data	    bss	    dec	    hex	filename
  37668	   1024	   7056	  45748	   b2b4	Host.elf
Finished building: default.size.stdout
 
Finished building: Host.list
 
17:05:38 **** Incremental Build of configuration Debug for project Host ****
make -j4 all 
arm-none-eabi-gcc "../uartWinApp/uartWinApp.c" -mcpu=cortex-m0plus -std=gnu11 -g3 -DDEBUG -DUSE_HAL_DRIVER -DSTM32L082xx -c -I../Core/Inc -I../Drivers/STM32L0xx_HAL_Driver/Inc -I../Drivers/STM32L0xx_HAL_Driver/Inc/Legacy -I../Drivers/CMSIS/Device/ST/STM32L0xx/Include -I../Drivers/CMSIS/Include -I../Middlewares/Third_Party/FreeRTOS/Source/include -I../Middlewares/Third_Party/FreeRTOS/Source/CMSIS_RTOS -I../Middlewares/Third_Party/FreeRTOS/Source/portable/GCC/ARM_CM0 -I"D:/Source_Tree_data/projects/NB_IoT/Update_OTA/upfirm_NB_IoT/Updata_OTA_NBIoT/MCU/HostClient/Host/LibMQTT/inc" -I"D:/Source_Tree_data/projects/NB_IoT/Update_OTA/upfirm_NB_IoT/Updata_OTA_NBIoT/MCU/HostClient/Host/own_lib/inc" -I"D:/Source_Tree_data/projects/NB_IoT/Update_OTA/upfirm_NB_IoT/Updata_OTA_NBIoT/MCU/HostClient/Host/BC66/Inc" -I"D:/Source_Tree_data/projects/NB_IoT/Update_OTA/upfirm_NB_IoT/Updata_OTA_NBIoT/MCU/HostClient/Host/connect" -I"D:/Source_Tree_data/projects/NB_IoT/Update_OTA/upfirm_NB_IoT/Updata_OTA_NBIoT/MCU/HostClient/Host/uartWinApp" -O0 -ffunction-sections -fdata-sections -Wall -fstack-usage -MMD -MP -MF"uartWinApp/uartWinApp.d" -MT"uartWinApp/uartWinApp.o" --specs=nano.specs -mfloat-abi=soft -mthumb -o "uartWinApp/uartWinApp.o"
../uartWinApp/uartWinApp.c: In function 'WinApp_UART_Check_Receive_Process_Status':
../uartWinApp/uartWinApp.c:113:1: warning: control reaches end of non-void function [-Wreturn-type]
  113 | }
      | ^
arm-none-eabi-gcc -o "Host.elf" @"objects.list"   -mcpu=cortex-m0plus -T"D:\Source_Tree_data\projects\NB_IoT\Update_OTA\upfirm_NB_IoT\Updata_OTA_NBIoT\MCU\HostClient\Host\STM32L082KZTX_FLASH.ld" --specs=nosys.specs -Wl,-Map="Host.map" -Wl,--gc-sections -static --specs=nano.specs -mfloat-abi=soft -mthumb -Wl,--start-group -lc -lm -Wl,--end-group
Finished building target: Host.elf
 
arm-none-eabi-objdump -h -S  Host.elf  > "Host.list"
arm-none-eabi-objcopy  -O binary  Host.elf  "Host.bin"
arm-none-eabi-size   Host.elf 
   text	   data	    bss	    dec	    hex	filename
  37680	   1024	   7056	  45760	   b2c0	Host.elf
Finished building: default.size.stdout
 
Finished building: Host.bin
 
Finished building: Host.list
 
17:36:11 **** Incremental Build of configuration Debug for project Host ****
make -j4 all 
arm-none-eabi-gcc "../uartWinApp/uartWinApp.c" -mcpu=cortex-m0plus -std=gnu11 -g3 -DDEBUG -DUSE_HAL_DRIVER -DSTM32L082xx -c -I../Core/Inc -I../Drivers/STM32L0xx_HAL_Driver/Inc -I../Drivers/STM32L0xx_HAL_Driver/Inc/Legacy -I../Drivers/CMSIS/Device/ST/STM32L0xx/Include -I../Drivers/CMSIS/Include -I../Middlewares/Third_Party/FreeRTOS/Source/include -I../Middlewares/Third_Party/FreeRTOS/Source/CMSIS_RTOS -I../Middlewares/Third_Party/FreeRTOS/Source/portable/GCC/ARM_CM0 -I"D:/Source_Tree_data/projects/NB_IoT/Update_OTA/upfirm_NB_IoT/Updata_OTA_NBIoT/MCU/HostClient/Host/LibMQTT/inc" -I"D:/Source_Tree_data/projects/NB_IoT/Update_OTA/upfirm_NB_IoT/Updata_OTA_NBIoT/MCU/HostClient/Host/own_lib/inc" -I"D:/Source_Tree_data/projects/NB_IoT/Update_OTA/upfirm_NB_IoT/Updata_OTA_NBIoT/MCU/HostClient/Host/BC66/Inc" -I"D:/Source_Tree_data/projects/NB_IoT/Update_OTA/upfirm_NB_IoT/Updata_OTA_NBIoT/MCU/HostClient/Host/connect" -I"D:/Source_Tree_data/projects/NB_IoT/Update_OTA/upfirm_NB_IoT/Updata_OTA_NBIoT/MCU/HostClient/Host/uartWinApp" -O0 -ffunction-sections -fdata-sections -Wall -fstack-usage -MMD -MP -MF"uartWinApp/uartWinApp.d" -MT"uartWinApp/uartWinApp.o" --specs=nano.specs -mfloat-abi=soft -mthumb -o "uartWinApp/uartWinApp.o"
arm-none-eabi-gcc "../Core/Src/freertos.c" -mcpu=cortex-m0plus -std=gnu11 -g3 -DDEBUG -DUSE_HAL_DRIVER -DSTM32L082xx -c -I../Core/Inc -I../Drivers/STM32L0xx_HAL_Driver/Inc -I../Drivers/STM32L0xx_HAL_Driver/Inc/Legacy -I../Drivers/CMSIS/Device/ST/STM32L0xx/Include -I../Drivers/CMSIS/Include -I../Middlewares/Third_Party/FreeRTOS/Source/include -I../Middlewares/Third_Party/FreeRTOS/Source/CMSIS_RTOS -I../Middlewares/Third_Party/FreeRTOS/Source/portable/GCC/ARM_CM0 -I"D:/Source_Tree_data/projects/NB_IoT/Update_OTA/upfirm_NB_IoT/Updata_OTA_NBIoT/MCU/HostClient/Host/LibMQTT/inc" -I"D:/Source_Tree_data/projects/NB_IoT/Update_OTA/upfirm_NB_IoT/Updata_OTA_NBIoT/MCU/HostClient/Host/own_lib/inc" -I"D:/Source_Tree_data/projects/NB_IoT/Update_OTA/upfirm_NB_IoT/Updata_OTA_NBIoT/MCU/HostClient/Host/BC66/Inc" -I"D:/Source_Tree_data/projects/NB_IoT/Update_OTA/upfirm_NB_IoT/Updata_OTA_NBIoT/MCU/HostClient/Host/connect" -I"D:/Source_Tree_data/projects/NB_IoT/Update_OTA/upfirm_NB_IoT/Updata_OTA_NBIoT/MCU/HostClient/Host/uartWinApp" -O0 -ffunction-sections -fdata-sections -Wall -fstack-usage -MMD -MP -MF"Core/Src/freertos.d" -MT"Core/Src/freertos.o" --specs=nano.specs -mfloat-abi=soft -mthumb -o "Core/Src/freertos.o"
arm-none-eabi-gcc "../Core/Src/main.c" -mcpu=cortex-m0plus -std=gnu11 -g3 -DDEBUG -DUSE_HAL_DRIVER -DSTM32L082xx -c -I../Core/Inc -I../Drivers/STM32L0xx_HAL_Driver/Inc -I../Drivers/STM32L0xx_HAL_Driver/Inc/Legacy -I../Drivers/CMSIS/Device/ST/STM32L0xx/Include -I../Drivers/CMSIS/Include -I../Middlewares/Third_Party/FreeRTOS/Source/include -I../Middlewares/Third_Party/FreeRTOS/Source/CMSIS_RTOS -I../Middlewares/Third_Party/FreeRTOS/Source/portable/GCC/ARM_CM0 -I"D:/Source_Tree_data/projects/NB_IoT/Update_OTA/upfirm_NB_IoT/Updata_OTA_NBIoT/MCU/HostClient/Host/LibMQTT/inc" -I"D:/Source_Tree_data/projects/NB_IoT/Update_OTA/upfirm_NB_IoT/Updata_OTA_NBIoT/MCU/HostClient/Host/own_lib/inc" -I"D:/Source_Tree_data/projects/NB_IoT/Update_OTA/upfirm_NB_IoT/Updata_OTA_NBIoT/MCU/HostClient/Host/BC66/Inc" -I"D:/Source_Tree_data/projects/NB_IoT/Update_OTA/upfirm_NB_IoT/Updata_OTA_NBIoT/MCU/HostClient/Host/connect" -I"D:/Source_Tree_data/projects/NB_IoT/Update_OTA/upfirm_NB_IoT/Updata_OTA_NBIoT/MCU/HostClient/Host/uartWinApp" -O0 -ffunction-sections -fdata-sections -Wall -fstack-usage -MMD -MP -MF"Core/Src/main.d" -MT"Core/Src/main.o" --specs=nano.specs -mfloat-abi=soft -mthumb -o "Core/Src/main.o"
arm-none-eabi-gcc "D:/Source_Tree_data/projects/NB_IoT/Update_OTA/upfirm_NB_IoT/Updata_OTA_NBIoT/MCU/HostClient/Host/BC66/Src/bc66_uart.c" -mcpu=cortex-m0plus -std=gnu11 -g3 -DDEBUG -DUSE_HAL_DRIVER -DSTM32L082xx -c -I../Core/Inc -I../Drivers/STM32L0xx_HAL_Driver/Inc -I../Drivers/STM32L0xx_HAL_Driver/Inc/Legacy -I../Drivers/CMSIS/Device/ST/STM32L0xx/Include -I../Drivers/CMSIS/Include -I../Middlewares/Third_Party/FreeRTOS/Source/include -I../Middlewares/Third_Party/FreeRTOS/Source/CMSIS_RTOS -I../Middlewares/Third_Party/FreeRTOS/Source/portable/GCC/ARM_CM0 -I"D:/Source_Tree_data/projects/NB_IoT/Update_OTA/upfirm_NB_IoT/Updata_OTA_NBIoT/MCU/HostClient/Host/LibMQTT/inc" -I"D:/Source_Tree_data/projects/NB_IoT/Update_OTA/upfirm_NB_IoT/Updata_OTA_NBIoT/MCU/HostClient/Host/own_lib/inc" -I"D:/Source_Tree_data/projects/NB_IoT/Update_OTA/upfirm_NB_IoT/Updata_OTA_NBIoT/MCU/HostClient/Host/BC66/Inc" -I"D:/Source_Tree_data/projects/NB_IoT/Update_OTA/upfirm_NB_IoT/Updata_OTA_NBIoT/MCU/HostClient/Host/connect" -I"D:/Source_Tree_data/projects/NB_IoT/Update_OTA/upfirm_NB_IoT/Updata_OTA_NBIoT/MCU/HostClient/Host/uartWinApp" -O0 -ffunction-sections -fdata-sections -Wall -fstack-usage -MMD -MP -MF"BC66/Src/bc66_uart.d" -MT"BC66/Src/bc66_uart.o" --specs=nano.specs -mfloat-abi=soft -mthumb -o "BC66/Src/bc66_uart.o"
D:/Source_Tree_data/projects/NB_IoT/Update_OTA/upfirm_NB_IoT/Updata_OTA_NBIoT/MCU/HostClient/Host/BC66/Src/bc66_uart.c:25:12: warning: initialization discards 'volatile' qualifier from pointer target type [-Wdiscarded-qualifiers]
   25 |   .pData = dType_water_NB_IoT.dType_bc66_receive.ui8buf_rx,
      |            ^~~~~~~~~~~~~~~~~~
[...]
../uartWinApp/uartWinApp.c:118:1: warning: control reaches end of non-void function [-Wreturn-type]
  118 | }
      | ^
At top level:
../uartWinApp/uartWinApp.c:38:21: warning: 'Ready_String' defined but not used [-Wunused-variable]
   38 | static sType_string Ready_String = {
      |                     ^~~~~~~~~~~~
arm-none-eabi-gcc "D:/Source_Tree_data/projects/NB_IoT/Update_OTA/upfirm_NB_IoT/Updata_OTA_NBIoT/MCU/HostClient/Host/BC66/Src/bc66_cmd.c" -mcpu=cortex-m0plus -std=gnu11 -g3 -DDEBUG -DUSE_HAL_DRIVER -DSTM32L082xx -c -I../Core/Inc -I../Drivers/STM32L0xx_HAL_Driver/Inc -I../Drivers/STM32L0xx_HAL_Driver/Inc/Legacy -I../Drivers/CMSIS/Device/ST/STM32L0xx/Include -I../Drivers/CMSIS/Include -I../Middlewares/Third_Party/FreeRTOS/Source/include -I../Middlewares/Third_Party/FreeRTOS/Source/CMSIS_RTOS -I../Middlewares/Third_Party/FreeRTOS/Source/portable/GCC/ARM_CM0 -I"D:/Source_Tree_data/projects/NB_IoT/Update_OTA/upfirm_NB_IoT/Updata_OTA_NBIoT/MCU/HostClient/Host/LibMQTT/inc" -I"D:/Source_Tree_data/projects/NB_IoT/Update_OTA/upfirm_NB_IoT/Updata_OTA_NBIoT/MCU/HostClient/Host/own_lib/inc" -I"D:/Source_Tree_data/projects/NB_IoT/Update_OTA/upfirm_NB_IoT/Updata_OTA_NBIoT/MCU/HostClient/Host/BC66/Inc" -I"D:/Source_Tree_data/projects/NB_IoT/Update_OTA/upfirm_NB_IoT/Updata_OTA_NBIoT/MCU/HostClient/Host/connect" -I"D:/Source_Tree_data/projects/NB_IoT/Update_OTA/upfirm_NB_IoT/Updata_OTA_NBIoT/MCU/HostClient/Host/uartWinApp" -O0 -ffunction-sections -fdata-sections -Wall -fstack-usage -MMD -MP -MF"BC66/Src/bc66_cmd.d" -MT"BC66/Src/bc66_cmd.o" --specs=nano.specs -mfloat-abi=soft -mthumb -o "BC66/Src/bc66_cmd.o"
arm-none-eabi-gcc "D:/Source_Tree_data/projects/NB_IoT/Update_OTA/upfirm_NB_IoT/Updata_OTA_NBIoT/MCU/HostClient/Host/BC66/Src/bc66_uart.c" -mcpu=cortex-m0plus -std=gnu11 -g3 -DDEBUG -DUSE_HAL_DRIVER -DSTM32L082xx -c -I../Core/Inc -I../Drivers/STM32L0xx_HAL_Driver/Inc -I../Drivers/STM32L0xx_HAL_Driver/Inc/Legacy -I../Drivers/CMSIS/Device/ST/STM32L0xx/Include -I../Drivers/CMSIS/Include -I../Middlewares/Third_Party/FreeRTOS/Source/include -I../Middlewares/Third_Party/FreeRTOS/Source/CMSIS_RTOS -I../Middlewares/Third_Party/FreeRTOS/Source/portable/GCC/ARM_CM0 -I"D:/Source_Tree_data/projects/NB_IoT/Update_OTA/upfirm_NB_IoT/Updata_OTA_NBIoT/MCU/HostClient/Host/LibMQTT/inc" -I"D:/Source_Tree_data/projects/NB_IoT/Update_OTA/upfirm_NB_IoT/Updata_OTA_NBIoT/MCU/HostClient/Host/own_lib/inc" -I"D:/Source_Tree_data/projects/NB_IoT/Update_OTA/upfirm_NB_IoT/Updata_OTA_NBIoT/MCU/HostClient/Host/BC66/Inc" -I"D:/Source_Tree_data/projects/NB_IoT/Update_OTA/upfirm_NB_IoT/Updata_OTA_NBIoT/MCU/HostClient/Host/connect" -I"D:/Source_Tree_data/projects/NB_IoT/Update_OTA/upfirm_NB_IoT/Updata_OTA_NBIoT/MCU/HostClient/Host/uartWinApp" -O0 -ffunction-sections -fdata-sections -Wall -fstack-usage -MMD -MP -MF"BC66/Src/bc66_uart.d" -MT"BC66/Src/bc66_uart.o" --specs=nano.specs -mfloat-abi=soft -mthumb -o "BC66/Src/bc66_uart.o"
arm-none-eabi-gcc "D:/Source_Tree_data/projects/NB_IoT/Update_OTA/upfirm_NB_IoT/Updata_OTA_NBIoT/MCU/HostClient/Host/BC66/Src/call_back_fnc.c" -mcpu=cortex-m0plus -std=gnu11 -g3 -DDEBUG -DUSE_HAL_DRIVER -DSTM32L082xx -c -I../Core/Inc -I../Drivers/STM32L0xx_HAL_Driver/Inc -I../Drivers/STM32L0xx_HAL_Driver/Inc/Legacy -I../Drivers/CMSIS/Device/ST/STM32L0xx/Include -I../Drivers/CMSIS/Include -I../Middlewares/Third_Party/FreeRTOS/Source/include -I../Middlewares/Third_Party/FreeRTOS/Source/CMSIS_RTOS -I../Middlewares/Third_Party/FreeRTOS/Source/portable/GCC/ARM_CM0 -I"D:/Source_Tree_data/projects/NB_IoT/Update_OTA/upfirm_NB_IoT/Updata_OTA_NBIoT/MCU/HostClient/Host/LibMQTT/inc" -I"D:/Source_Tree_data/projects/NB_IoT/Update_OTA/upfirm_NB_IoT/Updata_OTA_NBIoT/MCU/HostClient/Host/own_lib/inc" -I"D:/Source_Tree_data/projects/NB_IoT/Update_OTA/upfirm_NB_IoT/Updata_OTA_NBIoT/MCU/HostClient/Host/BC66/Inc" -I"D:/Source_Tree_data/projects/NB_IoT/Update_OTA/upfirm_NB_IoT/Updata_OTA_NBIoT/MCU/HostClient/Host/connect" -I"D:/Source_Tree_data/projects/NB_IoT/Update_OTA/upfirm_NB_IoT/Updata_OTA_NBIoT/MCU/HostClient/Host/uartWinApp" -O0 -ffunction-sections -fdata-sections -Wall -fstack-usage -MMD -MP -MF"BC66/Src/call_back_fnc.d" -MT"BC66/Src/call_back_fnc.o" --specs=nano.specs -mfloat-abi=soft -mthumb -o "BC66/Src/call_back_fnc.o"
D:/Source_Tree_data/projects/NB_IoT/Update_OTA/upfirm_NB_IoT/Updata_OTA_NBIoT/MCU/HostClient/Host/BC66/Src/bc66_uart.c:25:12: warning: initialization discards 'volatile' qualifier from pointer target type [-Wdiscarded-qualifiers]
   25 |   .pData = dType_water_NB_IoT.dType_bc66_receive.ui8buf_rx,
      |            ^~~~~~~~~~~~~~~~~~
D:/Source_Tree_data/projects/NB_IoT/Update_OTA/upfirm_NB_IoT/Updata_OTA_NBIoT/MCU/HostClient/Host/BC66/Src/bc66_uart.c: In function 'HAL_UART_RxCpltCallback':
D:/Source_Tree_data/projects/NB_IoT/Update_OTA/upfirm_NB_IoT/Updata_OTA_NBIoT/MCU/HostClient/Host/BC66/Src/bc66_uart.c:64:41: warning: passing argument 2 of 'HAL_UART_Receive_IT' discards 'volatile' qualifier from pointer target type [-Wdiscarded-qualifiers]
   64 |      HAL_UART_Receive_IT ( &uart_bc66 , &( dType_water_NB_IoT.dType_bc66_receive.ui8_rx_data ) , 1 ); //enable receive interrupt
      |                                         ^~~~~~~~~~~~~~~~~~~~~~~~~~~~~~~~~~~~~~~~~~~~~~~~~~~~~~
In file included from ../Core/Inc/stm32l0xx_hal_conf.h:280,
                 from ../Drivers/STM32L0xx_HAL_Driver/Inc/stm32l0xx_hal.h:30,
                 from ../Core/Inc/main.h:31,
                 from D:/Source_Tree_data/projects/NB_IoT/Update_OTA/upfirm_NB_IoT/Updata_OTA_NBIoT/MCU/HostClient/Host/BC66/Inc/bc66_uart.h:7,
                 from D:/Source_Tree_data/projects/NB_IoT/Update_OTA/upfirm_NB_IoT/Updata_OTA_NBIoT/MCU/HostClient/Host/BC66/Src/bc66_uart.c:9:
../Drivers/STM32L0xx_HAL_Driver/Inc/stm32l0xx_hal_uart.h:1491:75: note: expected 'uint8_t *' {aka 'unsigned char *'} but argument is of type 'volatile uint8_t *' {aka 'volatile unsigned char *'}
 1491 | HAL_StatusTypeDef HAL_UART_Receive_IT(UART_HandleTypeDef *huart, uint8_t *pData, uint16_t Size);
      |                                                                  ~~~~~~~~~^~~~~
D:/Source_Tree_data/projects/NB_IoT/Update_OTA/upfirm_NB_IoT/Updata_OTA_NBIoT/MCU/HostClient/Host/BC66/Src/bc66_uart.c:74:44: warning: passing argument 2 of 'HAL_UART_Receive_IT' discards 'volatile' qualifier from pointer target type [-Wdiscarded-qualifiers]
   74 |         HAL_UART_Receive_IT ( &uart_debug, &WinUart.data, 1 ); //enable receive interrupt
      |                                            ^~~~~~~~~~~~~
In file included from ../Core/Inc/stm32l0xx_hal_conf.h:280,
                 from ../Drivers/STM32L0xx_HAL_Driver/Inc/stm32l0xx_hal.h:30,
                 from ../Core/Inc/main.h:31,
                 from D:/Source_Tree_data/projects/NB_IoT/Update_OTA/upfirm_NB_IoT/Updata_OTA_NBIoT/MCU/HostClient/Host/BC66/Inc/bc66_uart.h:7,
                 from D:/Source_Tree_data/projects/NB_IoT/Update_OTA/upfirm_NB_IoT/Updata_OTA_NBIoT/MCU/HostClient/Host/BC66/Src/bc66_uart.c:9:
../Drivers/STM32L0xx_HAL_Driver/Inc/stm32l0xx_hal_uart.h:1491:75: note: expected 'uint8_t *' {aka 'unsigned char *'} but argument is of type 'volatile uint8_t *' {aka 'volatile unsigned char *'}
 1491 | HAL_StatusTypeDef HAL_UART_Receive_IT(UART_HandleTypeDef *huart, uint8_t *pData, uint16_t Size);
      |                                                                  ~~~~~~~~~^~~~~
D:/Source_Tree_data/projects/NB_IoT/Update_OTA/upfirm_NB_IoT/Updata_OTA_NBIoT/MCU/HostClient/Host/BC66/Src/bc66_uart.c: In function 'BC66_UART_Receive_Init':
D:/Source_Tree_data/projects/NB_IoT/Update_OTA/upfirm_NB_IoT/Updata_OTA_NBIoT/MCU/HostClient/Host/BC66/Src/bc66_uart.c:85:55: warning: assignment discards 'volatile' qualifier from pointer target type [-Wdiscarded-qualifiers]
   85 |  dType_water_NB_IoT.dType_bc66_receive.u8p_rx_pointer = dType_water_NB_IoT.dType_bc66_receive.ui8buf_rx;// pointer of dType_water_NB_IoT.dType_bc66_receive point to dType_bc66_receive buffer
      |                                                       ^
D:/Source_Tree_data/projects/NB_IoT/Update_OTA/upfirm_NB_IoT/Updata_OTA_NBIoT/MCU/HostClient/Host/BC66/Src/bc66_uart.c:90:37: warning: passing argument 2 of 'HAL_UART_Receive_IT' discards 'volatile' qualifier from pointer target type [-Wdiscarded-qualifiers]
   90 |  HAL_UART_Receive_IT ( &uart_bc66 , &(dType_water_NB_IoT.dType_bc66_receive.ui8_rx_data) , 1 ); //enable receive interrupt
      |                                     ^~~~~~~~~~~~~~~~~~~~~~~~~~~~~~~~~~~~~~~~~~~~~~~~~~~~
In file included from ../Core/Inc/stm32l0xx_hal_conf.h:280,
                 from ../Drivers/STM32L0xx_HAL_Driver/Inc/stm32l0xx_hal.h:30,
                 from ../Core/Inc/main.h:31,
                 from D:/Source_Tree_data/projects/NB_IoT/Update_OTA/upfirm_NB_IoT/Updata_OTA_NBIoT/MCU/HostClient/Host/BC66/Inc/bc66_uart.h:7,
                 from D:/Source_Tree_data/projects/NB_IoT/Update_OTA/upfirm_NB_IoT/Updata_OTA_NBIoT/MCU/HostClient/Host/BC66/Src/bc66_uart.c:9:
../Drivers/STM32L0xx_HAL_Driver/Inc/stm32l0xx_hal_uart.h:1491:75: note: expected 'uint8_t *' {aka 'unsigned char *'} but argument is of type 'volatile uint8_t *' {aka 'volatile unsigned char *'}
 1491 | HAL_StatusTypeDef HAL_UART_Receive_IT(UART_HandleTypeDef *huart, uint8_t *pData, uint16_t Size);
      |                                                                  ~~~~~~~~~^~~~~
D:/Source_Tree_data/projects/NB_IoT/Update_OTA/upfirm_NB_IoT/Updata_OTA_NBIoT/MCU/HostClient/Host/BC66/Src/bc66_uart.c: In function 'BC66_UART_Clear_BC66_Data':
D:/Source_Tree_data/projects/NB_IoT/Update_OTA/upfirm_NB_IoT/Updata_OTA_NBIoT/MCU/HostClient/Host/BC66/Src/bc66_uart.c:151:55: warning: assignment discards 'volatile' qualifier from pointer target type [-Wdiscarded-qualifiers]
  151 |  dType_water_NB_IoT.dType_bc66_receive.u8p_rx_pointer = dType_water_NB_IoT.dType_bc66_receive.ui8buf_rx;
      |                                                       ^
D:/Source_Tree_data/projects/NB_IoT/Update_OTA/upfirm_NB_IoT/Updata_OTA_NBIoT/MCU/HostClient/Host/BC66/Src/bc66_uart.c: In function 'BC66_UART_Check_Receive_Process_Status':
D:/Source_Tree_data/projects/NB_IoT/Update_OTA/upfirm_NB_IoT/Updata_OTA_NBIoT/MCU/HostClient/Host/BC66/Src/bc66_uart.c:139:1: warning: control reaches end of non-void function [-Wreturn-type]
  139 | }
      | ^
arm-none-eabi-gcc -o "Host.elf" @"objects.list"   -mcpu=cortex-m0plus -T"D:\Source_Tree_data\projects\NB_IoT\Update_OTA\upfirm_NB_IoT\Updata_OTA_NBIoT\MCU\HostClient\Host\STM32L082KZTX_FLASH.ld" --specs=nosys.specs -Wl,-Map="Host.map" -Wl,--gc-sections -static --specs=nano.specs -mfloat-abi=soft -mthumb -Wl,--start-group -lc -lm -Wl,--end-group
Finished building target: Host.elf
 
arm-none-eabi-objdump -h -S  Host.elf  > "Host.list"
arm-none-eabi-objcopy  -O binary  Host.elf  "Host.bin"
arm-none-eabi-size   Host.elf 
   text	   data	    bss	    dec	    hex	filename
  37772	   1024	   7056	  45852	   b31c	Host.elf
Finished building: default.size.stdout
 
Finished building: Host.bin
 
Finished building: Host.list
 
02:58:46 **** Incremental Build of configuration Debug for project Host ****
make -j4 all 
arm-none-eabi-size   Host.elf 
   text	   data	    bss	    dec	    hex	filename
  37772	   1024	   7056	  45852	   b31c	Host.elf
Finished building: default.size.stdout
 
02:59:02 **** Incremental Build of configuration Debug for project Host ****
make -j4 all 
arm-none-eabi-size   Host.elf 
   text	   data	    bss	    dec	    hex	filename
  37772	   1024	   7056	  45852	   b31c	Host.elf
Finished building: default.size.stdout
 
02:59:17 **** Incremental Build of configuration Debug for project Host ****
make -j4 all 
arm-none-eabi-size   Host.elf 
   text	   data	    bss	    dec	    hex	filename
  37772	   1024	   7056	  45852	   b31c	Host.elf
Finished building: default.size.stdout
 
02:59:32 **** Incremental Build of configuration Debug for project Host ****
make -j4 all 
arm-none-eabi-size   Host.elf 
   text	   data	    bss	    dec	    hex	filename
  37772	   1024	   7056	  45852	   b31c	Host.elf
Finished building: default.size.stdout
 
02:59:49 **** Incremental Build of configuration Debug for project Host ****
make -j4 all 
arm-none-eabi-size   Host.elf 
   text	   data	    bss	    dec	    hex	filename
  37772	   1024	   7056	  45852	   b31c	Host.elf
Finished building: default.size.stdout
 
03:00:09 **** Incremental Build of configuration Debug for project Host ****
make -j4 all 
arm-none-eabi-size   Host.elf 
   text	   data	    bss	    dec	    hex	filename
  37772	   1024	   7056	  45852	   b31c	Host.elf
Finished building: default.size.stdout
 
03:32:20 **** Incremental Build of configuration Debug for project Host ****
make -j4 all 
arm-none-eabi-size   Host.elf 
   text	   data	    bss	    dec	    hex	filename
  37772	   1024	   7056	  45852	   b31c	Host.elf
Finished building: default.size.stdout
 
03:38:40 **** Incremental Build of configuration Debug for project Host ****
make -j4 all 
arm-none-eabi-gcc "../connect/MQTT.c" -mcpu=cortex-m0plus -std=gnu11 -g3 -DDEBUG -DUSE_HAL_DRIVER -DSTM32L082xx -c -I../Core/Inc -I../Drivers/STM32L0xx_HAL_Driver/Inc -I../Drivers/STM32L0xx_HAL_Driver/Inc/Legacy -I../Drivers/CMSIS/Device/ST/STM32L0xx/Include -I../Drivers/CMSIS/Include -I../Middlewares/Third_Party/FreeRTOS/Source/include -I../Middlewares/Third_Party/FreeRTOS/Source/CMSIS_RTOS -I../Middlewares/Third_Party/FreeRTOS/Source/portable/GCC/ARM_CM0 -I"D:/Source_Tree_data/projects/NB_IoT/Update_OTA/upfirm_NB_IoT/Updata_OTA_NBIoT/MCU/HostClient/Host/LibMQTT/inc" -I"D:/Source_Tree_data/projects/NB_IoT/Update_OTA/upfirm_NB_IoT/Updata_OTA_NBIoT/MCU/HostClient/Host/own_lib/inc" -I"D:/Source_Tree_data/projects/NB_IoT/Update_OTA/upfirm_NB_IoT/Updata_OTA_NBIoT/MCU/HostClient/Host/BC66/Inc" -I"D:/Source_Tree_data/projects/NB_IoT/Update_OTA/upfirm_NB_IoT/Updata_OTA_NBIoT/MCU/HostClient/Host/connect" -I"D:/Source_Tree_data/projects/NB_IoT/Update_OTA/upfirm_NB_IoT/Updata_OTA_NBIoT/MCU/HostClient/Host/uartWinApp" -O0 -ffunction-sections -fdata-sections -Wall -fstack-usage -MMD -MP -MF"connect/MQTT.d" -MT"connect/MQTT.o" --specs=nano.specs -mfloat-abi=soft -mthumb -o "connect/MQTT.o"
arm-none-eabi-gcc -o "Host.elf" @"objects.list"   -mcpu=cortex-m0plus -T"D:\Source_Tree_data\projects\NB_IoT\Update_OTA\upfirm_NB_IoT\Updata_OTA_NBIoT\MCU\HostClient\Host\STM32L082KZTX_FLASH.ld" --specs=nosys.specs -Wl,-Map="Host.map" -Wl,--gc-sections -static --specs=nano.specs -mfloat-abi=soft -mthumb -Wl,--start-group -lc -lm -Wl,--end-group
Finished building target: Host.elf
 
arm-none-eabi-objdump -h -S  Host.elf  > "Host.list"
arm-none-eabi-objcopy  -O binary  Host.elf  "Host.bin"
arm-none-eabi-size   Host.elf 
   text	   data	    bss	    dec	    hex	filename
  37768	   1024	   7056	  45848	   b318	Host.elf
Finished building: default.size.stdout
 
Finished building: Host.bin
 
Finished building: Host.list
 
03:40:45 **** Incremental Build of configuration Debug for project Host ****
make -j4 all 
arm-none-eabi-size   Host.elf 
   text	   data	    bss	    dec	    hex	filename
  37768	   1024	   7056	  45848	   b318	Host.elf
Finished building: default.size.stdout
 
03:44:18 **** Incremental Build of configuration Debug for project Host ****
make -j4 all 
arm-none-eabi-size   Host.elf 
   text	   data	    bss	    dec	    hex	filename
  37768	   1024	   7056	  45848	   b318	Host.elf
Finished building: default.size.stdout
 
03:56:30 **** Incremental Build of configuration Debug for project Host ****
make -j4 all 
arm-none-eabi-gcc "D:/Source_Tree_data/projects/NB_IoT/Update_OTA/upfirm_NB_IoT/Updata_OTA_NBIoT/MCU/HostClient/Host/BC66/Src/call_back_fnc.c" -mcpu=cortex-m0plus -std=gnu11 -g3 -DDEBUG -DUSE_HAL_DRIVER -DSTM32L082xx -c -I../Core/Inc -I../Drivers/STM32L0xx_HAL_Driver/Inc -I../Drivers/STM32L0xx_HAL_Driver/Inc/Legacy -I../Drivers/CMSIS/Device/ST/STM32L0xx/Include -I../Drivers/CMSIS/Include -I../Middlewares/Third_Party/FreeRTOS/Source/include -I../Middlewares/Third_Party/FreeRTOS/Source/CMSIS_RTOS -I../Middlewares/Third_Party/FreeRTOS/Source/portable/GCC/ARM_CM0 -I"D:/Source_Tree_data/projects/NB_IoT/Update_OTA/upfirm_NB_IoT/Updata_OTA_NBIoT/MCU/HostClient/Host/LibMQTT/inc" -I"D:/Source_Tree_data/projects/NB_IoT/Update_OTA/upfirm_NB_IoT/Updata_OTA_NBIoT/MCU/HostClient/Host/own_lib/inc" -I"D:/Source_Tree_data/projects/NB_IoT/Update_OTA/upfirm_NB_IoT/Updata_OTA_NBIoT/MCU/HostClient/Host/BC66/Inc" -I"D:/Source_Tree_data/projects/NB_IoT/Update_OTA/upfirm_NB_IoT/Updata_OTA_NBIoT/MCU/HostClient/Host/connect" -I"D:/Source_Tree_data/projects/NB_IoT/Update_OTA/upfirm_NB_IoT/Updata_OTA_NBIoT/MCU/HostClient/Host/uartWinApp" -O0 -ffunction-sections -fdata-sections -Wall -fstack-usage -MMD -MP -MF"BC66/Src/call_back_fnc.d" -MT"BC66/Src/call_back_fnc.o" --specs=nano.specs -mfloat-abi=soft -mthumb -o "BC66/Src/call_back_fnc.o"
arm-none-eabi-gcc -o "Host.elf" @"objects.list"   -mcpu=cortex-m0plus -T"D:\Source_Tree_data\projects\NB_IoT\Update_OTA\upfirm_NB_IoT\Updata_OTA_NBIoT\MCU\HostClient\Host\STM32L082KZTX_FLASH.ld" --specs=nosys.specs -Wl,-Map="Host.map" -Wl,--gc-sections -static --specs=nano.specs -mfloat-abi=soft -mthumb -Wl,--start-group -lc -lm -Wl,--end-group
Finished building target: Host.elf
 
arm-none-eabi-objdump -h -S  Host.elf  > "Host.list"
arm-none-eabi-objcopy  -O binary  Host.elf  "Host.bin"
arm-none-eabi-size   Host.elf 
   text	   data	    bss	    dec	    hex	filename
  37768	   1024	   7056	  45848	   b318	Host.elf
Finished building: default.size.stdout
 
Finished building: Host.bin
 
Finished building: Host.list
 
04:06:24 **** Incremental Build of configuration Debug for project Host ****
make -j4 all 
arm-none-eabi-size   Host.elf 
   text	   data	    bss	    dec	    hex	filename
  37768	   1024	   7056	  45848	   b318	Host.elf
Finished building: default.size.stdout
 
04:11:28 **** Incremental Build of configuration Debug for project Host ****
make -j4 all 
arm-none-eabi-gcc "D:/Source_Tree_data/projects/NB_IoT/Update_OTA/upfirm_NB_IoT/Updata_OTA_NBIoT/MCU/HostClient/Host/BC66/Src/bc66_cmd.c" -mcpu=cortex-m0plus -std=gnu11 -g3 -DDEBUG -DUSE_HAL_DRIVER -DSTM32L082xx -c -I../Core/Inc -I../Drivers/STM32L0xx_HAL_Driver/Inc -I../Drivers/STM32L0xx_HAL_Driver/Inc/Legacy -I../Drivers/CMSIS/Device/ST/STM32L0xx/Include -I../Drivers/CMSIS/Include -I../Middlewares/Third_Party/FreeRTOS/Source/include -I../Middlewares/Third_Party/FreeRTOS/Source/CMSIS_RTOS -I../Middlewares/Third_Party/FreeRTOS/Source/portable/GCC/ARM_CM0 -I"D:/Source_Tree_data/projects/NB_IoT/Update_OTA/upfirm_NB_IoT/Updata_OTA_NBIoT/MCU/HostClient/Host/LibMQTT/inc" -I"D:/Source_Tree_data/projects/NB_IoT/Update_OTA/upfirm_NB_IoT/Updata_OTA_NBIoT/MCU/HostClient/Host/own_lib/inc" -I"D:/Source_Tree_data/projects/NB_IoT/Update_OTA/upfirm_NB_IoT/Updata_OTA_NBIoT/MCU/HostClient/Host/BC66/Inc" -I"D:/Source_Tree_data/projects/NB_IoT/Update_OTA/upfirm_NB_IoT/Updata_OTA_NBIoT/MCU/HostClient/Host/connect" -I"D:/Source_Tree_data/projects/NB_IoT/Update_OTA/upfirm_NB_IoT/Updata_OTA_NBIoT/MCU/HostClient/Host/uartWinApp" -O0 -ffunction-sections -fdata-sections -Wall -fstack-usage -MMD -MP -MF"BC66/Src/bc66_cmd.d" -MT"BC66/Src/bc66_cmd.o" --specs=nano.specs -mfloat-abi=soft -mthumb -o "BC66/Src/bc66_cmd.o"
arm-none-eabi-gcc -o "Host.elf" @"objects.list"   -mcpu=cortex-m0plus -T"D:\Source_Tree_data\projects\NB_IoT\Update_OTA\upfirm_NB_IoT\Updata_OTA_NBIoT\MCU\HostClient\Host\STM32L082KZTX_FLASH.ld" --specs=nosys.specs -Wl,-Map="Host.map" -Wl,--gc-sections -static --specs=nano.specs -mfloat-abi=soft -mthumb -Wl,--start-group -lc -lm -Wl,--end-group
Finished building target: Host.elf
 
arm-none-eabi-objdump -h -S  Host.elf  > "Host.list"
arm-none-eabi-objcopy  -O binary  Host.elf  "Host.bin"
arm-none-eabi-size   Host.elf 
   text	   data	    bss	    dec	    hex	filename
  37464	   1024	   7040	  45528	   b1d8	Host.elf
Finished building: default.size.stdout
 
Finished building: Host.bin
 
Finished building: Host.list
 
