../uartWinApp/uartWinApp.c:57:9:WinApp_Check_Time_Out	24	static
../uartWinApp/uartWinApp.c:67:9:fncAppZoneHandle	32	static
../uartWinApp/uartWinApp.c:82:9:fncIdHandle	24	static
../uartWinApp/uartWinApp.c:97:9:fncAddressHandle	8	static
../uartWinApp/uartWinApp.c:102:9:fncDataHandle	48	static
../uartWinApp/uartWinApp.c:118:9:fncEndHandle	8	static
../uartWinApp/uartWinApp.c:123:9:WinApp_UART_Check_Receive_Process_Status	8	static
../uartWinApp/uartWinApp.c:141:9:WinApp_Reset	8	static
../uartWinApp/uartWinApp.c:149:9:WinApp_Handle_UART_Receive	24	static
../uartWinApp/uartWinApp.c:163:6:Convert_length_to_array	40	static
../uartWinApp/uartWinApp.c:179:9:Push_BC66_Message_to_Queue	8	static
../uartWinApp/uartWinApp.c:186:9:Push_WinApp_Message_to_Queue	8	static
../uartWinApp/uartWinApp.c:193:9:Push_Message_to_Queue	16	static
../uartWinApp/uartWinApp.c:199:6:UART_Send_Data_To_Terminal	32	static
../uartWinApp/uartWinApp.c:209:9:WinApp_Find_Extract_Signal_To_An_Array	32	static
../uartWinApp/uartWinApp.c:231:9:WinApp_Find_Extract_Data_Signal_To_An_Array	40	static
