uartWinApp.c:56:9:WinApp_Check_Time_Out	24	static
uartWinApp.c:66:9:fncAppZoneHandle	32	static
uartWinApp.c:77:9:fncIdHandle	24	static
uartWinApp.c:87:9:fncAddressHandle	8	static
uartWinApp.c:92:9:fncDataHandle	8	static
uartWinApp.c:97:9:fncEndHandle	8	static
uartWinApp.c:102:9:WinApp_UART_Check_Receive_Process_Status	8	static
uartWinApp.c:120:9:WinApp_Reset	8	static
uartWinApp.c:128:9:WinApp_Handle_UART_Receive	24	static
uartWinApp.c:142:6:Convert_length_to_array	40	static
uartWinApp.c:158:9:Push_BC66_Message_to_Queue	8	static
uartWinApp.c:165:9:Push_WinApp_Message_to_Queue	8	static
uartWinApp.c:172:9:Push_Message_to_Queue	16	static
uartWinApp.c:178:6:UART_Send_Data_To_Terminal	32	static
uartWinApp.c:188:9:WinApp_Find_Extract_Signal_To_An_Array	32	static
