D:/Source_Tree_data/projects/NB_IoT/Update_OTA/upfirm_NB_IoT/Updata_OTA_NBIoT/MCU/HostClient/Host/own_lib/src/my_rtc.c:119:6:Get_RTC	8	static
D:/Source_Tree_data/projects/NB_IoT/Update_OTA/upfirm_NB_IoT/Updata_OTA_NBIoT/MCU/HostClient/Host/own_lib/src/my_rtc.c:139:9:Check_update_Time	16	static
D:/Source_Tree_data/projects/NB_IoT/Update_OTA/upfirm_NB_IoT/Updata_OTA_NBIoT/MCU/HostClient/Host/own_lib/src/my_rtc.c:156:9:Set_RTC_2	56	static
D:/Source_Tree_data/projects/NB_IoT/Update_OTA/upfirm_NB_IoT/Updata_OTA_NBIoT/MCU/HostClient/Host/own_lib/src/my_rtc.c:186:6:set_alarm_defaut_time	24	static
D:/Source_Tree_data/projects/NB_IoT/Update_OTA/upfirm_NB_IoT/Updata_OTA_NBIoT/MCU/HostClient/Host/own_lib/src/my_rtc.c:208:6:set_alarm_for_time	40	static
D:/Source_Tree_data/projects/NB_IoT/Update_OTA/upfirm_NB_IoT/Updata_OTA_NBIoT/MCU/HostClient/Host/own_lib/src/my_rtc.c:232:6:set_alarm_for_time_Duong	40	static
D:/Source_Tree_data/projects/NB_IoT/Update_OTA/upfirm_NB_IoT/Updata_OTA_NBIoT/MCU/HostClient/Host/own_lib/src/my_rtc.c:263:6:BC_RTC_StopAlarm	8	static
D:/Source_Tree_data/projects/NB_IoT/Update_OTA/upfirm_NB_IoT/Updata_OTA_NBIoT/MCU/HostClient/Host/own_lib/src/my_rtc.c:279:10:HW_RTC_GetCalendarValue	40	static
D:/Source_Tree_data/projects/NB_IoT/Update_OTA/upfirm_NB_IoT/Updata_OTA_NBIoT/MCU/HostClient/Host/own_lib/src/my_rtc.c:322:6:Convert_Time_GMT	16	static
D:/Source_Tree_data/projects/NB_IoT/Update_OTA/upfirm_NB_IoT/Updata_OTA_NBIoT/MCU/HostClient/Host/own_lib/src/my_rtc.c:365:6:Set_AlarmA_With_Interrupt_Duong	24	static
